F:/CubeIDE/h503_Git/m48-m33-mini-board-stm32h503/libraries/Drivers/STM32H5xx_HAL_Driver/Src/stm32h5xx_hal_rcc_ex.c:155:19:HAL_RCCEx_PeriphCLKConfig	200	static
F:/CubeIDE/h503_Git/m48-m33-mini-board-stm32h503/libraries/Drivers/STM32H5xx_HAL_Driver/Src/stm32h5xx_hal_rcc_ex.c:2450:6:HAL_RCCEx_GetPeriphCLKConfig	24	static
F:/CubeIDE/h503_Git/m48-m33-mini-board-stm32h503/libraries/Drivers/STM32H5xx_HAL_Driver/Src/stm32h5xx_hal_rcc_ex.c:2769:6:HAL_RCCEx_GetPLL1ClockFreq	48	static
F:/CubeIDE/h503_Git/m48-m33-mini-board-stm32h503/libraries/Drivers/STM32H5xx_HAL_Driver/Src/stm32h5xx_hal_rcc_ex.c:2906:6:HAL_RCCEx_GetPLL2ClockFreq	48	static
F:/CubeIDE/h503_Git/m48-m33-mini-board-stm32h503/libraries/Drivers/STM32H5xx_HAL_Driver/Src/stm32h5xx_hal_rcc_ex.c:3217:10:HAL_RCCEx_GetPeriphCLKFreq	56	static
F:/CubeIDE/h503_Git/m48-m33-mini-board-stm32h503/libraries/Drivers/STM32H5xx_HAL_Driver/Src/stm32h5xx_hal_rcc_ex.c:5265:19:HAL_RCCEx_EnablePLL2	24	static
F:/CubeIDE/h503_Git/m48-m33-mini-board-stm32h503/libraries/Drivers/STM32H5xx_HAL_Driver/Src/stm32h5xx_hal_rcc_ex.c:5353:19:HAL_RCCEx_DisablePLL2	16	static
F:/CubeIDE/h503_Git/m48-m33-mini-board-stm32h503/libraries/Drivers/STM32H5xx_HAL_Driver/Src/stm32h5xx_hal_rcc_ex.c:5517:6:HAL_RCCEx_WakeUpStopCLKConfig	16	static
F:/CubeIDE/h503_Git/m48-m33-mini-board-stm32h503/libraries/Drivers/STM32H5xx_HAL_Driver/Src/stm32h5xx_hal_rcc_ex.c:5532:6:HAL_RCCEx_KerWakeUpStopCLKConfig	16	static
F:/CubeIDE/h503_Git/m48-m33-mini-board-stm32h503/libraries/Drivers/STM32H5xx_HAL_Driver/Src/stm32h5xx_hal_rcc_ex.c:5546:6:HAL_RCCEx_EnableLSECSS	4	static
F:/CubeIDE/h503_Git/m48-m33-mini-board-stm32h503/libraries/Drivers/STM32H5xx_HAL_Driver/Src/stm32h5xx_hal_rcc_ex.c:5556:6:HAL_RCCEx_DisableLSECSS	4	static
F:/CubeIDE/h503_Git/m48-m33-mini-board-stm32h503/libraries/Drivers/STM32H5xx_HAL_Driver/Src/stm32h5xx_hal_rcc_ex.c:5565:6:HAL_RCCEx_LSECSS_IRQHandler	8	static
F:/CubeIDE/h503_Git/m48-m33-mini-board-stm32h503/libraries/Drivers/STM32H5xx_HAL_Driver/Src/stm32h5xx_hal_rcc_ex.c:5578:13:HAL_RCCEx_LSECSS_Callback	4	static
F:/CubeIDE/h503_Git/m48-m33-mini-board-stm32h503/libraries/Drivers/STM32H5xx_HAL_Driver/Src/stm32h5xx_hal_rcc_ex.c:5593:6:HAL_RCCEx_EnableLSCO	24	static
F:/CubeIDE/h503_Git/m48-m33-mini-board-stm32h503/libraries/Drivers/STM32H5xx_HAL_Driver/Src/stm32h5xx_hal_rcc_ex.c:5619:6:HAL_RCCEx_DisableLSCO	16	static
F:/CubeIDE/h503_Git/m48-m33-mini-board-stm32h503/libraries/Drivers/STM32H5xx_HAL_Driver/Src/stm32h5xx_hal_rcc_ex.c:5716:6:HAL_RCCEx_CRSConfig	24	static
F:/CubeIDE/h503_Git/m48-m33-mini-board-stm32h503/libraries/Drivers/STM32H5xx_HAL_Driver/Src/stm32h5xx_hal_rcc_ex.c:5758:6:HAL_RCCEx_CRSSoftwareSynchronizationGenerate	4	static
F:/CubeIDE/h503_Git/m48-m33-mini-board-stm32h503/libraries/Drivers/STM32H5xx_HAL_Driver/Src/stm32h5xx_hal_rcc_ex.c:5768:6:HAL_RCCEx_CRSGetSynchronizationInfo	16	static
F:/CubeIDE/h503_Git/m48-m33-mini-board-stm32h503/libraries/Drivers/STM32H5xx_HAL_Driver/Src/stm32h5xx_hal_rcc_ex.c:5801:10:HAL_RCCEx_CRSWaitSynchronization	24	static
F:/CubeIDE/h503_Git/m48-m33-mini-board-stm32h503/libraries/Drivers/STM32H5xx_HAL_Driver/Src/stm32h5xx_hal_rcc_ex.c:5884:6:HAL_RCCEx_CRS_IRQHandler	24	static
F:/CubeIDE/h503_Git/m48-m33-mini-board-stm32h503/libraries/Drivers/STM32H5xx_HAL_Driver/Src/stm32h5xx_hal_rcc_ex.c:5949:13:HAL_RCCEx_CRS_SyncOkCallback	4	static
F:/CubeIDE/h503_Git/m48-m33-mini-board-stm32h503/libraries/Drivers/STM32H5xx_HAL_Driver/Src/stm32h5xx_hal_rcc_ex.c:5960:13:HAL_RCCEx_CRS_SyncWarnCallback	4	static
F:/CubeIDE/h503_Git/m48-m33-mini-board-stm32h503/libraries/Drivers/STM32H5xx_HAL_Driver/Src/stm32h5xx_hal_rcc_ex.c:5971:13:HAL_RCCEx_CRS_ExpectedSyncCallback	4	static
F:/CubeIDE/h503_Git/m48-m33-mini-board-stm32h503/libraries/Drivers/STM32H5xx_HAL_Driver/Src/stm32h5xx_hal_rcc_ex.c:5987:13:HAL_RCCEx_CRS_ErrorCallback	16	static
F:/CubeIDE/h503_Git/m48-m33-mini-board-stm32h503/libraries/Drivers/STM32H5xx_HAL_Driver/Src/stm32h5xx_hal_rcc_ex.c:6016:26:RCCEx_PLLSource_Enable	24	static
F:/CubeIDE/h503_Git/m48-m33-mini-board-stm32h503/libraries/Drivers/STM32H5xx_HAL_Driver/Src/stm32h5xx_hal_rcc_ex.c:6104:26:RCCEx_PLL2_Config	24	static
