F:/CubeIDE/h503_Git/m48-m33-mini-board-stm32h503/libraries/Drivers/STM32H5xx_HAL_Driver/Src/stm32h5xx_hal_flash.c:162:19:HAL_FLASH_Program	32	static
F:/CubeIDE/h503_Git/m48-m33-mini-board-stm32h503/libraries/Drivers/STM32H5xx_HAL_Driver/Src/stm32h5xx_hal_flash.c:266:19:HAL_FLASH_Program_IT	32	static
F:/CubeIDE/h503_Git/m48-m33-mini-board-stm32h503/libraries/Drivers/STM32H5xx_HAL_Driver/Src/stm32h5xx_hal_flash.c:358:6:HAL_FLASH_IRQHandler	32	static
F:/CubeIDE/h503_Git/m48-m33-mini-board-stm32h503/libraries/Drivers/STM32H5xx_HAL_Driver/Src/stm32h5xx_hal_flash.c:488:13:HAL_FLASH_EndOfOperationCallback	16	static
F:/CubeIDE/h503_Git/m48-m33-mini-board-stm32h503/libraries/Drivers/STM32H5xx_HAL_Driver/Src/stm32h5xx_hal_flash.c:506:13:HAL_FLASH_OperationErrorCallback	16	static
F:/CubeIDE/h503_Git/m48-m33-mini-board-stm32h503/libraries/Drivers/STM32H5xx_HAL_Driver/Src/stm32h5xx_hal_flash.c:539:19:HAL_FLASH_Unlock	16	static
F:/CubeIDE/h503_Git/m48-m33-mini-board-stm32h503/libraries/Drivers/STM32H5xx_HAL_Driver/Src/stm32h5xx_hal_flash.c:581:19:HAL_FLASH_Lock	16	static
F:/CubeIDE/h503_Git/m48-m33-mini-board-stm32h503/libraries/Drivers/STM32H5xx_HAL_Driver/Src/stm32h5xx_hal_flash.c:615:19:HAL_FLASH_OB_Unlock	4	static
F:/CubeIDE/h503_Git/m48-m33-mini-board-stm32h503/libraries/Drivers/STM32H5xx_HAL_Driver/Src/stm32h5xx_hal_flash.c:637:19:HAL_FLASH_OB_Lock	4	static
F:/CubeIDE/h503_Git/m48-m33-mini-board-stm32h503/libraries/Drivers/STM32H5xx_HAL_Driver/Src/stm32h5xx_hal_flash.c:655:19:HAL_FLASH_OB_Launch	16	static
F:/CubeIDE/h503_Git/m48-m33-mini-board-stm32h503/libraries/Drivers/STM32H5xx_HAL_Driver/Src/stm32h5xx_hal_flash.c:700:10:HAL_FLASH_GetError	4	static
F:/CubeIDE/h503_Git/m48-m33-mini-board-stm32h503/libraries/Drivers/STM32H5xx_HAL_Driver/Src/stm32h5xx_hal_flash.c:724:19:FLASH_WaitForLastOperation	32	static
F:/CubeIDE/h503_Git/m48-m33-mini-board-stm32h503/libraries/Drivers/STM32H5xx_HAL_Driver/Src/stm32h5xx_hal_flash.c:804:13:FLASH_Program_QuadWord	48	static,ignoring_inline_asm
F:/CubeIDE/h503_Git/m48-m33-mini-board-stm32h503/libraries/Drivers/STM32H5xx_HAL_Driver/Src/stm32h5xx_hal_flash.c:889:13:FLASH_Program_HalfWord	24	static
