F:/CubeIDE/h503_Git/m48-m33-mini-board-stm32h503/libraries/Drivers/STM32H5xx_HAL_Driver/Src/stm32h5xx_hal.c:143:19:HAL_Init	8	static
F:/CubeIDE/h503_Git/m48-m33-mini-board-stm32h503/libraries/Drivers/STM32H5xx_HAL_Driver/Src/stm32h5xx_hal.c:174:19:HAL_DeInit	8	static
F:/CubeIDE/h503_Git/m48-m33-mini-board-stm32h503/libraries/Drivers/STM32H5xx_HAL_Driver/Src/stm32h5xx_hal.c:208:13:HAL_MspInit	4	static
F:/CubeIDE/h503_Git/m48-m33-mini-board-stm32h503/libraries/Drivers/STM32H5xx_HAL_Driver/Src/stm32h5xx_hal.c:219:13:HAL_MspDeInit	4	static
F:/CubeIDE/h503_Git/m48-m33-mini-board-stm32h503/libraries/Drivers/STM32H5xx_HAL_Driver/Src/stm32h5xx_hal.c:242:26:HAL_InitTick	16	static
F:/CubeIDE/h503_Git/m48-m33-mini-board-stm32h503/libraries/Drivers/STM32H5xx_HAL_Driver/Src/stm32h5xx_hal.c:304:13:HAL_IncTick	4	static
F:/CubeIDE/h503_Git/m48-m33-mini-board-stm32h503/libraries/Drivers/STM32H5xx_HAL_Driver/Src/stm32h5xx_hal.c:315:17:HAL_GetTick	4	static
F:/CubeIDE/h503_Git/m48-m33-mini-board-stm32h503/libraries/Drivers/STM32H5xx_HAL_Driver/Src/stm32h5xx_hal.c:324:10:HAL_GetTickPrio	4	static
F:/CubeIDE/h503_Git/m48-m33-mini-board-stm32h503/libraries/Drivers/STM32H5xx_HAL_Driver/Src/stm32h5xx_hal.c:333:19:HAL_SetTickFreq	24	static
F:/CubeIDE/h503_Git/m48-m33-mini-board-stm32h503/libraries/Drivers/STM32H5xx_HAL_Driver/Src/stm32h5xx_hal.c:366:21:HAL_GetTickFreq	4	static
F:/CubeIDE/h503_Git/m48-m33-mini-board-stm32h503/libraries/Drivers/STM32H5xx_HAL_Driver/Src/stm32h5xx_hal.c:382:13:HAL_Delay	24	static
F:/CubeIDE/h503_Git/m48-m33-mini-board-stm32h503/libraries/Drivers/STM32H5xx_HAL_Driver/Src/stm32h5xx_hal.c:408:13:HAL_SuspendTick	4	static
F:/CubeIDE/h503_Git/m48-m33-mini-board-stm32h503/libraries/Drivers/STM32H5xx_HAL_Driver/Src/stm32h5xx_hal.c:424:13:HAL_ResumeTick	4	static
F:/CubeIDE/h503_Git/m48-m33-mini-board-stm32h503/libraries/Drivers/STM32H5xx_HAL_Driver/Src/stm32h5xx_hal.c:434:10:HAL_GetHalVersion	4	static
F:/CubeIDE/h503_Git/m48-m33-mini-board-stm32h503/libraries/Drivers/STM32H5xx_HAL_Driver/Src/stm32h5xx_hal.c:443:10:HAL_GetREVID	4	static
F:/CubeIDE/h503_Git/m48-m33-mini-board-stm32h503/libraries/Drivers/STM32H5xx_HAL_Driver/Src/stm32h5xx_hal.c:452:10:HAL_GetDEVID	4	static
F:/CubeIDE/h503_Git/m48-m33-mini-board-stm32h503/libraries/Drivers/STM32H5xx_HAL_Driver/Src/stm32h5xx_hal.c:461:10:HAL_GetUIDw0	4	static
F:/CubeIDE/h503_Git/m48-m33-mini-board-stm32h503/libraries/Drivers/STM32H5xx_HAL_Driver/Src/stm32h5xx_hal.c:470:10:HAL_GetUIDw1	4	static
F:/CubeIDE/h503_Git/m48-m33-mini-board-stm32h503/libraries/Drivers/STM32H5xx_HAL_Driver/Src/stm32h5xx_hal.c:479:10:HAL_GetUIDw2	4	static
F:/CubeIDE/h503_Git/m48-m33-mini-board-stm32h503/libraries/Drivers/STM32H5xx_HAL_Driver/Src/stm32h5xx_hal.c:508:6:HAL_DBGMCU_EnableDBGStopMode	4	static
F:/CubeIDE/h503_Git/m48-m33-mini-board-stm32h503/libraries/Drivers/STM32H5xx_HAL_Driver/Src/stm32h5xx_hal.c:517:6:HAL_DBGMCU_DisableDBGStopMode	4	static
F:/CubeIDE/h503_Git/m48-m33-mini-board-stm32h503/libraries/Drivers/STM32H5xx_HAL_Driver/Src/stm32h5xx_hal.c:526:6:HAL_DBGMCU_EnableDBGStandbyMode	4	static
F:/CubeIDE/h503_Git/m48-m33-mini-board-stm32h503/libraries/Drivers/STM32H5xx_HAL_Driver/Src/stm32h5xx_hal.c:535:6:HAL_DBGMCU_DisableDBGStandbyMode	4	static
F:/CubeIDE/h503_Git/m48-m33-mini-board-stm32h503/libraries/Drivers/STM32H5xx_HAL_Driver/Src/stm32h5xx_hal.c:693:6:HAL_SBS_EnableVddIO1CompensationCell	4	static
F:/CubeIDE/h503_Git/m48-m33-mini-board-stm32h503/libraries/Drivers/STM32H5xx_HAL_Driver/Src/stm32h5xx_hal.c:704:6:HAL_SBS_DisableVddIO1CompensationCell	4	static
F:/CubeIDE/h503_Git/m48-m33-mini-board-stm32h503/libraries/Drivers/STM32H5xx_HAL_Driver/Src/stm32h5xx_hal.c:715:6:HAL_SBS_EnableVddIO2CompensationCell	4	static
F:/CubeIDE/h503_Git/m48-m33-mini-board-stm32h503/libraries/Drivers/STM32H5xx_HAL_Driver/Src/stm32h5xx_hal.c:726:6:HAL_SBS_DisableVddIO2CompensationCell	4	static
F:/CubeIDE/h503_Git/m48-m33-mini-board-stm32h503/libraries/Drivers/STM32H5xx_HAL_Driver/Src/stm32h5xx_hal.c:739:6:HAL_SBS_VDDCompensationCodeSelect	16	static
F:/CubeIDE/h503_Git/m48-m33-mini-board-stm32h503/libraries/Drivers/STM32H5xx_HAL_Driver/Src/stm32h5xx_hal.c:754:6:HAL_SBS_VDDIOCompensationCodeSelect	16	static
F:/CubeIDE/h503_Git/m48-m33-mini-board-stm32h503/libraries/Drivers/STM32H5xx_HAL_Driver/Src/stm32h5xx_hal.c:765:10:HAL_SBS_GetVddIO1CompensationCellReadyFlag	4	static
F:/CubeIDE/h503_Git/m48-m33-mini-board-stm32h503/libraries/Drivers/STM32H5xx_HAL_Driver/Src/stm32h5xx_hal.c:774:10:HAL_SBS_GetVddIO2CompensationCellReadyFlag	4	static
F:/CubeIDE/h503_Git/m48-m33-mini-board-stm32h503/libraries/Drivers/STM32H5xx_HAL_Driver/Src/stm32h5xx_hal.c:789:6:HAL_SBS_VDDCompensationCodeConfig	16	static
F:/CubeIDE/h503_Git/m48-m33-mini-board-stm32h503/libraries/Drivers/STM32H5xx_HAL_Driver/Src/stm32h5xx_hal.c:808:6:HAL_SBS_VDDIOCompensationCodeConfig	16	static
F:/CubeIDE/h503_Git/m48-m33-mini-board-stm32h503/libraries/Drivers/STM32H5xx_HAL_Driver/Src/stm32h5xx_hal.c:821:10:HAL_SBS_GetNMOSVddCompensationValue	4	static
F:/CubeIDE/h503_Git/m48-m33-mini-board-stm32h503/libraries/Drivers/STM32H5xx_HAL_Driver/Src/stm32h5xx_hal.c:830:10:HAL_SBS_GetPMOSVddCompensationValue	4	static
F:/CubeIDE/h503_Git/m48-m33-mini-board-stm32h503/libraries/Drivers/STM32H5xx_HAL_Driver/Src/stm32h5xx_hal.c:839:10:HAL_SBS_GetNMOSVddIO2CompensationValue	4	static
F:/CubeIDE/h503_Git/m48-m33-mini-board-stm32h503/libraries/Drivers/STM32H5xx_HAL_Driver/Src/stm32h5xx_hal.c:849:10:HAL_SBS_GetPMOSVddIO2CompensationValue	4	static
F:/CubeIDE/h503_Git/m48-m33-mini-board-stm32h503/libraries/Drivers/STM32H5xx_HAL_Driver/Src/stm32h5xx_hal.c:859:6:HAL_SBS_FLASH_DisableECCNMI	4	static
F:/CubeIDE/h503_Git/m48-m33-mini-board-stm32h503/libraries/Drivers/STM32H5xx_HAL_Driver/Src/stm32h5xx_hal.c:869:6:HAL_SBS_FLASH_EnableECCNMI	4	static
F:/CubeIDE/h503_Git/m48-m33-mini-board-stm32h503/libraries/Drivers/STM32H5xx_HAL_Driver/Src/stm32h5xx_hal.c:879:10:HAL_SBS_FLASH_ECCNMI_IsDisabled	4	static
F:/CubeIDE/h503_Git/m48-m33-mini-board-stm32h503/libraries/Drivers/STM32H5xx_HAL_Driver/Src/stm32h5xx_hal.c:907:6:HAL_SBS_IncrementHDPLValue	4	static
F:/CubeIDE/h503_Git/m48-m33-mini-board-stm32h503/libraries/Drivers/STM32H5xx_HAL_Driver/Src/stm32h5xx_hal.c:922:10:HAL_SBS_GetHDPLValue	4	static
F:/CubeIDE/h503_Git/m48-m33-mini-board-stm32h503/libraries/Drivers/STM32H5xx_HAL_Driver/Src/stm32h5xx_hal.c:1040:6:HAL_SBS_OpenAccessPort	4	static
F:/CubeIDE/h503_Git/m48-m33-mini-board-stm32h503/libraries/Drivers/STM32H5xx_HAL_Driver/Src/stm32h5xx_hal.c:1050:6:HAL_SBS_OpenDebug	4	static
F:/CubeIDE/h503_Git/m48-m33-mini-board-stm32h503/libraries/Drivers/STM32H5xx_HAL_Driver/Src/stm32h5xx_hal.c:1063:19:HAL_SBS_ConfigDebugLevel	16	static
F:/CubeIDE/h503_Git/m48-m33-mini-board-stm32h503/libraries/Drivers/STM32H5xx_HAL_Driver/Src/stm32h5xx_hal.c:1085:10:HAL_SBS_GetDebugLevel	4	static
F:/CubeIDE/h503_Git/m48-m33-mini-board-stm32h503/libraries/Drivers/STM32H5xx_HAL_Driver/Src/stm32h5xx_hal.c:1096:6:HAL_SBS_LockDebugConfig	4	static
F:/CubeIDE/h503_Git/m48-m33-mini-board-stm32h503/libraries/Drivers/STM32H5xx_HAL_Driver/Src/stm32h5xx_hal.c:1152:6:HAL_SBS_Lock	16	static
F:/CubeIDE/h503_Git/m48-m33-mini-board-stm32h503/libraries/Drivers/STM32H5xx_HAL_Driver/Src/stm32h5xx_hal.c:1173:19:HAL_SBS_GetLock	24	static
