../../../libraries/Drivers/CMSIS/Include/core_cm33.h:2359:22:__NVIC_SetPriorityGrouping	24	static
../../../libraries/Drivers/CMSIS/Include/core_cm33.h:2378:26:__NVIC_GetPriorityGrouping	4	static
../../../libraries/Drivers/CMSIS/Include/core_cm33.h:2390:22:__NVIC_EnableIRQ	16	static,ignoring_inline_asm
../../../libraries/Drivers/CMSIS/Include/core_cm33.h:2428:22:__NVIC_DisableIRQ	16	static,ignoring_inline_asm
../../../libraries/Drivers/CMSIS/Include/core_cm33.h:2447:26:__NVIC_GetPendingIRQ	16	static
../../../libraries/Drivers/CMSIS/Include/core_cm33.h:2466:22:__NVIC_SetPendingIRQ	16	static
../../../libraries/Drivers/CMSIS/Include/core_cm33.h:2481:22:__NVIC_ClearPendingIRQ	16	static
../../../libraries/Drivers/CMSIS/Include/core_cm33.h:2498:26:__NVIC_GetActive	16	static
../../../libraries/Drivers/CMSIS/Include/core_cm33.h:2587:22:__NVIC_SetPriority	16	static
../../../libraries/Drivers/CMSIS/Include/core_cm33.h:2609:26:__NVIC_GetPriority	16	static
../../../libraries/Drivers/CMSIS/Include/core_cm33.h:2634:26:NVIC_EncodePriority	40	static
../../../libraries/Drivers/CMSIS/Include/core_cm33.h:2661:22:NVIC_DecodePriority	40	static
../../../libraries/Drivers/CMSIS/Include/core_cm33.h:2711:34:__NVIC_SystemReset	4	static,ignoring_inline_asm
../../../libraries/Drivers/CMSIS/Include/core_cm33.h:3140:26:SysTick_Config	16	static
F:/CubeIDE/h503_Git/m48-m33-mini-board-stm32h503/libraries/Drivers/STM32H5xx_HAL_Driver/Src/stm32h5xx_hal_cortex.c:184:6:HAL_NVIC_SetPriorityGrouping	16	static
F:/CubeIDE/h503_Git/m48-m33-mini-board-stm32h503/libraries/Drivers/STM32H5xx_HAL_Driver/Src/stm32h5xx_hal_cortex.c:207:6:HAL_NVIC_SetPriority	32	static
F:/CubeIDE/h503_Git/m48-m33-mini-board-stm32h503/libraries/Drivers/STM32H5xx_HAL_Driver/Src/stm32h5xx_hal_cortex.c:230:6:HAL_NVIC_EnableIRQ	16	static
F:/CubeIDE/h503_Git/m48-m33-mini-board-stm32h503/libraries/Drivers/STM32H5xx_HAL_Driver/Src/stm32h5xx_hal_cortex.c:247:6:HAL_NVIC_DisableIRQ	16	static
F:/CubeIDE/h503_Git/m48-m33-mini-board-stm32h503/libraries/Drivers/STM32H5xx_HAL_Driver/Src/stm32h5xx_hal_cortex.c:260:6:HAL_NVIC_SystemReset	8	static
F:/CubeIDE/h503_Git/m48-m33-mini-board-stm32h503/libraries/Drivers/STM32H5xx_HAL_Driver/Src/stm32h5xx_hal_cortex.c:270:10:HAL_NVIC_GetPriorityGrouping	8	static
F:/CubeIDE/h503_Git/m48-m33-mini-board-stm32h503/libraries/Drivers/STM32H5xx_HAL_Driver/Src/stm32h5xx_hal_cortex.c:298:6:HAL_NVIC_GetPriority	24	static
F:/CubeIDE/h503_Git/m48-m33-mini-board-stm32h503/libraries/Drivers/STM32H5xx_HAL_Driver/Src/stm32h5xx_hal_cortex.c:315:6:HAL_NVIC_SetPendingIRQ	16	static
F:/CubeIDE/h503_Git/m48-m33-mini-board-stm32h503/libraries/Drivers/STM32H5xx_HAL_Driver/Src/stm32h5xx_hal_cortex.c:331:10:HAL_NVIC_GetPendingIRQ	16	static
F:/CubeIDE/h503_Git/m48-m33-mini-board-stm32h503/libraries/Drivers/STM32H5xx_HAL_Driver/Src/stm32h5xx_hal_cortex.c:345:6:HAL_NVIC_ClearPendingIRQ	16	static
F:/CubeIDE/h503_Git/m48-m33-mini-board-stm32h503/libraries/Drivers/STM32H5xx_HAL_Driver/Src/stm32h5xx_hal_cortex.c:360:10:HAL_NVIC_GetActive	16	static
F:/CubeIDE/h503_Git/m48-m33-mini-board-stm32h503/libraries/Drivers/STM32H5xx_HAL_Driver/Src/stm32h5xx_hal_cortex.c:393:10:HAL_SYSTICK_Config	16	static
F:/CubeIDE/h503_Git/m48-m33-mini-board-stm32h503/libraries/Drivers/STM32H5xx_HAL_Driver/Src/stm32h5xx_hal_cortex.c:408:6:HAL_SYSTICK_CLKSourceConfig	16	static
F:/CubeIDE/h503_Git/m48-m33-mini-board-stm32h503/libraries/Drivers/STM32H5xx_HAL_Driver/Src/stm32h5xx_hal_cortex.c:443:6:HAL_SYSTICK_IRQHandler	8	static
F:/CubeIDE/h503_Git/m48-m33-mini-board-stm32h503/libraries/Drivers/STM32H5xx_HAL_Driver/Src/stm32h5xx_hal_cortex.c:452:13:HAL_SYSTICK_Callback	4	static
F:/CubeIDE/h503_Git/m48-m33-mini-board-stm32h503/libraries/Drivers/STM32H5xx_HAL_Driver/Src/stm32h5xx_hal_cortex.c:489:6:HAL_MPU_Enable	16	static,ignoring_inline_asm
F:/CubeIDE/h503_Git/m48-m33-mini-board-stm32h503/libraries/Drivers/STM32H5xx_HAL_Driver/Src/stm32h5xx_hal_cortex.c:538:6:HAL_MPU_Disable	4	static,ignoring_inline_asm
F:/CubeIDE/h503_Git/m48-m33-mini-board-stm32h503/libraries/Drivers/STM32H5xx_HAL_Driver/Src/stm32h5xx_hal_cortex.c:582:6:HAL_MPU_ConfigRegion	16	static
F:/CubeIDE/h503_Git/m48-m33-mini-board-stm32h503/libraries/Drivers/STM32H5xx_HAL_Driver/Src/stm32h5xx_hal_cortex.c:606:6:HAL_MPU_ConfigMemoryAttributes	16	static
F:/CubeIDE/h503_Git/m48-m33-mini-board-stm32h503/libraries/Drivers/STM32H5xx_HAL_Driver/Src/stm32h5xx_hal_cortex.c:645:13:MPU_ConfigRegion	16	static,ignoring_inline_asm
F:/CubeIDE/h503_Git/m48-m33-mini-board-stm32h503/libraries/Drivers/STM32H5xx_HAL_Driver/Src/stm32h5xx_hal_cortex.c:693:13:MPU_ConfigMemoryAttributes	32	static,ignoring_inline_asm
