Archive member included to satisfy reference by file (symbol)

F:/CubeIDE1.14.1/STM32CubeIDE_1.14.1/STM32CubeIDE/plugins/com.st.stm32cube.ide.mcu.externaltools.gnu-tools-for-stm32.11.3.rel1.win32_1.1.100.202309141235/tools/bin/../lib/gcc/arm-none-eabi/11.3.1/../../../../arm-none-eabi/lib/thumb/v8-m.main+fp/hard\libc_nano.a(libc_a-exit.o)
                              F:/CubeIDE1.14.1/STM32CubeIDE_1.14.1/STM32CubeIDE/plugins/com.st.stm32cube.ide.mcu.externaltools.gnu-tools-for-stm32.11.3.rel1.win32_1.1.100.202309141235/tools/bin/../lib/gcc/arm-none-eabi/11.3.1/../../../../arm-none-eabi/lib/thumb/v8-m.main+fp/hard/crt0.o (exit)
F:/CubeIDE1.14.1/STM32CubeIDE_1.14.1/STM32CubeIDE/plugins/com.st.stm32cube.ide.mcu.externaltools.gnu-tools-for-stm32.11.3.rel1.win32_1.1.100.202309141235/tools/bin/../lib/gcc/arm-none-eabi/11.3.1/../../../../arm-none-eabi/lib/thumb/v8-m.main+fp/hard\libc_nano.a(libc_a-findfp.o)
                              F:/CubeIDE1.14.1/STM32CubeIDE_1.14.1/STM32CubeIDE/plugins/com.st.stm32cube.ide.mcu.externaltools.gnu-tools-for-stm32.11.3.rel1.win32_1.1.100.202309141235/tools/bin/../lib/gcc/arm-none-eabi/11.3.1/../../../../arm-none-eabi/lib/thumb/v8-m.main+fp/hard\libc_nano.a(libc_a-exit.o) (__stdio_exit_handler)
F:/CubeIDE1.14.1/STM32CubeIDE_1.14.1/STM32CubeIDE/plugins/com.st.stm32cube.ide.mcu.externaltools.gnu-tools-for-stm32.11.3.rel1.win32_1.1.100.202309141235/tools/bin/../lib/gcc/arm-none-eabi/11.3.1/../../../../arm-none-eabi/lib/thumb/v8-m.main+fp/hard\libc_nano.a(libc_a-fwalk.o)
                              F:/CubeIDE1.14.1/STM32CubeIDE_1.14.1/STM32CubeIDE/plugins/com.st.stm32cube.ide.mcu.externaltools.gnu-tools-for-stm32.11.3.rel1.win32_1.1.100.202309141235/tools/bin/../lib/gcc/arm-none-eabi/11.3.1/../../../../arm-none-eabi/lib/thumb/v8-m.main+fp/hard\libc_nano.a(libc_a-findfp.o) (_fwalk_sglue)
F:/CubeIDE1.14.1/STM32CubeIDE_1.14.1/STM32CubeIDE/plugins/com.st.stm32cube.ide.mcu.externaltools.gnu-tools-for-stm32.11.3.rel1.win32_1.1.100.202309141235/tools/bin/../lib/gcc/arm-none-eabi/11.3.1/../../../../arm-none-eabi/lib/thumb/v8-m.main+fp/hard\libc_nano.a(libc_a-putchar.o)
                              ./Core/Src/main.o (putchar)
F:/CubeIDE1.14.1/STM32CubeIDE_1.14.1/STM32CubeIDE/plugins/com.st.stm32cube.ide.mcu.externaltools.gnu-tools-for-stm32.11.3.rel1.win32_1.1.100.202309141235/tools/bin/../lib/gcc/arm-none-eabi/11.3.1/../../../../arm-none-eabi/lib/thumb/v8-m.main+fp/hard\libc_nano.a(libc_a-puts.o)
                              ./Core/Src/main.o (puts)
F:/CubeIDE1.14.1/STM32CubeIDE_1.14.1/STM32CubeIDE/plugins/com.st.stm32cube.ide.mcu.externaltools.gnu-tools-for-stm32.11.3.rel1.win32_1.1.100.202309141235/tools/bin/../lib/gcc/arm-none-eabi/11.3.1/../../../../arm-none-eabi/lib/thumb/v8-m.main+fp/hard\libc_nano.a(libc_a-stdio.o)
                              F:/CubeIDE1.14.1/STM32CubeIDE_1.14.1/STM32CubeIDE/plugins/com.st.stm32cube.ide.mcu.externaltools.gnu-tools-for-stm32.11.3.rel1.win32_1.1.100.202309141235/tools/bin/../lib/gcc/arm-none-eabi/11.3.1/../../../../arm-none-eabi/lib/thumb/v8-m.main+fp/hard\libc_nano.a(libc_a-findfp.o) (__sread)
F:/CubeIDE1.14.1/STM32CubeIDE_1.14.1/STM32CubeIDE/plugins/com.st.stm32cube.ide.mcu.externaltools.gnu-tools-for-stm32.11.3.rel1.win32_1.1.100.202309141235/tools/bin/../lib/gcc/arm-none-eabi/11.3.1/../../../../arm-none-eabi/lib/thumb/v8-m.main+fp/hard\libc_nano.a(libc_a-wbuf.o)
                              F:/CubeIDE1.14.1/STM32CubeIDE_1.14.1/STM32CubeIDE/plugins/com.st.stm32cube.ide.mcu.externaltools.gnu-tools-for-stm32.11.3.rel1.win32_1.1.100.202309141235/tools/bin/../lib/gcc/arm-none-eabi/11.3.1/../../../../arm-none-eabi/lib/thumb/v8-m.main+fp/hard\libc_nano.a(libc_a-puts.o) (__swbuf_r)
F:/CubeIDE1.14.1/STM32CubeIDE_1.14.1/STM32CubeIDE/plugins/com.st.stm32cube.ide.mcu.externaltools.gnu-tools-for-stm32.11.3.rel1.win32_1.1.100.202309141235/tools/bin/../lib/gcc/arm-none-eabi/11.3.1/../../../../arm-none-eabi/lib/thumb/v8-m.main+fp/hard\libc_nano.a(libc_a-wsetup.o)
                              F:/CubeIDE1.14.1/STM32CubeIDE_1.14.1/STM32CubeIDE/plugins/com.st.stm32cube.ide.mcu.externaltools.gnu-tools-for-stm32.11.3.rel1.win32_1.1.100.202309141235/tools/bin/../lib/gcc/arm-none-eabi/11.3.1/../../../../arm-none-eabi/lib/thumb/v8-m.main+fp/hard\libc_nano.a(libc_a-puts.o) (__swsetup_r)
F:/CubeIDE1.14.1/STM32CubeIDE_1.14.1/STM32CubeIDE/plugins/com.st.stm32cube.ide.mcu.externaltools.gnu-tools-for-stm32.11.3.rel1.win32_1.1.100.202309141235/tools/bin/../lib/gcc/arm-none-eabi/11.3.1/../../../../arm-none-eabi/lib/thumb/v8-m.main+fp/hard\libc_nano.a(libc_a-memset.o)
                              F:/CubeIDE1.14.1/STM32CubeIDE_1.14.1/STM32CubeIDE/plugins/com.st.stm32cube.ide.mcu.externaltools.gnu-tools-for-stm32.11.3.rel1.win32_1.1.100.202309141235/tools/bin/../lib/gcc/arm-none-eabi/11.3.1/../../../../arm-none-eabi/lib/thumb/v8-m.main+fp/hard/crt0.o (memset)
[...]
Memory Configuration

Name             Origin             Length             Attributes
RAM              0x0000000020000000 0x0000000000008000 xrw
FLASH            0x0000000008000000 0x0000000000020000 xr
*default*        0x0000000000000000 0xffffffffffffffff

Linker script and memory map

LOAD F:/CubeIDE1.14.1/STM32CubeIDE_1.14.1/STM32CubeIDE/plugins/com.st.stm32cube.ide.mcu.externaltools.gnu-tools-for-stm32.11.3.rel1.win32_1.1.100.202309141235/tools/bin/../lib/gcc/arm-none-eabi/11.3.1/thumb/v8-m.main+fp/hard/crti.o
LOAD F:/CubeIDE1.14.1/STM32CubeIDE_1.14.1/STM32CubeIDE/plugins/com.st.stm32cube.ide.mcu.externaltools.gnu-tools-for-stm32.11.3.rel1.win32_1.1.100.202309141235/tools/bin/../lib/gcc/arm-none-eabi/11.3.1/thumb/v8-m.main+fp/hard/crtbegin.o
LOAD F:/CubeIDE1.14.1/STM32CubeIDE_1.14.1/STM32CubeIDE/plugins/com.st.stm32cube.ide.mcu.externaltools.gnu-tools-for-stm32.11.3.rel1.win32_1.1.100.202309141235/tools/bin/../lib/gcc/arm-none-eabi/11.3.1/../../../../arm-none-eabi/lib/thumb/v8-m.main+fp/hard/crt0.o
LOAD ./BSP/LCD/lcd.o
LOAD ./BSP/LED/led.o
LOAD ./Core/Src/gpio.o
LOAD ./Core/Src/icache.o
LOAD ./Core/Src/main.o
LOAD ./Core/Src/memorymap.o
LOAD ./Core/Src/spi.o
LOAD ./Core/Src/stm32h5xx_hal_msp.o
LOAD ./Core/Src/stm32h5xx_it.o
LOAD ./Core/Src/syscalls.o
LOAD ./Core/Src/sysmem.o
LOAD ./Core/Src/system_stm32h5xx.o
LOAD ./Core/Src/usart.o
LOAD ./Core/Startup/startup_stm32h503cbtx.o
LOAD ./libraries/Drivers/STM32H5xx_HAL_Driver/Src/stm32h5xx_hal.o
LOAD ./libraries/Drivers/STM32H5xx_HAL_Driver/Src/stm32h5xx_hal_adc.o
LOAD ./libraries/Drivers/STM32H5xx_HAL_Driver/Src/stm32h5xx_hal_adc_ex.o
LOAD ./libraries/Drivers/STM32H5xx_HAL_Driver/Src/stm32h5xx_hal_cortex.o
LOAD ./libraries/Drivers/STM32H5xx_HAL_Driver/Src/stm32h5xx_hal_dac.o
LOAD ./libraries/Drivers/STM32H5xx_HAL_Driver/Src/stm32h5xx_hal_dac_ex.o
LOAD ./libraries/Drivers/STM32H5xx_HAL_Driver/Src/stm32h5xx_hal_dma.o
LOAD ./libraries/Drivers/STM32H5xx_HAL_Driver/Src/stm32h5xx_hal_dma_ex.o
LOAD ./libraries/Drivers/STM32H5xx_HAL_Driver/Src/stm32h5xx_hal_exti.o
LOAD ./libraries/Drivers/STM32H5xx_HAL_Driver/Src/stm32h5xx_hal_flash.o
LOAD ./libraries/Drivers/STM32H5xx_HAL_Driver/Src/stm32h5xx_hal_flash_ex.o
LOAD ./libraries/Drivers/STM32H5xx_HAL_Driver/Src/stm32h5xx_hal_gpio.o
LOAD ./libraries/Drivers/STM32H5xx_HAL_Driver/Src/stm32h5xx_hal_icache.o
LOAD ./libraries/Drivers/STM32H5xx_HAL_Driver/Src/stm32h5xx_hal_iwdg.o
LOAD ./libraries/Drivers/STM32H5xx_HAL_Driver/Src/stm32h5xx_hal_pcd.o
LOAD ./libraries/Drivers/STM32H5xx_HAL_Driver/Src/stm32h5xx_hal_pcd_ex.o
LOAD ./libraries/Drivers/STM32H5xx_HAL_Driver/Src/stm32h5xx_hal_pwr.o
LOAD ./libraries/Drivers/STM32H5xx_HAL_Driver/Src/stm32h5xx_hal_pwr_ex.o
LOAD ./libraries/Drivers/STM32H5xx_HAL_Driver/Src/stm32h5xx_hal_rcc.o
LOAD ./libraries/Drivers/STM32H5xx_HAL_Driver/Src/stm32h5xx_hal_rcc_ex.o
LOAD ./libraries/Drivers/STM32H5xx_HAL_Driver/Src/stm32h5xx_hal_rng.o
LOAD ./libraries/Drivers/STM32H5xx_HAL_Driver/Src/stm32h5xx_hal_rng_ex.o
LOAD ./libraries/Drivers/STM32H5xx_HAL_Driver/Src/stm32h5xx_hal_rtc.o
LOAD ./libraries/Drivers/STM32H5xx_HAL_Driver/Src/stm32h5xx_hal_rtc_ex.o
LOAD ./libraries/Drivers/STM32H5xx_HAL_Driver/Src/stm32h5xx_hal_spi.o
LOAD ./libraries/Drivers/STM32H5xx_HAL_Driver/Src/stm32h5xx_hal_spi_ex.o
LOAD ./libraries/Drivers/STM32H5xx_HAL_Driver/Src/stm32h5xx_hal_tim.o
LOAD ./libraries/Drivers/STM32H5xx_HAL_Driver/Src/stm32h5xx_hal_tim_ex.o
LOAD ./libraries/Drivers/STM32H5xx_HAL_Driver/Src/stm32h5xx_hal_uart.o
LOAD ./libraries/Drivers/STM32H5xx_HAL_Driver/Src/stm32h5xx_hal_uart_ex.o
LOAD ./libraries/Drivers/STM32H5xx_HAL_Driver/Src/stm32h5xx_hal_wwdg.o
LOAD ./libraries/Drivers/STM32H5xx_HAL_Driver/Src/stm32h5xx_ll_usb.o
START GROUP
LOAD F:/CubeIDE1.14.1/STM32CubeIDE_1.14.1/STM32CubeIDE/plugins/com.st.stm32cube.ide.mcu.externaltools.gnu-tools-for-stm32.11.3.rel1.win32_1.1.100.202309141235/tools/bin/../lib/gcc/arm-none-eabi/11.3.1/../../../../arm-none-eabi/lib/thumb/v8-m.main+fp/hard\libc_nano.a
LOAD F:/CubeIDE1.14.1/STM32CubeIDE_1.14.1/STM32CubeIDE/plugins/com.st.stm32cube.ide.mcu.externaltools.gnu-tools-for-stm32.11.3.rel1.win32_1.1.100.202309141235/tools/bin/../lib/gcc/arm-none-eabi/11.3.1/../../../../arm-none-eabi/lib/thumb/v8-m.main+fp/hard\libm.a
END GROUP
START GROUP
LOAD F:/CubeIDE1.14.1/STM32CubeIDE_1.14.1/STM32CubeIDE/plugins/com.st.stm32cube.ide.mcu.externaltools.gnu-tools-for-stm32.11.3.rel1.win32_1.1.100.202309141235/tools/bin/../lib/gcc/arm-none-eabi/11.3.1/thumb/v8-m.main+fp/hard\libgcc.a
LOAD F:/CubeIDE1.14.1/STM32CubeIDE_1.14.1/STM32CubeIDE/plugins/com.st.stm32cube.ide.mcu.externaltools.gnu-tools-for-stm32.11.3.rel1.win32_1.1.100.202309141235/tools/bin/../lib/gcc/arm-none-eabi/11.3.1/../../../../arm-none-eabi/lib/thumb/v8-m.main+fp/hard\libc_nano.a
END GROUP
START GROUP
LOAD F:/CubeIDE1.14.1/STM32CubeIDE_1.14.1/STM32CubeIDE/plugins/com.st.stm32cube.ide.mcu.externaltools.gnu-tools-for-stm32.11.3.rel1.win32_1.1.100.202309141235/tools/bin/../lib/gcc/arm-none-eabi/11.3.1/thumb/v8-m.main+fp/hard\libgcc.a
LOAD F:/CubeIDE1.14.1/STM32CubeIDE_1.14.1/STM32CubeIDE/plugins/com.st.stm32cube.ide.mcu.externaltools.gnu-tools-for-stm32.11.3.rel1.win32_1.1.100.202309141235/tools/bin/../lib/gcc/arm-none-eabi/11.3.1/../../../../arm-none-eabi/lib/thumb/v8-m.main+fp/hard\libc_nano.a
LOAD F:/CubeIDE1.14.1/STM32CubeIDE_1.14.1/STM32CubeIDE/plugins/com.st.stm32cube.ide.mcu.externaltools.gnu-tools-for-stm32.11.3.rel1.win32_1.1.100.202309141235/tools/bin/../lib/gcc/arm-none-eabi/11.3.1/../../../../arm-none-eabi/lib/thumb/v8-m.main+fp/hard\libnosys.a
END GROUP
START GROUP
LOAD F:/CubeIDE1.14.1/STM32CubeIDE_1.14.1/STM32CubeIDE/plugins/com.st.stm32cube.ide.mcu.externaltools.gnu-tools-for-stm32.11.3.rel1.win32_1.1.100.202309141235/tools/bin/../lib/gcc/arm-none-eabi/11.3.1/thumb/v8-m.main+fp/hard\libgcc.a
LOAD F:/CubeIDE1.14.1/STM32CubeIDE_1.14.1/STM32CubeIDE/plugins/com.st.stm32cube.ide.mcu.externaltools.gnu-tools-for-stm32.11.3.rel1.win32_1.1.100.202309141235/tools/bin/../lib/gcc/arm-none-eabi/11.3.1/../../../../arm-none-eabi/lib/thumb/v8-m.main+fp/hard\libc_nano.a
LOAD F:/CubeIDE1.14.1/STM32CubeIDE_1.14.1/STM32CubeIDE/plugins/com.st.stm32cube.ide.mcu.externaltools.gnu-tools-for-stm32.11.3.rel1.win32_1.1.100.202309141235/tools/bin/../lib/gcc/arm-none-eabi/11.3.1/../../../../arm-none-eabi/lib/thumb/v8-m.main+fp/hard\libnosys.a
END GROUP
LOAD F:/CubeIDE1.14.1/STM32CubeIDE_1.14.1/STM32CubeIDE/plugins/com.st.stm32cube.ide.mcu.externaltools.gnu-tools-for-stm32.11.3.rel1.win32_1.1.100.202309141235/tools/bin/../lib/gcc/arm-none-eabi/11.3.1/thumb/v8-m.main+fp/hard/crtend.o
LOAD F:/CubeIDE1.14.1/STM32CubeIDE_1.14.1/STM32CubeIDE/plugins/com.st.stm32cube.ide.mcu.externaltools.gnu-tools-for-stm32.11.3.rel1.win32_1.1.100.202309141235/tools/bin/../lib/gcc/arm-none-eabi/11.3.1/thumb/v8-m.main+fp/hard/crtn.o
                0x0000000020008000                _estack = (ORIGIN (RAM) + LENGTH (RAM))
                0x0000000000000200                _Min_Heap_Size = 0x200
                0x0000000000000400                _Min_Stack_Size = 0x400

.isr_vector     0x0000000008000000      0x258
                0x0000000008000000                . = ALIGN (0x4)
 *(.isr_vector)
 .isr_vector    0x0000000008000000      0x258 ./Core/Startup/startup_stm32h503cbtx.o
                0x0000000008000000                g_pfnVectors
                0x0000000008000258                . = ALIGN (0x4)

.text           0x0000000008000258     0x7d98
                0x0000000008000258                . = ALIGN (0x4)
 *(.text)
 .text          0x0000000008000258       0x40 F:/CubeIDE1.14.1/STM32CubeIDE_1.14.1/STM32CubeIDE/plugins/com.st.stm32cube.ide.mcu.externaltools.gnu-tools-for-stm32.11.3.rel1.win32_1.1.100.202309141235/tools/bin/../lib/gcc/arm-none-eabi/11.3.1/thumb/v8-m.main+fp/hard/crtbegin.o
 .text          0x0000000008000298       0x30 F:/CubeIDE1.14.1/STM32CubeIDE_1.14.1/STM32CubeIDE/plugins/com.st.stm32cube.ide.mcu.externaltools.gnu-tools-for-stm32.11.3.rel1.win32_1.1.100.202309141235/tools/bin/../lib/gcc/arm-none-eabi/11.3.1/thumb/v8-m.main+fp/hard\libgcc.a(_aeabi_uldivmod.o)
                0x0000000008000298                __aeabi_uldivmod
 .text          0x00000000080002c8      0x2ec F:/CubeIDE1.14.1/STM32CubeIDE_1.14.1/STM32CubeIDE/plugins/com.st.stm32cube.ide.mcu.externaltools.gnu-tools-for-stm32.11.3.rel1.win32_1.1.100.202309141235/tools/bin/../lib/gcc/arm-none-eabi/11.3.1/thumb/v8-m.main+fp/hard\libgcc.a(_udivmoddi4.o)
                0x00000000080002c8                __udivmoddi4
 .text          0x00000000080005b4        0x4 F:/CubeIDE1.14.1/STM32CubeIDE_1.14.1/STM32CubeIDE/plugins/com.st.stm32cube.ide.mcu.externaltools.gnu-tools-for-stm32.11.3.rel1.win32_1.1.100.202309141235/tools/bin/../lib/gcc/arm-none-eabi/11.3.1/thumb/v8-m.main+fp/hard\libgcc.a(_dvmd_tls.o)
                0x00000000080005b4                __aeabi_idiv0
                0x00000000080005b4                __aeabi_ldiv0
 *(.text*)
 .text.lcd_gpio_init
                0x00000000080005b8       0x40 ./BSP/LCD/lcd.o
 .text.lcd_spi_send
                0x00000000080005f8       0x94 ./BSP/LCD/lcd.o
 .text.lcd_write_cmd
                0x000000000800068c       0x2c ./BSP/LCD/lcd.o
 .text.lcd_write_data
                0x00000000080006b8       0x2c ./BSP/LCD/lcd.o
 .text.lcd_write_halfword
                0x00000000080006e4       0x40 ./BSP/LCD/lcd.o
                0x00000000080006e4                lcd_write_halfword
 .text.lcd_address_set
                0x0000000008000724       0x98 ./BSP/LCD/lcd.o
                0x0000000008000724                lcd_address_set
 .text.lcd_clear
                0x00000000080007bc       0x8c ./BSP/LCD/lcd.o
                0x00000000080007bc                lcd_clear
 .text.lcd_show_char
                0x0000000008000848      0x260 ./BSP/LCD/lcd.o
                0x0000000008000848                lcd_show_char
 .text.lcd_show_string
                0x0000000008000aa8       0xa0 ./BSP/LCD/lcd.o
                0x0000000008000aa8                lcd_show_string
 .text.lcd_init
                0x0000000008000b48      0x1a4 ./BSP/LCD/lcd.o
                0x0000000008000b48                lcd_init
 .text.MX_GPIO_Init
                0x0000000008000cec       0xc8 ./Core/Src/gpio.o
                0x0000000008000cec                MX_GPIO_Init
 .text.MX_ICACHE_Init
                0x0000000008000db4       0x16 ./Core/Src/icache.o
                0x0000000008000db4                MX_ICACHE_Init
 *fill*         0x0000000008000dca        0x2 
 .text.stm32h503cb_show_mesg
                0x0000000008000dcc       0x48 ./Core/Src/main.o
                0x0000000008000dcc                stm32h503cb_show_mesg
 .text.main     0x0000000008000e14       0x98 ./Core/Src/main.o
                0x0000000008000e14                main
 .text.SystemClock_Config
                0x0000000008000eac       0xcc ./Core/Src/main.o
                0x0000000008000eac                SystemClock_Config
 .text.Error_Handler
                0x0000000008000f78        0xa ./Core/Src/main.o
                0x0000000008000f78                Error_Handler
 *fill*         0x0000000008000f82        0x2 
 .text.MX_SPI1_Init
                0x0000000008000f84       0xac ./Core/Src/spi.o
                0x0000000008000f84                MX_SPI1_Init
 .text.HAL_SPI_MspInit
                0x0000000008001030       0xf8 ./Core/Src/spi.o
                0x0000000008001030                HAL_SPI_MspInit
 .text.spi1_write_data
                0x0000000008001128       0x28 ./Core/Src/spi.o
                0x0000000008001128                spi1_write_data
 .text.HAL_MspInit
                0x0000000008001150        0xe ./Core/Src/stm32h5xx_hal_msp.o
                0x0000000008001150                HAL_MspInit
 .text.NMI_Handler
                0x000000000800115e        0x6 ./Core/Src/stm32h5xx_it.o
                0x000000000800115e                NMI_Handler
 .text.HardFault_Handler
                0x0000000008001164        0x6 ./Core/Src/stm32h5xx_it.o
                0x0000000008001164                HardFault_Handler
 .text.MemManage_Handler
                0x000000000800116a        0x6 ./Core/Src/stm32h5xx_it.o
                0x000000000800116a                MemManage_Handler
 .text.BusFault_Handler
                0x0000000008001170        0x6 ./Core/Src/stm32h5xx_it.o
                0x0000000008001170                BusFault_Handler
 .text.UsageFault_Handler
                0x0000000008001176        0x6 ./Core/Src/stm32h5xx_it.o
                0x0000000008001176                UsageFault_Handler
 .text.SVC_Handler
                0x000000000800117c        0xe ./Core/Src/stm32h5xx_it.o
                0x000000000800117c                SVC_Handler
 .text.DebugMon_Handler
                0x000000000800118a        0xe ./Core/Src/stm32h5xx_it.o
                0x000000000800118a                DebugMon_Handler
 .text.PendSV_Handler
                0x0000000008001198        0xe ./Core/Src/stm32h5xx_it.o
                0x0000000008001198                PendSV_Handler
 .text.SysTick_Handler
                0x00000000080011a6        0xc ./Core/Src/stm32h5xx_it.o
                0x00000000080011a6                SysTick_Handler
 *fill*         0x00000000080011b2        0x2 
 .text.USART1_IRQHandler
                0x00000000080011b4       0x14 ./Core/Src/stm32h5xx_it.o
                0x00000000080011b4                USART1_IRQHandler
 .text._read    0x00000000080011c8       0x3a ./Core/Src/syscalls.o
                0x00000000080011c8                _read
 .text._write   0x0000000008001202       0x38 ./Core/Src/syscalls.o
                0x0000000008001202                _write
 .text._close   0x000000000800123a       0x18 ./Core/Src/syscalls.o
                0x000000000800123a                _close
 .text._fstat   0x0000000008001252       0x20 ./Core/Src/syscalls.o
                0x0000000008001252                _fstat
 .text._isatty  0x0000000008001272       0x16 ./Core/Src/syscalls.o
                0x0000000008001272                _isatty
 .text._lseek   0x0000000008001288       0x1a ./Core/Src/syscalls.o
                0x0000000008001288                _lseek
 *fill*         0x00000000080012a2        0x2 
 .text._sbrk    0x00000000080012a4       0x6c ./Core/Src/sysmem.o
                0x00000000080012a4                _sbrk
 .text.SystemInit
                0x0000000008001310       0xe4 ./Core/Src/system_stm32h5xx.o
                0x0000000008001310                SystemInit
 .text.__io_putchar
                0x00000000080013f4       0x24 ./Core/Src/usart.o
                0x00000000080013f4                __io_putchar
 .text.MX_USART1_UART_Init
                0x0000000008001418       0xa8 ./Core/Src/usart.o
                0x0000000008001418                MX_USART1_UART_Init
 .text.HAL_UART_MspInit
                0x00000000080014c0      0x10c ./Core/Src/usart.o
                0x00000000080014c0                HAL_UART_MspInit
 .text.HAL_UART_RxCpltCallback
                0x00000000080015cc       0xb4 ./Core/Src/usart.o
                0x00000000080015cc                HAL_UART_RxCpltCallback
 .text.Reset_Handler
                0x0000000008001680       0x50 ./Core/Startup/startup_stm32h503cbtx.o
                0x0000000008001680                Reset_Handler
 .text.Default_Handler
                0x00000000080016d0        0x2 ./Core/Startup/startup_stm32h503cbtx.o
                0x00000000080016d0                EXTI2_IRQHandler
                0x00000000080016d0                EXTI5_IRQHandler
                0x00000000080016d0                I3C1_ER_IRQHandler
                0x00000000080016d0                GPDMA2_Channel1_IRQHandler
                0x00000000080016d0                EXTI13_IRQHandler
                0x00000000080016d0                TIM1_CC_IRQHandler
                0x00000000080016d0                GPDMA2_Channel3_IRQHandler
                0x00000000080016d0                TAMP_IRQHandler
                0x00000000080016d0                TIM6_IRQHandler
                0x00000000080016d0                EXTI12_IRQHandler
                0x00000000080016d0                USB_DRD_FS_IRQHandler
                0x00000000080016d0                EXTI3_IRQHandler
                0x00000000080016d0                GPDMA1_Channel5_IRQHandler
                0x00000000080016d0                EXTI8_IRQHandler
                0x00000000080016d0                GPDMA2_Channel5_IRQHandler
                0x00000000080016d0                LPTIM2_IRQHandler
                0x00000000080016d0                GPDMA2_Channel2_IRQHandler
                0x00000000080016d0                EXTI0_IRQHandler
                0x00000000080016d0                I2C2_EV_IRQHandler
                0x00000000080016d0                FPU_IRQHandler
                0x00000000080016d0                GPDMA1_Channel3_IRQHandler
                0x00000000080016d0                GPDMA1_Channel7_IRQHandler
                0x00000000080016d0                FDCAN1_IT1_IRQHandler
                0x00000000080016d0                RAMCFG_IRQHandler
                0x00000000080016d0                SPI1_IRQHandler
                0x00000000080016d0                GPDMA1_Channel2_IRQHandler
                0x00000000080016d0                ADC1_IRQHandler
                0x00000000080016d0                I3C2_ER_IRQHandler
                0x00000000080016d0                EXTI15_IRQHandler
                0x00000000080016d0                USART3_IRQHandler
                0x00000000080016d0                RTC_IRQHandler
                0x00000000080016d0                EXTI9_IRQHandler
                0x00000000080016d0                I3C2_EV_IRQHandler
                0x00000000080016d0                I2C1_EV_IRQHandler
                0x00000000080016d0                GPDMA1_Channel1_IRQHandler
                0x00000000080016d0                TIM3_IRQHandler
                0x00000000080016d0                RCC_IRQHandler
                0x00000000080016d0                TIM1_TRG_COM_IRQHandler
                0x00000000080016d0                Default_Handler
                0x00000000080016d0                GPDMA2_Channel4_IRQHandler
                0x00000000080016d0                TIM7_IRQHandler
                0x00000000080016d0                GPDMA1_Channel0_IRQHandler
                0x00000000080016d0                I3C1_EV_IRQHandler
                0x00000000080016d0                PVD_AVD_IRQHandler
                0x00000000080016d0                SPI2_IRQHandler
                0x00000000080016d0                EXTI14_IRQHandler
                0x00000000080016d0                EXTI11_IRQHandler
                0x00000000080016d0                CRS_IRQHandler
                0x00000000080016d0                EXTI4_IRQHandler
                0x00000000080016d0                GPDMA2_Channel0_IRQHandler
                0x00000000080016d0                RNG_IRQHandler
                0x00000000080016d0                GPDMA2_Channel6_IRQHandler
                0x00000000080016d0                TIM1_UP_IRQHandler
                0x00000000080016d0                WWDG_IRQHandler
                0x00000000080016d0                IWDG_IRQHandler
                0x00000000080016d0                LPUART1_IRQHandler
                0x00000000080016d0                FDCAN1_IT0_IRQHandler
                0x00000000080016d0                TIM2_IRQHandler
                0x00000000080016d0                GPDMA1_Channel4_IRQHandler
                0x00000000080016d0                EXTI7_IRQHandler
                0x00000000080016d0                TIM1_BRK_IRQHandler
                0x00000000080016d0                EXTI1_IRQHandler
                0x00000000080016d0                DAC1_IRQHandler
                0x00000000080016d0                DTS_IRQHandler
                0x00000000080016d0                GTZC_IRQHandler
                0x00000000080016d0                USART2_IRQHandler
                0x00000000080016d0                GPDMA1_Channel6_IRQHandler
                0x00000000080016d0                GPDMA2_Channel7_IRQHandler
                0x00000000080016d0                I2C2_ER_IRQHandler
                0x00000000080016d0                FLASH_IRQHandler
                0x00000000080016d0                EXTI10_IRQHandler
                0x00000000080016d0                SPI3_IRQHandler
                0x00000000080016d0                I2C1_ER_IRQHandler
                0x00000000080016d0                EXTI6_IRQHandler
                0x00000000080016d0                COMP1_IRQHandler
                0x00000000080016d0                LPTIM1_IRQHandler
                0x00000000080016d0                ICACHE_IRQHandler
                0x00000000080016d0                HASH_IRQHandler
 *fill*         0x00000000080016d2        0x2 
 .text.HAL_Init
                0x00000000080016d4       0x4c ./libraries/Drivers/STM32H5xx_HAL_Driver/Src/stm32h5xx_hal.o
                0x00000000080016d4                HAL_Init
 .text.HAL_InitTick
                0x0000000008001720       0x6c ./libraries/Drivers/STM32H5xx_HAL_Driver/Src/stm32h5xx_hal.o
                0x0000000008001720                HAL_InitTick
 .text.HAL_IncTick
                0x000000000800178c       0x28 ./libraries/Drivers/STM32H5xx_HAL_Driver/Src/stm32h5xx_hal.o
                0x000000000800178c                HAL_IncTick
 .text.HAL_GetTick
                0x00000000080017b4       0x18 ./libraries/Drivers/STM32H5xx_HAL_Driver/Src/stm32h5xx_hal.o
                0x00000000080017b4                HAL_GetTick
 .text.HAL_Delay
                0x00000000080017cc       0x48 ./libraries/Drivers/STM32H5xx_HAL_Driver/Src/stm32h5xx_hal.o
                0x00000000080017cc                HAL_Delay
 .text.__NVIC_SetPriorityGrouping
                0x0000000008001814       0x48 ./libraries/Drivers/STM32H5xx_HAL_Driver/Src/stm32h5xx_hal_cortex.o
 .text.__NVIC_GetPriorityGrouping
                0x000000000800185c       0x1c ./libraries/Drivers/STM32H5xx_HAL_Driver/Src/stm32h5xx_hal_cortex.o
 .text.__NVIC_EnableIRQ
                0x0000000008001878       0x3c ./libraries/Drivers/STM32H5xx_HAL_Driver/Src/stm32h5xx_hal_cortex.o
 .text.__NVIC_SetPriority
                0x00000000080018b4       0x54 ./libraries/Drivers/STM32H5xx_HAL_Driver/Src/stm32h5xx_hal_cortex.o
 .text.NVIC_EncodePriority
                0x0000000008001908       0x66 ./libraries/Drivers/STM32H5xx_HAL_Driver/Src/stm32h5xx_hal_cortex.o
 *fill*         0x000000000800196e        0x2 
 .text.SysTick_Config
                0x0000000008001970       0x44 ./libraries/Drivers/STM32H5xx_HAL_Driver/Src/stm32h5xx_hal_cortex.o
 .text.HAL_NVIC_SetPriorityGrouping
                0x00000000080019b4       0x16 ./libraries/Drivers/STM32H5xx_HAL_Driver/Src/stm32h5xx_hal_cortex.o
                0x00000000080019b4                HAL_NVIC_SetPriorityGrouping
 .text.HAL_NVIC_SetPriority
                0x00000000080019ca       0x34 ./libraries/Drivers/STM32H5xx_HAL_Driver/Src/stm32h5xx_hal_cortex.o
                0x00000000080019ca                HAL_NVIC_SetPriority
 .text.HAL_NVIC_EnableIRQ
                0x00000000080019fe       0x1c ./libraries/Drivers/STM32H5xx_HAL_Driver/Src/stm32h5xx_hal_cortex.o
                0x00000000080019fe                HAL_NVIC_EnableIRQ
 .text.HAL_SYSTICK_Config
                0x0000000008001a1a       0x18 ./libraries/Drivers/STM32H5xx_HAL_Driver/Src/stm32h5xx_hal_cortex.o
                0x0000000008001a1a                HAL_SYSTICK_Config
 .text.HAL_DMA_Abort
                0x0000000008001a32       0xf8 ./libraries/Drivers/STM32H5xx_HAL_Driver/Src/stm32h5xx_hal_dma.o
                0x0000000008001a32                HAL_DMA_Abort
 .text.HAL_DMA_Abort_IT
                0x0000000008001b2a       0x52 ./libraries/Drivers/STM32H5xx_HAL_Driver/Src/stm32h5xx_hal_dma.o
                0x0000000008001b2a                HAL_DMA_Abort_IT
 .text.HAL_GPIO_Init
                0x0000000008001b7c      0x2a4 ./libraries/Drivers/STM32H5xx_HAL_Driver/Src/stm32h5xx_hal_gpio.o
                0x0000000008001b7c                HAL_GPIO_Init
 .text.HAL_GPIO_WritePin
                0x0000000008001e20       0x30 ./libraries/Drivers/STM32H5xx_HAL_Driver/Src/stm32h5xx_hal_gpio.o
                0x0000000008001e20                HAL_GPIO_WritePin
 .text.HAL_GPIO_TogglePin
                0x0000000008001e50       0x34 ./libraries/Drivers/STM32H5xx_HAL_Driver/Src/stm32h5xx_hal_gpio.o
                0x0000000008001e50                HAL_GPIO_TogglePin
 .text.HAL_ICACHE_Enable
                0x0000000008001e84       0x20 ./libraries/Drivers/STM32H5xx_HAL_Driver/Src/stm32h5xx_hal_icache.o
                0x0000000008001e84                HAL_ICACHE_Enable
 .text.HAL_RCC_OscConfig
                0x0000000008001ea4      0x870 ./libraries/Drivers/STM32H5xx_HAL_Driver/Src/stm32h5xx_hal_rcc.o
                0x0000000008001ea4                HAL_RCC_OscConfig
 .text.HAL_RCC_ClockConfig
                0x0000000008002714      0x370 ./libraries/Drivers/STM32H5xx_HAL_Driver/Src/stm32h5xx_hal_rcc.o
                0x0000000008002714                HAL_RCC_ClockConfig
 .text.HAL_RCC_GetSysClockFreq
                0x0000000008002a84      0x258 ./libraries/Drivers/STM32H5xx_HAL_Driver/Src/stm32h5xx_hal_rcc.o
                0x0000000008002a84                HAL_RCC_GetSysClockFreq
 .text.HAL_RCC_GetHCLKFreq
                0x0000000008002cdc       0x38 ./libraries/Drivers/STM32H5xx_HAL_Driver/Src/stm32h5xx_hal_rcc.o
                0x0000000008002cdc                HAL_RCC_GetHCLKFreq
 .text.HAL_RCC_GetPCLK1Freq
                0x0000000008002d14       0x2c ./libraries/Drivers/STM32H5xx_HAL_Driver/Src/stm32h5xx_hal_rcc.o
                0x0000000008002d14                HAL_RCC_GetPCLK1Freq
 .text.HAL_RCC_GetPCLK2Freq
                0x0000000008002d40       0x2c ./libraries/Drivers/STM32H5xx_HAL_Driver/Src/stm32h5xx_hal_rcc.o
                0x0000000008002d40                HAL_RCC_GetPCLK2Freq
 .text.HAL_RCC_GetPCLK3Freq
                0x0000000008002d6c       0x2c ./libraries/Drivers/STM32H5xx_HAL_Driver/Src/stm32h5xx_hal_rcc.o
                0x0000000008002d6c                HAL_RCC_GetPCLK3Freq
 .text.HAL_RCCEx_PeriphCLKConfig
                0x0000000008002d98      0xc48 ./libraries/Drivers/STM32H5xx_HAL_Driver/Src/stm32h5xx_hal_rcc_ex.o
                0x0000000008002d98                HAL_RCCEx_PeriphCLKConfig
 .text.HAL_RCCEx_GetPLL1ClockFreq
                0x00000000080039e0      0x2d4 ./libraries/Drivers/STM32H5xx_HAL_Driver/Src/stm32h5xx_hal_rcc_ex.o
                0x00000000080039e0                HAL_RCCEx_GetPLL1ClockFreq
 .text.HAL_RCCEx_GetPLL2ClockFreq
                0x0000000008003cb4      0x2d4 ./libraries/Drivers/STM32H5xx_HAL_Driver/Src/stm32h5xx_hal_rcc_ex.o
                0x0000000008003cb4                HAL_RCCEx_GetPLL2ClockFreq
 .text.HAL_RCCEx_GetPeriphCLKFreq
                0x0000000008003f88      0xe7c ./libraries/Drivers/STM32H5xx_HAL_Driver/Src/stm32h5xx_hal_rcc_ex.o
                0x0000000008003f88                HAL_RCCEx_GetPeriphCLKFreq
 .text.RCCEx_PLL2_Config
                0x0000000008004e04      0x130 ./libraries/Drivers/STM32H5xx_HAL_Driver/Src/stm32h5xx_hal_rcc_ex.o
 .text.HAL_SPI_Init
                0x0000000008004f34      0x1f8 ./libraries/Drivers/STM32H5xx_HAL_Driver/Src/stm32h5xx_hal_spi.o
                0x0000000008004f34                HAL_SPI_Init
 .text.HAL_SPI_Transmit
                0x000000000800512c      0x420 ./libraries/Drivers/STM32H5xx_HAL_Driver/Src/stm32h5xx_hal_spi.o
                0x000000000800512c                HAL_SPI_Transmit
 .text.SPI_CloseTransfer
                0x000000000800554c      0x140 ./libraries/Drivers/STM32H5xx_HAL_Driver/Src/stm32h5xx_hal_spi.o
 .text.SPI_WaitOnFlagUntilTimeout
                0x000000000800568c       0x5c ./libraries/Drivers/STM32H5xx_HAL_Driver/Src/stm32h5xx_hal_spi.o
 .text.SPI_GetPacketSize
                0x00000000080056e8       0x36 ./libraries/Drivers/STM32H5xx_HAL_Driver/Src/stm32h5xx_hal_spi.o
 .text.HAL_UART_Init
                0x000000000800571e       0xa0 ./libraries/Drivers/STM32H5xx_HAL_Driver/Src/stm32h5xx_hal_uart.o
                0x000000000800571e                HAL_UART_Init
 .text.HAL_UART_Transmit
                0x00000000080057be      0x13c ./libraries/Drivers/STM32H5xx_HAL_Driver/Src/stm32h5xx_hal_uart.o
                0x00000000080057be                HAL_UART_Transmit
 *fill*         0x00000000080058fa        0x2 
 .text.HAL_UART_Receive_IT
                0x00000000080058fc       0xb4 ./libraries/Drivers/STM32H5xx_HAL_Driver/Src/stm32h5xx_hal_uart.o
                0x00000000080058fc                HAL_UART_Receive_IT
 .text.HAL_UART_IRQHandler
                0x00000000080059b0      0x5a8 ./libraries/Drivers/STM32H5xx_HAL_Driver/Src/stm32h5xx_hal_uart.o
                0x00000000080059b0                HAL_UART_IRQHandler
 .text.HAL_UART_TxCpltCallback
                0x0000000008005f58       0x14 ./libraries/Drivers/STM32H5xx_HAL_Driver/Src/stm32h5xx_hal_uart.o
                0x0000000008005f58                HAL_UART_TxCpltCallback
 .text.HAL_UART_ErrorCallback
                0x0000000008005f6c       0x14 ./libraries/Drivers/STM32H5xx_HAL_Driver/Src/stm32h5xx_hal_uart.o
                0x0000000008005f6c                HAL_UART_ErrorCallback
 .text.HAL_UARTEx_RxEventCallback
                0x0000000008005f80       0x18 ./libraries/Drivers/STM32H5xx_HAL_Driver/Src/stm32h5xx_hal_uart.o
                0x0000000008005f80                HAL_UARTEx_RxEventCallback
 .text.UART_SetConfig
                0x0000000008005f98      0x2fc ./libraries/Drivers/STM32H5xx_HAL_Driver/Src/stm32h5xx_hal_uart.o
                0x0000000008005f98                UART_SetConfig
 .text.UART_AdvFeatureConfig
                0x0000000008006294      0x144 ./libraries/Drivers/STM32H5xx_HAL_Driver/Src/stm32h5xx_hal_uart.o
                0x0000000008006294                UART_AdvFeatureConfig
 .text.UART_CheckIdleState
                0x00000000080063d8      0x154 ./libraries/Drivers/STM32H5xx_HAL_Driver/Src/stm32h5xx_hal_uart.o
                0x00000000080063d8                UART_CheckIdleState
 .text.UART_WaitOnFlagUntilTimeout
                0x000000000800652c       0xce ./libraries/Drivers/STM32H5xx_HAL_Driver/Src/stm32h5xx_hal_uart.o
                0x000000000800652c                UART_WaitOnFlagUntilTimeout
 *fill*         0x00000000080065fa        0x2 
 .text.UART_Start_Receive_IT
                0x00000000080065fc      0x244 ./libraries/Drivers/STM32H5xx_HAL_Driver/Src/stm32h5xx_hal_uart.o
                0x00000000080065fc                UART_Start_Receive_IT
 .text.UART_EndRxTransfer
                0x0000000008006840       0xcc ./libraries/Drivers/STM32H5xx_HAL_Driver/Src/stm32h5xx_hal_uart.o
 .text.UART_DMAAbortOnError
                0x000000000800690c       0x2c ./libraries/Drivers/STM32H5xx_HAL_Driver/Src/stm32h5xx_hal_uart.o
 .text.UART_EndTransmit_IT
                0x0000000008006938       0x56 ./libraries/Drivers/STM32H5xx_HAL_Driver/Src/stm32h5xx_hal_uart.o
 *fill*         0x000000000800698e        0x2 
 .text.UART_RxISR_8BIT
                0x0000000008006990      0x1b8 ./libraries/Drivers/STM32H5xx_HAL_Driver/Src/stm32h5xx_hal_uart.o
 .text.UART_RxISR_16BIT
                0x0000000008006b48      0x1b8 ./libraries/Drivers/STM32H5xx_HAL_Driver/Src/stm32h5xx_hal_uart.o
 .text.UART_RxISR_8BIT_FIFOEN
                0x0000000008006d00      0x360 ./libraries/Drivers/STM32H5xx_HAL_Driver/Src/stm32h5xx_hal_uart.o
 .text.UART_RxISR_16BIT_FIFOEN
                0x0000000008007060      0x368 ./libraries/Drivers/STM32H5xx_HAL_Driver/Src/stm32h5xx_hal_uart.o
 .text.HAL_UARTEx_WakeupCallback
                0x00000000080073c8       0x14 ./libraries/Drivers/STM32H5xx_HAL_Driver/Src/stm32h5xx_hal_uart_ex.o
                0x00000000080073c8                HAL_UARTEx_WakeupCallback
 .text.HAL_UARTEx_RxFifoFullCallback
                0x00000000080073dc       0x14 ./libraries/Drivers/STM32H5xx_HAL_Driver/Src/stm32h5xx_hal_uart_ex.o
                0x00000000080073dc                HAL_UARTEx_RxFifoFullCallback
 .text.HAL_UARTEx_TxFifoEmptyCallback
                0x00000000080073f0       0x14 ./libraries/Drivers/STM32H5xx_HAL_Driver/Src/stm32h5xx_hal_uart_ex.o
                0x00000000080073f0                HAL_UARTEx_TxFifoEmptyCallback
 .text.HAL_UARTEx_DisableFifoMode
                0x0000000008007404       0x72 ./libraries/Drivers/STM32H5xx_HAL_Driver/Src/stm32h5xx_hal_uart_ex.o
                0x0000000008007404                HAL_UARTEx_DisableFifoMode
 .text.HAL_UARTEx_SetTxFifoThreshold
                0x0000000008007476       0x7c ./libraries/Drivers/STM32H5xx_HAL_Driver/Src/stm32h5xx_hal_uart_ex.o
                0x0000000008007476                HAL_UARTEx_SetTxFifoThreshold
 .text.HAL_UARTEx_SetRxFifoThreshold
                0x00000000080074f2       0x7c ./libraries/Drivers/STM32H5xx_HAL_Driver/Src/stm32h5xx_hal_uart_ex.o
                0x00000000080074f2                HAL_UARTEx_SetRxFifoThreshold
 *fill*         0x000000000800756e        0x2 
 .text.UARTEx_SetNbDataToProcess
                0x0000000008007570       0x9c ./libraries/Drivers/STM32H5xx_HAL_Driver/Src/stm32h5xx_hal_uart_ex.o
 .text.std      0x000000000800760c       0x6c F:/CubeIDE1.14.1/STM32CubeIDE_1.14.1/STM32CubeIDE/plugins/com.st.stm32cube.ide.mcu.externaltools.gnu-tools-for-stm32.11.3.rel1.win32_1.1.100.202309141235/tools/bin/../lib/gcc/arm-none-eabi/11.3.1/../../../../arm-none-eabi/lib/thumb/v8-m.main+fp/hard\libc_nano.a(libc_a-findfp.o)
 .text.stdio_exit_handler
                0x0000000008007678       0x18 F:/CubeIDE1.14.1/STM32CubeIDE_1.14.1/STM32CubeIDE/plugins/com.st.stm32cube.ide.mcu.externaltools.gnu-tools-for-stm32.11.3.rel1.win32_1.1.100.202309141235/tools/bin/../lib/gcc/arm-none-eabi/11.3.1/../../../../arm-none-eabi/lib/thumb/v8-m.main+fp/hard\libc_nano.a(libc_a-findfp.o)
 .text.cleanup_stdio
                0x0000000008007690       0x40 F:/CubeIDE1.14.1/STM32CubeIDE_1.14.1/STM32CubeIDE/plugins/com.st.stm32cube.ide.mcu.externaltools.gnu-tools-for-stm32.11.3.rel1.win32_1.1.100.202309141235/tools/bin/../lib/gcc/arm-none-eabi/11.3.1/../../../../arm-none-eabi/lib/thumb/v8-m.main+fp/hard\libc_nano.a(libc_a-findfp.o)
 .text.global_stdio_init.part.0
                0x00000000080076d0       0x3c F:/CubeIDE1.14.1/STM32CubeIDE_1.14.1/STM32CubeIDE/plugins/com.st.stm32cube.ide.mcu.externaltools.gnu-tools-for-stm32.11.3.rel1.win32_1.1.100.202309141235/tools/bin/../lib/gcc/arm-none-eabi/11.3.1/../../../../arm-none-eabi/lib/thumb/v8-m.main+fp/hard\libc_nano.a(libc_a-findfp.o)
 .text.__sfp_lock_acquire
                0x000000000800770c        0xc F:/CubeIDE1.14.1/STM32CubeIDE_1.14.1/STM32CubeIDE/plugins/com.st.stm32cube.ide.mcu.externaltools.gnu-tools-for-stm32.11.3.rel1.win32_1.1.100.202309141235/tools/bin/../lib/gcc/arm-none-eabi/11.3.1/../../../../arm-none-eabi/lib/thumb/v8-m.main+fp/hard\libc_nano.a(libc_a-findfp.o)
                0x000000000800770c                __sfp_lock_acquire
 .text.__sfp_lock_release
                0x0000000008007718        0xc F:/CubeIDE1.14.1/STM32CubeIDE_1.14.1/STM32CubeIDE/plugins/com.st.stm32cube.ide.mcu.externaltools.gnu-tools-for-stm32.11.3.rel1.win32_1.1.100.202309141235/tools/bin/../lib/gcc/arm-none-eabi/11.3.1/../../../../arm-none-eabi/lib/thumb/v8-m.main+fp/hard\libc_nano.a(libc_a-findfp.o)
                0x0000000008007718                __sfp_lock_release
 .text.__sinit  0x0000000008007724       0x30 F:/CubeIDE1.14.1/STM32CubeIDE_1.14.1/STM32CubeIDE/plugins/com.st.stm32cube.ide.mcu.externaltools.gnu-tools-for-stm32.11.3.rel1.win32_1.1.100.202309141235/tools/bin/../lib/gcc/arm-none-eabi/11.3.1/../../../../arm-none-eabi/lib/thumb/v8-m.main+fp/hard\libc_nano.a(libc_a-findfp.o)
                0x0000000008007724                __sinit
 .text._fwalk_sglue
                0x0000000008007754       0x3c F:/CubeIDE1.14.1/STM32CubeIDE_1.14.1/STM32CubeIDE/plugins/com.st.stm32cube.ide.mcu.externaltools.gnu-tools-for-stm32.11.3.rel1.win32_1.1.100.202309141235/tools/bin/../lib/gcc/arm-none-eabi/11.3.1/../../../../arm-none-eabi/lib/thumb/v8-m.main+fp/hard\libc_nano.a(libc_a-fwalk.o)
                0x0000000008007754                _fwalk_sglue
 .text.putchar  0x0000000008007790       0x10 F:/CubeIDE1.14.1/STM32CubeIDE_1.14.1/STM32CubeIDE/plugins/com.st.stm32cube.ide.mcu.externaltools.gnu-tools-for-stm32.11.3.rel1.win32_1.1.100.202309141235/tools/bin/../lib/gcc/arm-none-eabi/11.3.1/../../../../arm-none-eabi/lib/thumb/v8-m.main+fp/hard\libc_nano.a(libc_a-putchar.o)
                0x0000000008007790                putchar
 .text._puts_r  0x00000000080077a0       0xa8 F:/CubeIDE1.14.1/STM32CubeIDE_1.14.1/STM32CubeIDE/plugins/com.st.stm32cube.ide.mcu.externaltools.gnu-tools-for-stm32.11.3.rel1.win32_1.1.100.202309141235/tools/bin/../lib/gcc/arm-none-eabi/11.3.1/../../../../arm-none-eabi/lib/thumb/v8-m.main+fp/hard\libc_nano.a(libc_a-puts.o)
                0x00000000080077a0                _puts_r
 .text.puts     0x0000000008007848       0x10 F:/CubeIDE1.14.1/STM32CubeIDE_1.14.1/STM32CubeIDE/plugins/com.st.stm32cube.ide.mcu.externaltools.gnu-tools-for-stm32.11.3.rel1.win32_1.1.100.202309141235/tools/bin/../lib/gcc/arm-none-eabi/11.3.1/../../../../arm-none-eabi/lib/thumb/v8-m.main+fp/hard\libc_nano.a(libc_a-puts.o)
                0x0000000008007848                puts
 .text.__sread  0x0000000008007858       0x22 F:/CubeIDE1.14.1/STM32CubeIDE_1.14.1/STM32CubeIDE/plugins/com.st.stm32cube.ide.mcu.externaltools.gnu-tools-for-stm32.11.3.rel1.win32_1.1.100.202309141235/tools/bin/../lib/gcc/arm-none-eabi/11.3.1/../../../../arm-none-eabi/lib/thumb/v8-m.main+fp/hard\libc_nano.a(libc_a-stdio.o)
                0x0000000008007858                __sread
 .text.__swrite
                0x000000000800787a       0x38 F:/CubeIDE1.14.1/STM32CubeIDE_1.14.1/STM32CubeIDE/plugins/com.st.stm32cube.ide.mcu.externaltools.gnu-tools-for-stm32.11.3.rel1.win32_1.1.100.202309141235/tools/bin/../lib/gcc/arm-none-eabi/11.3.1/../../../../arm-none-eabi/lib/thumb/v8-m.main+fp/hard\libc_nano.a(libc_a-stdio.o)
                0x000000000800787a                __swrite
 .text.__sseek  0x00000000080078b2       0x24 F:/CubeIDE1.14.1/STM32CubeIDE_1.14.1/STM32CubeIDE/plugins/com.st.stm32cube.ide.mcu.externaltools.gnu-tools-for-stm32.11.3.rel1.win32_1.1.100.202309141235/tools/bin/../lib/gcc/arm-none-eabi/11.3.1/../../../../arm-none-eabi/lib/thumb/v8-m.main+fp/hard\libc_nano.a(libc_a-stdio.o)
                0x00000000080078b2                __sseek
 .text.__sclose
                0x00000000080078d6        0x8 F:/CubeIDE1.14.1/STM32CubeIDE_1.14.1/STM32CubeIDE/plugins/com.st.stm32cube.ide.mcu.externaltools.gnu-tools-for-stm32.11.3.rel1.win32_1.1.100.202309141235/tools/bin/../lib/gcc/arm-none-eabi/11.3.1/../../../../arm-none-eabi/lib/thumb/v8-m.main+fp/hard\libc_nano.a(libc_a-stdio.o)
                0x00000000080078d6                __sclose
 .text.__swbuf_r
                0x00000000080078de       0x7a F:/CubeIDE1.14.1/STM32CubeIDE_1.14.1/STM32CubeIDE/plugins/com.st.stm32cube.ide.mcu.externaltools.gnu-tools-for-stm32.11.3.rel1.win32_1.1.100.202309141235/tools/bin/../lib/gcc/arm-none-eabi/11.3.1/../../../../arm-none-eabi/lib/thumb/v8-m.main+fp/hard\libc_nano.a(libc_a-wbuf.o)
                0x00000000080078de                __swbuf_r
 .text.__swsetup_r
                0x0000000008007958       0xb0 F:/CubeIDE1.14.1/STM32CubeIDE_1.14.1/STM32CubeIDE/plugins/com.st.stm32cube.ide.mcu.externaltools.gnu-tools-for-stm32.11.3.rel1.win32_1.1.100.202309141235/tools/bin/../lib/gcc/arm-none-eabi/11.3.1/../../../../arm-none-eabi/lib/thumb/v8-m.main+fp/hard\libc_nano.a(libc_a-wsetup.o)
                0x0000000008007958                __swsetup_r
 .text.memset   0x0000000008007a08       0x10 F:/CubeIDE1.14.1/STM32CubeIDE_1.14.1/STM32CubeIDE/plugins/com.st.stm32cube.ide.mcu.externaltools.gnu-tools-for-stm32.11.3.rel1.win32_1.1.100.202309141235/tools/bin/../lib/gcc/arm-none-eabi/11.3.1/../../../../arm-none-eabi/lib/thumb/v8-m.main+fp/hard\libc_nano.a(libc_a-memset.o)
                0x0000000008007a08                memset
 .text._close_r
                0x0000000008007a18       0x20 F:/CubeIDE1.14.1/STM32CubeIDE_1.14.1/STM32CubeIDE/plugins/com.st.stm32cube.ide.mcu.externaltools.gnu-tools-for-stm32.11.3.rel1.win32_1.1.100.202309141235/tools/bin/../lib/gcc/arm-none-eabi/11.3.1/../../../../arm-none-eabi/lib/thumb/v8-m.main+fp/hard\libc_nano.a(libc_a-closer.o)
                0x0000000008007a18                _close_r
 .text._lseek_r
                0x0000000008007a38       0x24 F:/CubeIDE1.14.1/STM32CubeIDE_1.14.1/STM32CubeIDE/plugins/com.st.stm32cube.ide.mcu.externaltools.gnu-tools-for-stm32.11.3.rel1.win32_1.1.100.202309141235/tools/bin/../lib/gcc/arm-none-eabi/11.3.1/../../../../arm-none-eabi/lib/thumb/v8-m.main+fp/hard\libc_nano.a(libc_a-lseekr.o)
                0x0000000008007a38                _lseek_r
 .text._read_r  0x0000000008007a5c       0x24 F:/CubeIDE1.14.1/STM32CubeIDE_1.14.1/STM32CubeIDE/plugins/com.st.stm32cube.ide.mcu.externaltools.gnu-tools-for-stm32.11.3.rel1.win32_1.1.100.202309141235/tools/bin/../lib/gcc/arm-none-eabi/11.3.1/../../../../arm-none-eabi/lib/thumb/v8-m.main+fp/hard\libc_nano.a(libc_a-readr.o)
                0x0000000008007a5c                _read_r
 .text._write_r
                0x0000000008007a80       0x24 F:/CubeIDE1.14.1/STM32CubeIDE_1.14.1/STM32CubeIDE/plugins/com.st.stm32cube.ide.mcu.externaltools.gnu-tools-for-stm32.11.3.rel1.win32_1.1.100.202309141235/tools/bin/../lib/gcc/arm-none-eabi/11.3.1/../../../../arm-none-eabi/lib/thumb/v8-m.main+fp/hard\libc_nano.a(libc_a-writer.o)
                0x0000000008007a80                _write_r
 .text.__errno  0x0000000008007aa4        0xc F:/CubeIDE1.14.1/STM32CubeIDE_1.14.1/STM32CubeIDE/plugins/com.st.stm32cube.ide.mcu.externaltools.gnu-tools-for-stm32.11.3.rel1.win32_1.1.100.202309141235/tools/bin/../lib/gcc/arm-none-eabi/11.3.1/../../../../arm-none-eabi/lib/thumb/v8-m.main+fp/hard\libc_nano.a(libc_a-errno.o)
                0x0000000008007aa4                __errno
 .text.__libc_init_array
                0x0000000008007ab0       0x48 F:/CubeIDE1.14.1/STM32CubeIDE_1.14.1/STM32CubeIDE/plugins/com.st.stm32cube.ide.mcu.externaltools.gnu-tools-for-stm32.11.3.rel1.win32_1.1.100.202309141235/tools/bin/../lib/gcc/arm-none-eabi/11.3.1/../../../../arm-none-eabi/lib/thumb/v8-m.main+fp/hard\libc_nano.a(libc_a-init.o)
                0x0000000008007ab0                __libc_init_array
 .text.__retarget_lock_init_recursive
                0x0000000008007af8        0x2 F:/CubeIDE1.14.1/STM32CubeIDE_1.14.1/STM32CubeIDE/plugins/com.st.stm32cube.ide.mcu.externaltools.gnu-tools-for-stm32.11.3.rel1.win32_1.1.100.202309141235/tools/bin/../lib/gcc/arm-none-eabi/11.3.1/../../../../arm-none-eabi/lib/thumb/v8-m.main+fp/hard\libc_nano.a(libc_a-lock.o)
                0x0000000008007af8                __retarget_lock_init_recursive
 .text.__retarget_lock_acquire_recursive
                0x0000000008007afa        0x2 F:/CubeIDE1.14.1/STM32CubeIDE_1.14.1/STM32CubeIDE/plugins/com.st.stm32cube.ide.mcu.externaltools.gnu-tools-for-stm32.11.3.rel1.win32_1.1.100.202309141235/tools/bin/../lib/gcc/arm-none-eabi/11.3.1/../../../../arm-none-eabi/lib/thumb/v8-m.main+fp/hard\libc_nano.a(libc_a-lock.o)
                0x0000000008007afa                __retarget_lock_acquire_recursive
 .text.__retarget_lock_release_recursive
                0x0000000008007afc        0x2 F:/CubeIDE1.14.1/STM32CubeIDE_1.14.1/STM32CubeIDE/plugins/com.st.stm32cube.ide.mcu.externaltools.gnu-tools-for-stm32.11.3.rel1.win32_1.1.100.202309141235/tools/bin/../lib/gcc/arm-none-eabi/11.3.1/../../../../arm-none-eabi/lib/thumb/v8-m.main+fp/hard\libc_nano.a(libc_a-lock.o)
                0x0000000008007afc                __retarget_lock_release_recursive
 *fill*         0x0000000008007afe        0x2 
 .text._free_r  0x0000000008007b00       0x98 F:/CubeIDE1.14.1/STM32CubeIDE_1.14.1/STM32CubeIDE/plugins/com.st.stm32cube.ide.mcu.externaltools.gnu-tools-for-stm32.11.3.rel1.win32_1.1.100.202309141235/tools/bin/../lib/gcc/arm-none-eabi/11.3.1/../../../../arm-none-eabi/lib/thumb/v8-m.main+fp/hard\libc_nano.a(libc_a-freer.o)
                0x0000000008007b00                _free_r
 .text.sbrk_aligned
                0x0000000008007b98       0x40 F:/CubeIDE1.14.1/STM32CubeIDE_1.14.1/STM32CubeIDE/plugins/com.st.stm32cube.ide.mcu.externaltools.gnu-tools-for-stm32.11.3.rel1.win32_1.1.100.202309141235/tools/bin/../lib/gcc/arm-none-eabi/11.3.1/../../../../arm-none-eabi/lib/thumb/v8-m.main+fp/hard\libc_nano.a(libc_a-mallocr.o)
 .text._malloc_r
                0x0000000008007bd8      0x100 F:/CubeIDE1.14.1/STM32CubeIDE_1.14.1/STM32CubeIDE/plugins/com.st.stm32cube.ide.mcu.externaltools.gnu-tools-for-stm32.11.3.rel1.win32_1.1.100.202309141235/tools/bin/../lib/gcc/arm-none-eabi/11.3.1/../../../../arm-none-eabi/lib/thumb/v8-m.main+fp/hard\libc_nano.a(libc_a-mallocr.o)
                0x0000000008007bd8                _malloc_r
 .text.__malloc_lock
                0x0000000008007cd8        0xc F:/CubeIDE1.14.1/STM32CubeIDE_1.14.1/STM32CubeIDE/plugins/com.st.stm32cube.ide.mcu.externaltools.gnu-tools-for-stm32.11.3.rel1.win32_1.1.100.202309141235/tools/bin/../lib/gcc/arm-none-eabi/11.3.1/../../../../arm-none-eabi/lib/thumb/v8-m.main+fp/hard\libc_nano.a(libc_a-mlock.o)
                0x0000000008007cd8                __malloc_lock
 .text.__malloc_unlock
                0x0000000008007ce4        0xc F:/CubeIDE1.14.1/STM32CubeIDE_1.14.1/STM32CubeIDE/plugins/com.st.stm32cube.ide.mcu.externaltools.gnu-tools-for-stm32.11.3.rel1.win32_1.1.100.202309141235/tools/bin/../lib/gcc/arm-none-eabi/11.3.1/../../../../arm-none-eabi/lib/thumb/v8-m.main+fp/hard\libc_nano.a(libc_a-mlock.o)
                0x0000000008007ce4                __malloc_unlock
 .text.__sflush_r
                0x0000000008007cf0      0x108 F:/CubeIDE1.14.1/STM32CubeIDE_1.14.1/STM32CubeIDE/plugins/com.st.stm32cube.ide.mcu.externaltools.gnu-tools-for-stm32.11.3.rel1.win32_1.1.100.202309141235/tools/bin/../lib/gcc/arm-none-eabi/11.3.1/../../../../arm-none-eabi/lib/thumb/v8-m.main+fp/hard\libc_nano.a(libc_a-fflush.o)
                0x0000000008007cf0                __sflush_r
 .text._fflush_r
                0x0000000008007df8       0x50 F:/CubeIDE1.14.1/STM32CubeIDE_1.14.1/STM32CubeIDE/plugins/com.st.stm32cube.ide.mcu.externaltools.gnu-tools-for-stm32.11.3.rel1.win32_1.1.100.202309141235/tools/bin/../lib/gcc/arm-none-eabi/11.3.1/../../../../arm-none-eabi/lib/thumb/v8-m.main+fp/hard\libc_nano.a(libc_a-fflush.o)
                0x0000000008007df8                _fflush_r
 .text.__swhatbuf_r
                0x0000000008007e48       0x4a F:/CubeIDE1.14.1/STM32CubeIDE_1.14.1/STM32CubeIDE/plugins/com.st.stm32cube.ide.mcu.externaltools.gnu-tools-for-stm32.11.3.rel1.win32_1.1.100.202309141235/tools/bin/../lib/gcc/arm-none-eabi/11.3.1/../../../../arm-none-eabi/lib/thumb/v8-m.main+fp/hard\libc_nano.a(libc_a-makebuf.o)
                0x0000000008007e48                __swhatbuf_r
 .text.__smakebuf_r
                0x0000000008007e92       0x78 F:/CubeIDE1.14.1/STM32CubeIDE_1.14.1/STM32CubeIDE/plugins/com.st.stm32cube.ide.mcu.externaltools.gnu-tools-for-stm32.11.3.rel1.win32_1.1.100.202309141235/tools/bin/../lib/gcc/arm-none-eabi/11.3.1/../../../../arm-none-eabi/lib/thumb/v8-m.main+fp/hard\libc_nano.a(libc_a-makebuf.o)
                0x0000000008007e92                __smakebuf_r
 .text._putc_r  0x0000000008007f0a       0x68 F:/CubeIDE1.14.1/STM32CubeIDE_1.14.1/STM32CubeIDE/plugins/com.st.stm32cube.ide.mcu.externaltools.gnu-tools-for-stm32.11.3.rel1.win32_1.1.100.202309141235/tools/bin/../lib/gcc/arm-none-eabi/11.3.1/../../../../arm-none-eabi/lib/thumb/v8-m.main+fp/hard\libc_nano.a(libc_a-putc.o)
                0x0000000008007f0a                _putc_r
 *fill*         0x0000000008007f72        0x2 
 .text._fstat_r
                0x0000000008007f74       0x24 F:/CubeIDE1.14.1/STM32CubeIDE_1.14.1/STM32CubeIDE/plugins/com.st.stm32cube.ide.mcu.externaltools.gnu-tools-for-stm32.11.3.rel1.win32_1.1.100.202309141235/tools/bin/../lib/gcc/arm-none-eabi/11.3.1/../../../../arm-none-eabi/lib/thumb/v8-m.main+fp/hard\libc_nano.a(libc_a-fstatr.o)
                0x0000000008007f74                _fstat_r
 .text._isatty_r
                0x0000000008007f98       0x20 F:/CubeIDE1.14.1/STM32CubeIDE_1.14.1/STM32CubeIDE/plugins/com.st.stm32cube.ide.mcu.externaltools.gnu-tools-for-stm32.11.3.rel1.win32_1.1.100.202309141235/tools/bin/../lib/gcc/arm-none-eabi/11.3.1/../../../../arm-none-eabi/lib/thumb/v8-m.main+fp/hard\libc_nano.a(libc_a-isattyr.o)
                0x0000000008007f98                _isatty_r
 .text._sbrk_r  0x0000000008007fb8       0x20 F:/CubeIDE1.14.1/STM32CubeIDE_1.14.1/STM32CubeIDE/plugins/com.st.stm32cube.ide.mcu.externaltools.gnu-tools-for-stm32.11.3.rel1.win32_1.1.100.202309141235/tools/bin/../lib/gcc/arm-none-eabi/11.3.1/../../../../arm-none-eabi/lib/thumb/v8-m.main+fp/hard\libc_nano.a(libc_a-sbrkr.o)
                0x0000000008007fb8                _sbrk_r
 *(.glue_7)
 .glue_7        0x0000000008007fd8        0x0 linker stubs
 *(.glue_7t)
 .glue_7t       0x0000000008007fd8        0x0 linker stubs
 *(.eh_frame)
 .eh_frame      0x0000000008007fd8        0x0 F:/CubeIDE1.14.1/STM32CubeIDE_1.14.1/STM32CubeIDE/plugins/com.st.stm32cube.ide.mcu.externaltools.gnu-tools-for-stm32.11.3.rel1.win32_1.1.100.202309141235/tools/bin/../lib/gcc/arm-none-eabi/11.3.1/thumb/v8-m.main+fp/hard/crtbegin.o
 *(.init)
 .init          0x0000000008007fd8        0x4 F:/CubeIDE1.14.1/STM32CubeIDE_1.14.1/STM32CubeIDE/plugins/com.st.stm32cube.ide.mcu.externaltools.gnu-tools-for-stm32.11.3.rel1.win32_1.1.100.202309141235/tools/bin/../lib/gcc/arm-none-eabi/11.3.1/thumb/v8-m.main+fp/hard/crti.o
                0x0000000008007fd8                _init
 .init          0x0000000008007fdc        0x8 F:/CubeIDE1.14.1/STM32CubeIDE_1.14.1/STM32CubeIDE/plugins/com.st.stm32cube.ide.mcu.externaltools.gnu-tools-for-stm32.11.3.rel1.win32_1.1.100.202309141235/tools/bin/../lib/gcc/arm-none-eabi/11.3.1/thumb/v8-m.main+fp/hard/crtn.o
 *(.fini)
 .fini          0x0000000008007fe4        0x4 F:/CubeIDE1.14.1/STM32CubeIDE_1.14.1/STM32CubeIDE/plugins/com.st.stm32cube.ide.mcu.externaltools.gnu-tools-for-stm32.11.3.rel1.win32_1.1.100.202309141235/tools/bin/../lib/gcc/arm-none-eabi/11.3.1/thumb/v8-m.main+fp/hard/crti.o
                0x0000000008007fe4                _fini
 .fini          0x0000000008007fe8        0x8 F:/CubeIDE1.14.1/STM32CubeIDE_1.14.1/STM32CubeIDE/plugins/com.st.stm32cube.ide.mcu.externaltools.gnu-tools-for-stm32.11.3.rel1.win32_1.1.100.202309141235/tools/bin/../lib/gcc/arm-none-eabi/11.3.1/thumb/v8-m.main+fp/hard/crtn.o
                0x0000000008007ff0                . = ALIGN (0x4)
                0x0000000008007ff0                _etext = .

.vfp11_veneer   0x0000000008007ff0        0x0
 .vfp11_veneer  0x0000000008007ff0        0x0 linker stubs

.v4_bx          0x0000000008007ff0        0x0
 .v4_bx         0x0000000008007ff0        0x0 linker stubs

.iplt           0x0000000008007ff0        0x0
 .iplt          0x0000000008007ff0        0x0 F:/CubeIDE1.14.1/STM32CubeIDE_1.14.1/STM32CubeIDE/plugins/com.st.stm32cube.ide.mcu.externaltools.gnu-tools-for-stm32.11.3.rel1.win32_1.1.100.202309141235/tools/bin/../lib/gcc/arm-none-eabi/11.3.1/thumb/v8-m.main+fp/hard/crtbegin.o

.rodata         0x0000000008007ff0     0x4c78
                0x0000000008007ff0                . = ALIGN (0x4)
 *(.rodata)
 .rodata        0x0000000008007ff0       0x82 ./Core/Src/main.o
 *(.rodata*)
 *fill*         0x0000000008008072        0x2 
 .rodata.asc2_1206
                0x0000000008008074      0x474 ./BSP/LCD/lcd.o
                0x0000000008008074                asc2_1206
 .rodata.asc2_1608
                0x00000000080084e8      0x5f0 ./BSP/LCD/lcd.o
                0x00000000080084e8                asc2_1608
 .rodata.asc2_2412
                0x0000000008008ad8     0x11d0 ./BSP/LCD/lcd.o
                0x0000000008008ad8                asc2_2412
 .rodata.asc2_3216
                0x0000000008009ca8     0x2f80 ./BSP/LCD/lcd.o
                0x0000000008009ca8                asc2_3216
 .rodata.AHBPrescTable
                0x000000000800cc28       0x10 ./Core/Src/system_stm32h5xx.o
                0x000000000800cc28                AHBPrescTable
 .rodata.APBPrescTable
                0x000000000800cc38        0x8 ./Core/Src/system_stm32h5xx.o
                0x000000000800cc38                APBPrescTable
 .rodata.UARTPrescTable
                0x000000000800cc40       0x18 ./libraries/Drivers/STM32H5xx_HAL_Driver/Src/stm32h5xx_hal_uart.o
                0x000000000800cc40                UARTPrescTable
 .rodata.numerator.1
                0x000000000800cc58        0x8 ./libraries/Drivers/STM32H5xx_HAL_Driver/Src/stm32h5xx_hal_uart_ex.o
 .rodata.denominator.0
                0x000000000800cc60        0x8 ./libraries/Drivers/STM32H5xx_HAL_Driver/Src/stm32h5xx_hal_uart_ex.o
                0x000000000800cc68                . = ALIGN (0x4)

.ARM.extab      0x000000000800cc68        0x0
                0x000000000800cc68                . = ALIGN (0x4)
 *(.ARM.extab* .gnu.linkonce.armextab.*)
                0x000000000800cc68                . = ALIGN (0x4)

.ARM            0x000000000800cc68        0x8
                0x000000000800cc68                . = ALIGN (0x4)
                0x000000000800cc68                __exidx_start = .
 *(.ARM.exidx*)
 .ARM.exidx     0x000000000800cc68        0x8 F:/CubeIDE1.14.1/STM32CubeIDE_1.14.1/STM32CubeIDE/plugins/com.st.stm32cube.ide.mcu.externaltools.gnu-tools-for-stm32.11.3.rel1.win32_1.1.100.202309141235/tools/bin/../lib/gcc/arm-none-eabi/11.3.1/thumb/v8-m.main+fp/hard\libgcc.a(_udivmoddi4.o)
                0x000000000800cc70                __exidx_end = .
                0x000000000800cc70                . = ALIGN (0x4)

.rel.dyn        0x000000000800cc70        0x0
 .rel.iplt      0x000000000800cc70        0x0 F:/CubeIDE1.14.1/STM32CubeIDE_1.14.1/STM32CubeIDE/plugins/com.st.stm32cube.ide.mcu.externaltools.gnu-tools-for-stm32.11.3.rel1.win32_1.1.100.202309141235/tools/bin/../lib/gcc/arm-none-eabi/11.3.1/thumb/v8-m.main+fp/hard/crtbegin.o

.preinit_array  0x000000000800cc70        0x0
                0x000000000800cc70                . = ALIGN (0x4)
                0x000000000800cc70                PROVIDE (__preinit_array_start = .)
 *(.preinit_array*)
                0x000000000800cc70                PROVIDE (__preinit_array_end = .)
                0x000000000800cc70                . = ALIGN (0x4)

.init_array     0x000000000800cc70        0x4
                0x000000000800cc70                . = ALIGN (0x4)
                0x000000000800cc70                PROVIDE (__init_array_start = .)
 *(SORT_BY_NAME(.init_array.*))
 *(.init_array*)
 .init_array    0x000000000800cc70        0x4 F:/CubeIDE1.14.1/STM32CubeIDE_1.14.1/STM32CubeIDE/plugins/com.st.stm32cube.ide.mcu.externaltools.gnu-tools-for-stm32.11.3.rel1.win32_1.1.100.202309141235/tools/bin/../lib/gcc/arm-none-eabi/11.3.1/thumb/v8-m.main+fp/hard/crtbegin.o
                0x000000000800cc74                PROVIDE (__init_array_end = .)
                0x000000000800cc74                . = ALIGN (0x4)

.fini_array     0x000000000800cc74        0x4
                0x000000000800cc74                . = ALIGN (0x4)
                [!provide]                        PROVIDE (__fini_array_start = .)
 *(SORT_BY_NAME(.fini_array.*))
 *(.fini_array*)
 .fini_array    0x000000000800cc74        0x4 F:/CubeIDE1.14.1/STM32CubeIDE_1.14.1/STM32CubeIDE/plugins/com.st.stm32cube.ide.mcu.externaltools.gnu-tools-for-stm32.11.3.rel1.win32_1.1.100.202309141235/tools/bin/../lib/gcc/arm-none-eabi/11.3.1/thumb/v8-m.main+fp/hard/crtbegin.o
                [!provide]                        PROVIDE (__fini_array_end = .)
                0x000000000800cc78                . = ALIGN (0x4)
                0x000000000800cc78                _sidata = LOADADDR (.data)

.data           0x0000000020000000       0x6c load address 0x000000000800cc78
                0x0000000020000000                . = ALIGN (0x4)
                0x0000000020000000                _sdata = .
 *(.data)
 *(.data*)
 .data.g_back_color
                0x0000000020000000        0x2 ./BSP/LCD/lcd.o
                0x0000000020000000                g_back_color
 *fill*         0x0000000020000002        0x2 
 .data.SystemCoreClock
                0x0000000020000004        0x4 ./Core/Src/system_stm32h5xx.o
                0x0000000020000004                SystemCoreClock
 .data.uwTickPrio
                0x0000000020000008        0x4 ./libraries/Drivers/STM32H5xx_HAL_Driver/Src/stm32h5xx_hal.o
                0x0000000020000008                uwTickPrio
 .data.uwTickFreq
                0x000000002000000c        0x1 ./libraries/Drivers/STM32H5xx_HAL_Driver/Src/stm32h5xx_hal.o
                0x000000002000000c                uwTickFreq
 *fill*         0x000000002000000d        0x3 
 .data.__sglue  0x0000000020000010        0xc F:/CubeIDE1.14.1/STM32CubeIDE_1.14.1/STM32CubeIDE/plugins/com.st.stm32cube.ide.mcu.externaltools.gnu-tools-for-stm32.11.3.rel1.win32_1.1.100.202309141235/tools/bin/../lib/gcc/arm-none-eabi/11.3.1/../../../../arm-none-eabi/lib/thumb/v8-m.main+fp/hard\libc_nano.a(libc_a-findfp.o)
                0x0000000020000010                __sglue
 .data._impure_data
                0x000000002000001c       0x4c F:/CubeIDE1.14.1/STM32CubeIDE_1.14.1/STM32CubeIDE/plugins/com.st.stm32cube.ide.mcu.externaltools.gnu-tools-for-stm32.11.3.rel1.win32_1.1.100.202309141235/tools/bin/../lib/gcc/arm-none-eabi/11.3.1/../../../../arm-none-eabi/lib/thumb/v8-m.main+fp/hard\libc_nano.a(libc_a-impure.o)
                0x000000002000001c                _impure_data
 .data._impure_ptr
                0x0000000020000068        0x4 F:/CubeIDE1.14.1/STM32CubeIDE_1.14.1/STM32CubeIDE/plugins/com.st.stm32cube.ide.mcu.externaltools.gnu-tools-for-stm32.11.3.rel1.win32_1.1.100.202309141235/tools/bin/../lib/gcc/arm-none-eabi/11.3.1/../../../../arm-none-eabi/lib/thumb/v8-m.main+fp/hard\libc_nano.a(libc_a-impure.o)
                0x0000000020000068                _impure_ptr
 *(.RamFunc)
 *(.RamFunc*)
                0x000000002000006c                . = ALIGN (0x4)
                0x000000002000006c                _edata = .

.igot.plt       0x000000002000006c        0x0 load address 0x000000000800cce4
 .igot.plt      0x000000002000006c        0x0 F:/CubeIDE1.14.1/STM32CubeIDE_1.14.1/STM32CubeIDE/plugins/com.st.stm32cube.ide.mcu.externaltools.gnu-tools-for-stm32.11.3.rel1.win32_1.1.100.202309141235/tools/bin/../lib/gcc/arm-none-eabi/11.3.1/thumb/v8-m.main+fp/hard/crtbegin.o
                0x000000002000006c                . = ALIGN (0x4)

.bss            0x000000002000006c      0x7e4 load address 0x000000000800cce4
                0x000000002000006c                _sbss = .
                0x000000002000006c                __bss_start__ = _sbss
 *(.bss)
 .bss           0x000000002000006c       0x1c F:/CubeIDE1.14.1/STM32CubeIDE_1.14.1/STM32CubeIDE/plugins/com.st.stm32cube.ide.mcu.externaltools.gnu-tools-for-stm32.11.3.rel1.win32_1.1.100.202309141235/tools/bin/../lib/gcc/arm-none-eabi/11.3.1/thumb/v8-m.main+fp/hard/crtbegin.o
 *(.bss*)
 .bss.lcd_buf   0x0000000020000088      0x480 ./BSP/LCD/lcd.o
 .bss.hspi1     0x0000000020000508       0x90 ./Core/Src/spi.o
                0x0000000020000508                hspi1
 .bss.__sbrk_heap_end
                0x0000000020000598        0x4 ./Core/Src/sysmem.o
 .bss.g_usart_rx_buf
                0x000000002000059c       0xc8 ./Core/Src/usart.o
                0x000000002000059c                g_usart_rx_buf
 .bss.g_usart_rx_sta
                0x0000000020000664        0x2 ./Core/Src/usart.o
                0x0000000020000664                g_usart_rx_sta
 *fill*         0x0000000020000666        0x2 
 .bss.g_rx_buffer
                0x0000000020000668        0x1 ./Core/Src/usart.o
                0x0000000020000668                g_rx_buffer
 *fill*         0x0000000020000669        0x3 
 .bss.huart1    0x000000002000066c       0x94 ./Core/Src/usart.o
                0x000000002000066c                huart1
 .bss.uwTick    0x0000000020000700        0x4 ./libraries/Drivers/STM32H5xx_HAL_Driver/Src/stm32h5xx_hal.o
                0x0000000020000700                uwTick
 .bss.__sf      0x0000000020000704      0x138 F:/CubeIDE1.14.1/STM32CubeIDE_1.14.1/STM32CubeIDE/plugins/com.st.stm32cube.ide.mcu.externaltools.gnu-tools-for-stm32.11.3.rel1.win32_1.1.100.202309141235/tools/bin/../lib/gcc/arm-none-eabi/11.3.1/../../../../arm-none-eabi/lib/thumb/v8-m.main+fp/hard\libc_nano.a(libc_a-findfp.o)
                0x0000000020000704                __sf
 .bss.__stdio_exit_handler
                0x000000002000083c        0x4 F:/CubeIDE1.14.1/STM32CubeIDE_1.14.1/STM32CubeIDE/plugins/com.st.stm32cube.ide.mcu.externaltools.gnu-tools-for-stm32.11.3.rel1.win32_1.1.100.202309141235/tools/bin/../lib/gcc/arm-none-eabi/11.3.1/../../../../arm-none-eabi/lib/thumb/v8-m.main+fp/hard\libc_nano.a(libc_a-findfp.o)
                0x000000002000083c                __stdio_exit_handler
 .bss.errno     0x0000000020000840        0x4 F:/CubeIDE1.14.1/STM32CubeIDE_1.14.1/STM32CubeIDE/plugins/com.st.stm32cube.ide.mcu.externaltools.gnu-tools-for-stm32.11.3.rel1.win32_1.1.100.202309141235/tools/bin/../lib/gcc/arm-none-eabi/11.3.1/../../../../arm-none-eabi/lib/thumb/v8-m.main+fp/hard\libc_nano.a(libc_a-reent.o)
                0x0000000020000840                errno
 .bss.__lock___malloc_recursive_mutex
                0x0000000020000844        0x1 F:/CubeIDE1.14.1/STM32CubeIDE_1.14.1/STM32CubeIDE/plugins/com.st.stm32cube.ide.mcu.externaltools.gnu-tools-for-stm32.11.3.rel1.win32_1.1.100.202309141235/tools/bin/../lib/gcc/arm-none-eabi/11.3.1/../../../../arm-none-eabi/lib/thumb/v8-m.main+fp/hard\libc_nano.a(libc_a-lock.o)
                0x0000000020000844                __lock___malloc_recursive_mutex
 .bss.__lock___sfp_recursive_mutex
                0x0000000020000845        0x1 F:/CubeIDE1.14.1/STM32CubeIDE_1.14.1/STM32CubeIDE/plugins/com.st.stm32cube.ide.mcu.externaltools.gnu-tools-for-stm32.11.3.rel1.win32_1.1.100.202309141235/tools/bin/../lib/gcc/arm-none-eabi/11.3.1/../../../../arm-none-eabi/lib/thumb/v8-m.main+fp/hard\libc_nano.a(libc_a-lock.o)
                0x0000000020000845                __lock___sfp_recursive_mutex
 *fill*         0x0000000020000846        0x2 
 .bss.__malloc_free_list
                0x0000000020000848        0x4 F:/CubeIDE1.14.1/STM32CubeIDE_1.14.1/STM32CubeIDE/plugins/com.st.stm32cube.ide.mcu.externaltools.gnu-tools-for-stm32.11.3.rel1.win32_1.1.100.202309141235/tools/bin/../lib/gcc/arm-none-eabi/11.3.1/../../../../arm-none-eabi/lib/thumb/v8-m.main+fp/hard\libc_nano.a(libc_a-mallocr.o)
                0x0000000020000848                __malloc_free_list
 .bss.__malloc_sbrk_start
                0x000000002000084c        0x4 F:/CubeIDE1.14.1/STM32CubeIDE_1.14.1/STM32CubeIDE/plugins/com.st.stm32cube.ide.mcu.externaltools.gnu-tools-for-stm32.11.3.rel1.win32_1.1.100.202309141235/tools/bin/../lib/gcc/arm-none-eabi/11.3.1/../../../../arm-none-eabi/lib/thumb/v8-m.main+fp/hard\libc_nano.a(libc_a-mallocr.o)
                0x000000002000084c                __malloc_sbrk_start
 *(COMMON)
                0x0000000020000850                . = ALIGN (0x4)
                0x0000000020000850                _ebss = .
                0x0000000020000850                __bss_end__ = _ebss

._user_heap_stack
                0x0000000020000850      0x600 load address 0x000000000800cce4
                0x0000000020000850                . = ALIGN (0x8)
                [!provide]                        PROVIDE (end = .)
                0x0000000020000850                PROVIDE (_end = .)
                0x0000000020000a50                . = (. + _Min_Heap_Size)
 *fill*         0x0000000020000850      0x200 
                0x0000000020000e50                . = (. + _Min_Stack_Size)
 *fill*         0x0000000020000a50      0x400 
                0x0000000020000e50                . = ALIGN (0x8)

/DISCARD/
 libc.a(*)
 libm.a(*)
 libgcc.a(*)

.ARM.attributes
                0x0000000000000000       0x36
 *(.ARM.attributes)
 .ARM.attributes
                0x0000000000000000       0x22 F:/CubeIDE1.14.1/STM32CubeIDE_1.14.1/STM32CubeIDE/plugins/com.st.stm32cube.ide.mcu.externaltools.gnu-tools-for-stm32.11.3.rel1.win32_1.1.100.202309141235/tools/bin/../lib/gcc/arm-none-eabi/11.3.1/thumb/v8-m.main+fp/hard/crti.o
 .ARM.attributes
                0x0000000000000022       0x38 F:/CubeIDE1.14.1/STM32CubeIDE_1.14.1/STM32CubeIDE/plugins/com.st.stm32cube.ide.mcu.externaltools.gnu-tools-for-stm32.11.3.rel1.win32_1.1.100.202309141235/tools/bin/../lib/gcc/arm-none-eabi/11.3.1/thumb/v8-m.main+fp/hard/crtbegin.o
 .ARM.attributes
                0x000000000000005a       0x3a ./BSP/LCD/lcd.o
 .ARM.attributes
                0x0000000000000094       0x3a ./Core/Src/gpio.o
 .ARM.attributes
                0x00000000000000ce       0x3a ./Core/Src/icache.o
 .ARM.attributes
                0x0000000000000108       0x3a ./Core/Src/main.o
 .ARM.attributes
                0x0000000000000142       0x3a ./Core/Src/spi.o
 .ARM.attributes
                0x000000000000017c       0x3a ./Core/Src/stm32h5xx_hal_msp.o
 .ARM.attributes
                0x00000000000001b6       0x3a ./Core/Src/stm32h5xx_it.o
 .ARM.attributes
                0x00000000000001f0       0x3a ./Core/Src/syscalls.o
 .ARM.attributes
                0x000000000000022a       0x3a ./Core/Src/sysmem.o
 .ARM.attributes
                0x0000000000000264       0x3a ./Core/Src/system_stm32h5xx.o
 .ARM.attributes
                0x000000000000029e       0x3a ./Core/Src/usart.o
 .ARM.attributes
                0x00000000000002d8       0x24 ./Core/Startup/startup_stm32h503cbtx.o
 .ARM.attributes
                0x00000000000002fc       0x3a ./libraries/Drivers/STM32H5xx_HAL_Driver/Src/stm32h5xx_hal.o
 .ARM.attributes
                0x0000000000000336       0x3a ./libraries/Drivers/STM32H5xx_HAL_Driver/Src/stm32h5xx_hal_cortex.o
 .ARM.attributes
                0x0000000000000370       0x3a ./libraries/Drivers/STM32H5xx_HAL_Driver/Src/stm32h5xx_hal_dma.o
 .ARM.attributes
                0x00000000000003aa       0x3a ./libraries/Drivers/STM32H5xx_HAL_Driver/Src/stm32h5xx_hal_gpio.o
 .ARM.attributes
                0x00000000000003e4       0x3a ./libraries/Drivers/STM32H5xx_HAL_Driver/Src/stm32h5xx_hal_icache.o
 .ARM.attributes
                0x000000000000041e       0x3a ./libraries/Drivers/STM32H5xx_HAL_Driver/Src/stm32h5xx_hal_rcc.o
 .ARM.attributes
                0x0000000000000458       0x3a ./libraries/Drivers/STM32H5xx_HAL_Driver/Src/stm32h5xx_hal_rcc_ex.o
 .ARM.attributes
                0x0000000000000492       0x3a ./libraries/Drivers/STM32H5xx_HAL_Driver/Src/stm32h5xx_hal_spi.o
 .ARM.attributes
                0x00000000000004cc       0x3a ./libraries/Drivers/STM32H5xx_HAL_Driver/Src/stm32h5xx_hal_uart.o
 .ARM.attributes
                0x0000000000000506       0x3a ./libraries/Drivers/STM32H5xx_HAL_Driver/Src/stm32h5xx_hal_uart_ex.o
 .ARM.attributes
                0x0000000000000540       0x38 F:/CubeIDE1.14.1/STM32CubeIDE_1.14.1/STM32CubeIDE/plugins/com.st.stm32cube.ide.mcu.externaltools.gnu-tools-for-stm32.11.3.rel1.win32_1.1.100.202309141235/tools/bin/../lib/gcc/arm-none-eabi/11.3.1/../../../../arm-none-eabi/lib/thumb/v8-m.main+fp/hard\libc_nano.a(libc_a-findfp.o)
 .ARM.attributes
                0x0000000000000578       0x38 F:/CubeIDE1.14.1/STM32CubeIDE_1.14.1/STM32CubeIDE/plugins/com.st.stm32cube.ide.mcu.externaltools.gnu-tools-for-stm32.11.3.rel1.win32_1.1.100.202309141235/tools/bin/../lib/gcc/arm-none-eabi/11.3.1/../../../../arm-none-eabi/lib/thumb/v8-m.main+fp/hard\libc_nano.a(libc_a-fwalk.o)
 .ARM.attributes
                0x00000000000005b0       0x38 F:/CubeIDE1.14.1/STM32CubeIDE_1.14.1/STM32CubeIDE/plugins/com.st.stm32cube.ide.mcu.externaltools.gnu-tools-for-stm32.11.3.rel1.win32_1.1.100.202309141235/tools/bin/../lib/gcc/arm-none-eabi/11.3.1/../../../../arm-none-eabi/lib/thumb/v8-m.main+fp/hard\libc_nano.a(libc_a-putchar.o)
 .ARM.attributes
                0x00000000000005e8       0x38 F:/CubeIDE1.14.1/STM32CubeIDE_1.14.1/STM32CubeIDE/plugins/com.st.stm32cube.ide.mcu.externaltools.gnu-tools-for-stm32.11.3.rel1.win32_1.1.100.202309141235/tools/bin/../lib/gcc/arm-none-eabi/11.3.1/../../../../arm-none-eabi/lib/thumb/v8-m.main+fp/hard\libc_nano.a(libc_a-puts.o)
 .ARM.attributes
                0x0000000000000620       0x38 F:/CubeIDE1.14.1/STM32CubeIDE_1.14.1/STM32CubeIDE/plugins/com.st.stm32cube.ide.mcu.externaltools.gnu-tools-for-stm32.11.3.rel1.win32_1.1.100.202309141235/tools/bin/../lib/gcc/arm-none-eabi/11.3.1/../../../../arm-none-eabi/lib/thumb/v8-m.main+fp/hard\libc_nano.a(libc_a-stdio.o)
 .ARM.attributes
                0x0000000000000658       0x38 F:/CubeIDE1.14.1/STM32CubeIDE_1.14.1/STM32CubeIDE/plugins/com.st.stm32cube.ide.mcu.externaltools.gnu-tools-for-stm32.11.3.rel1.win32_1.1.100.202309141235/tools/bin/../lib/gcc/arm-none-eabi/11.3.1/../../../../arm-none-eabi/lib/thumb/v8-m.main+fp/hard\libc_nano.a(libc_a-wbuf.o)
 .ARM.attributes
                0x0000000000000690       0x38 F:/CubeIDE1.14.1/STM32CubeIDE_1.14.1/STM32CubeIDE/plugins/com.st.stm32cube.ide.mcu.externaltools.gnu-tools-for-stm32.11.3.rel1.win32_1.1.100.202309141235/tools/bin/../lib/gcc/arm-none-eabi/11.3.1/../../../../arm-none-eabi/lib/thumb/v8-m.main+fp/hard\libc_nano.a(libc_a-wsetup.o)
 .ARM.attributes
                0x00000000000006c8       0x38 F:/CubeIDE1.14.1/STM32CubeIDE_1.14.1/STM32CubeIDE/plugins/com.st.stm32cube.ide.mcu.externaltools.gnu-tools-for-stm32.11.3.rel1.win32_1.1.100.202309141235/tools/bin/../lib/gcc/arm-none-eabi/11.3.1/../../../../arm-none-eabi/lib/thumb/v8-m.main+fp/hard\libc_nano.a(libc_a-memset.o)
 .ARM.attributes
                0x0000000000000700       0x38 F:/CubeIDE1.14.1/STM32CubeIDE_1.14.1/STM32CubeIDE/plugins/com.st.stm32cube.ide.mcu.externaltools.gnu-tools-for-stm32.11.3.rel1.win32_1.1.100.202309141235/tools/bin/../lib/gcc/arm-none-eabi/11.3.1/../../../../arm-none-eabi/lib/thumb/v8-m.main+fp/hard\libc_nano.a(libc_a-closer.o)
 .ARM.attributes
                0x0000000000000738       0x38 F:/CubeIDE1.14.1/STM32CubeIDE_1.14.1/STM32CubeIDE/plugins/com.st.stm32cube.ide.mcu.externaltools.gnu-tools-for-stm32.11.3.rel1.win32_1.1.100.202309141235/tools/bin/../lib/gcc/arm-none-eabi/11.3.1/../../../../arm-none-eabi/lib/thumb/v8-m.main+fp/hard\libc_nano.a(libc_a-reent.o)
 .ARM.attributes
                0x0000000000000770       0x38 F:/CubeIDE1.14.1/STM32CubeIDE_1.14.1/STM32CubeIDE/plugins/com.st.stm32cube.ide.mcu.externaltools.gnu-tools-for-stm32.11.3.rel1.win32_1.1.100.202309141235/tools/bin/../lib/gcc/arm-none-eabi/11.3.1/../../../../arm-none-eabi/lib/thumb/v8-m.main+fp/hard\libc_nano.a(libc_a-impure.o)
 .ARM.attributes
                0x00000000000007a8       0x38 F:/CubeIDE1.14.1/STM32CubeIDE_1.14.1/STM32CubeIDE/plugins/com.st.stm32cube.ide.mcu.externaltools.gnu-tools-for-stm32.11.3.rel1.win32_1.1.100.202309141235/tools/bin/../lib/gcc/arm-none-eabi/11.3.1/../../../../arm-none-eabi/lib/thumb/v8-m.main+fp/hard\libc_nano.a(libc_a-lseekr.o)
 .ARM.attributes
                0x00000000000007e0       0x38 F:/CubeIDE1.14.1/STM32CubeIDE_1.14.1/STM32CubeIDE/plugins/com.st.stm32cube.ide.mcu.externaltools.gnu-tools-for-stm32.11.3.rel1.win32_1.1.100.202309141235/tools/bin/../lib/gcc/arm-none-eabi/11.3.1/../../../../arm-none-eabi/lib/thumb/v8-m.main+fp/hard\libc_nano.a(libc_a-readr.o)
 .ARM.attributes
                0x0000000000000818       0x38 F:/CubeIDE1.14.1/STM32CubeIDE_1.14.1/STM32CubeIDE/plugins/com.st.stm32cube.ide.mcu.externaltools.gnu-tools-for-stm32.11.3.rel1.win32_1.1.100.202309141235/tools/bin/../lib/gcc/arm-none-eabi/11.3.1/../../../../arm-none-eabi/lib/thumb/v8-m.main+fp/hard\libc_nano.a(libc_a-writer.o)
 .ARM.attributes
                0x0000000000000850       0x38 F:/CubeIDE1.14.1/STM32CubeIDE_1.14.1/STM32CubeIDE/plugins/com.st.stm32cube.ide.mcu.externaltools.gnu-tools-for-stm32.11.3.rel1.win32_1.1.100.202309141235/tools/bin/../lib/gcc/arm-none-eabi/11.3.1/../../../../arm-none-eabi/lib/thumb/v8-m.main+fp/hard\libc_nano.a(libc_a-errno.o)
 .ARM.attributes
                0x0000000000000888       0x38 F:/CubeIDE1.14.1/STM32CubeIDE_1.14.1/STM32CubeIDE/plugins/com.st.stm32cube.ide.mcu.externaltools.gnu-tools-for-stm32.11.3.rel1.win32_1.1.100.202309141235/tools/bin/../lib/gcc/arm-none-eabi/11.3.1/../../../../arm-none-eabi/lib/thumb/v8-m.main+fp/hard\libc_nano.a(libc_a-init.o)
 .ARM.attributes
                0x00000000000008c0       0x38 F:/CubeIDE1.14.1/STM32CubeIDE_1.14.1/STM32CubeIDE/plugins/com.st.stm32cube.ide.mcu.externaltools.gnu-tools-for-stm32.11.3.rel1.win32_1.1.100.202309141235/tools/bin/../lib/gcc/arm-none-eabi/11.3.1/../../../../arm-none-eabi/lib/thumb/v8-m.main+fp/hard\libc_nano.a(libc_a-lock.o)
 .ARM.attributes
                0x00000000000008f8       0x38 F:/CubeIDE1.14.1/STM32CubeIDE_1.14.1/STM32CubeIDE/plugins/com.st.stm32cube.ide.mcu.externaltools.gnu-tools-for-stm32.11.3.rel1.win32_1.1.100.202309141235/tools/bin/../lib/gcc/arm-none-eabi/11.3.1/../../../../arm-none-eabi/lib/thumb/v8-m.main+fp/hard\libc_nano.a(libc_a-freer.o)
 .ARM.attributes
                0x0000000000000930       0x38 F:/CubeIDE1.14.1/STM32CubeIDE_1.14.1/STM32CubeIDE/plugins/com.st.stm32cube.ide.mcu.externaltools.gnu-tools-for-stm32.11.3.rel1.win32_1.1.100.202309141235/tools/bin/../lib/gcc/arm-none-eabi/11.3.1/../../../../arm-none-eabi/lib/thumb/v8-m.main+fp/hard\libc_nano.a(libc_a-mallocr.o)
 .ARM.attributes
                0x0000000000000968       0x38 F:/CubeIDE1.14.1/STM32CubeIDE_1.14.1/STM32CubeIDE/plugins/com.st.stm32cube.ide.mcu.externaltools.gnu-tools-for-stm32.11.3.rel1.win32_1.1.100.202309141235/tools/bin/../lib/gcc/arm-none-eabi/11.3.1/../../../../arm-none-eabi/lib/thumb/v8-m.main+fp/hard\libc_nano.a(libc_a-mlock.o)
 .ARM.attributes
                0x00000000000009a0       0x38 F:/CubeIDE1.14.1/STM32CubeIDE_1.14.1/STM32CubeIDE/plugins/com.st.stm32cube.ide.mcu.externaltools.gnu-tools-for-stm32.11.3.rel1.win32_1.1.100.202309141235/tools/bin/../lib/gcc/arm-none-eabi/11.3.1/../../../../arm-none-eabi/lib/thumb/v8-m.main+fp/hard\libc_nano.a(libc_a-fflush.o)
 .ARM.attributes
                0x00000000000009d8       0x38 F:/CubeIDE1.14.1/STM32CubeIDE_1.14.1/STM32CubeIDE/plugins/com.st.stm32cube.ide.mcu.externaltools.gnu-tools-for-stm32.11.3.rel1.win32_1.1.100.202309141235/tools/bin/../lib/gcc/arm-none-eabi/11.3.1/../../../../arm-none-eabi/lib/thumb/v8-m.main+fp/hard\libc_nano.a(libc_a-makebuf.o)
 .ARM.attributes
                0x0000000000000a10       0x38 F:/CubeIDE1.14.1/STM32CubeIDE_1.14.1/STM32CubeIDE/plugins/com.st.stm32cube.ide.mcu.externaltools.gnu-tools-for-stm32.11.3.rel1.win32_1.1.100.202309141235/tools/bin/../lib/gcc/arm-none-eabi/11.3.1/../../../../arm-none-eabi/lib/thumb/v8-m.main+fp/hard\libc_nano.a(libc_a-putc.o)
 .ARM.attributes
                0x0000000000000a48       0x38 F:/CubeIDE1.14.1/STM32CubeIDE_1.14.1/STM32CubeIDE/plugins/com.st.stm32cube.ide.mcu.externaltools.gnu-tools-for-stm32.11.3.rel1.win32_1.1.100.202309141235/tools/bin/../lib/gcc/arm-none-eabi/11.3.1/../../../../arm-none-eabi/lib/thumb/v8-m.main+fp/hard\libc_nano.a(libc_a-fstatr.o)
 .ARM.attributes
                0x0000000000000a80       0x38 F:/CubeIDE1.14.1/STM32CubeIDE_1.14.1/STM32CubeIDE/plugins/com.st.stm32cube.ide.mcu.externaltools.gnu-tools-for-stm32.11.3.rel1.win32_1.1.100.202309141235/tools/bin/../lib/gcc/arm-none-eabi/11.3.1/../../../../arm-none-eabi/lib/thumb/v8-m.main+fp/hard\libc_nano.a(libc_a-isattyr.o)
 .ARM.attributes
                0x0000000000000ab8       0x38 F:/CubeIDE1.14.1/STM32CubeIDE_1.14.1/STM32CubeIDE/plugins/com.st.stm32cube.ide.mcu.externaltools.gnu-tools-for-stm32.11.3.rel1.win32_1.1.100.202309141235/tools/bin/../lib/gcc/arm-none-eabi/11.3.1/../../../../arm-none-eabi/lib/thumb/v8-m.main+fp/hard\libc_nano.a(libc_a-sbrkr.o)
 .ARM.attributes
                0x0000000000000af0       0x22 F:/CubeIDE1.14.1/STM32CubeIDE_1.14.1/STM32CubeIDE/plugins/com.st.stm32cube.ide.mcu.externaltools.gnu-tools-for-stm32.11.3.rel1.win32_1.1.100.202309141235/tools/bin/../lib/gcc/arm-none-eabi/11.3.1/thumb/v8-m.main+fp/hard\libgcc.a(_aeabi_uldivmod.o)
 .ARM.attributes
                0x0000000000000b12       0x38 F:/CubeIDE1.14.1/STM32CubeIDE_1.14.1/STM32CubeIDE/plugins/com.st.stm32cube.ide.mcu.externaltools.gnu-tools-for-stm32.11.3.rel1.win32_1.1.100.202309141235/tools/bin/../lib/gcc/arm-none-eabi/11.3.1/thumb/v8-m.main+fp/hard\libgcc.a(_udivmoddi4.o)
 .ARM.attributes
                0x0000000000000b4a       0x22 F:/CubeIDE1.14.1/STM32CubeIDE_1.14.1/STM32CubeIDE/plugins/com.st.stm32cube.ide.mcu.externaltools.gnu-tools-for-stm32.11.3.rel1.win32_1.1.100.202309141235/tools/bin/../lib/gcc/arm-none-eabi/11.3.1/thumb/v8-m.main+fp/hard\libgcc.a(_dvmd_tls.o)
 .ARM.attributes
                0x0000000000000b6c       0x22 F:/CubeIDE1.14.1/STM32CubeIDE_1.14.1/STM32CubeIDE/plugins/com.st.stm32cube.ide.mcu.externaltools.gnu-tools-for-stm32.11.3.rel1.win32_1.1.100.202309141235/tools/bin/../lib/gcc/arm-none-eabi/11.3.1/thumb/v8-m.main+fp/hard/crtn.o
OUTPUT(10_TFTLCD_MCU.elf elf32-littlearm)
LOAD linker stubs
LOAD F:/CubeIDE1.14.1/STM32CubeIDE_1.14.1/STM32CubeIDE/plugins/com.st.stm32cube.ide.mcu.externaltools.gnu-tools-for-stm32.11.3.rel1.win32_1.1.100.202309141235/tools/bin/../lib/gcc/arm-none-eabi/11.3.1/../../../../arm-none-eabi/lib/thumb/v8-m.main+fp/hard\libc.a
LOAD F:/CubeIDE1.14.1/STM32CubeIDE_1.14.1/STM32CubeIDE/plugins/com.st.stm32cube.ide.mcu.externaltools.gnu-tools-for-stm32.11.3.rel1.win32_1.1.100.202309141235/tools/bin/../lib/gcc/arm-none-eabi/11.3.1/../../../../arm-none-eabi/lib/thumb/v8-m.main+fp/hard\libm.a
LOAD F:/CubeIDE1.14.1/STM32CubeIDE_1.14.1/STM32CubeIDE/plugins/com.st.stm32cube.ide.mcu.externaltools.gnu-tools-for-stm32.11.3.rel1.win32_1.1.100.202309141235/tools/bin/../lib/gcc/arm-none-eabi/11.3.1/thumb/v8-m.main+fp/hard\libgcc.a

.comment        0x0000000000000000       0x43
 .comment       0x0000000000000000       0x43 F:/CubeIDE1.14.1/STM32CubeIDE_1.14.1/STM32CubeIDE/plugins/com.st.stm32cube.ide.mcu.externaltools.gnu-tools-for-stm32.11.3.rel1.win32_1.1.100.202309141235/tools/bin/../lib/gcc/arm-none-eabi/11.3.1/thumb/v8-m.main+fp/hard/crtbegin.o
                                         0x44 (size before relaxing)
 .comment       0x0000000000000043       0x44 ./BSP/LCD/lcd.o
 .comment       0x0000000000000043       0x44 ./Core/Src/gpio.o
 .comment       0x0000000000000043       0x44 ./Core/Src/icache.o
 .comment       0x0000000000000043       0x44 ./Core/Src/main.o
 .comment       0x0000000000000043       0x44 ./Core/Src/spi.o
 .comment       0x0000000000000043       0x44 ./Core/Src/stm32h5xx_hal_msp.o
 .comment       0x0000000000000043       0x44 ./Core/Src/stm32h5xx_it.o
 .comment       0x0000000000000043       0x44 ./Core/Src/syscalls.o
 .comment       0x0000000000000043       0x44 ./Core/Src/sysmem.o
 .comment       0x0000000000000043       0x44 ./Core/Src/system_stm32h5xx.o
 .comment       0x0000000000000043       0x44 ./Core/Src/usart.o
 .comment       0x0000000000000043       0x44 ./libraries/Drivers/STM32H5xx_HAL_Driver/Src/stm32h5xx_hal.o
 .comment       0x0000000000000043       0x44 ./libraries/Drivers/STM32H5xx_HAL_Driver/Src/stm32h5xx_hal_cortex.o
 .comment       0x0000000000000043       0x44 ./libraries/Drivers/STM32H5xx_HAL_Driver/Src/stm32h5xx_hal_dma.o
 .comment       0x0000000000000043       0x44 ./libraries/Drivers/STM32H5xx_HAL_Driver/Src/stm32h5xx_hal_gpio.o
 .comment       0x0000000000000043       0x44 ./libraries/Drivers/STM32H5xx_HAL_Driver/Src/stm32h5xx_hal_icache.o
 .comment       0x0000000000000043       0x44 ./libraries/Drivers/STM32H5xx_HAL_Driver/Src/stm32h5xx_hal_rcc.o
 .comment       0x0000000000000043       0x44 ./libraries/Drivers/STM32H5xx_HAL_Driver/Src/stm32h5xx_hal_rcc_ex.o
 .comment       0x0000000000000043       0x44 ./libraries/Drivers/STM32H5xx_HAL_Driver/Src/stm32h5xx_hal_spi.o
 .comment       0x0000000000000043       0x44 ./libraries/Drivers/STM32H5xx_HAL_Driver/Src/stm32h5xx_hal_uart.o
 .comment       0x0000000000000043       0x44 ./libraries/Drivers/STM32H5xx_HAL_Driver/Src/stm32h5xx_hal_uart_ex.o

.debug_info     0x0000000000000000    0x11b5a
 .debug_info    0x0000000000000000      0xb06 ./BSP/LCD/lcd.o
 .debug_info    0x0000000000000b06      0x5d4 ./Core/Src/gpio.o
 .debug_info    0x00000000000010da       0xe6 ./Core/Src/icache.o
 .debug_info    0x00000000000011c0      0x5f1 ./Core/Src/main.o
 .debug_info    0x00000000000017b1     0x113b ./Core/Src/spi.o
 .debug_info    0x00000000000028ec       0x9f ./Core/Src/stm32h5xx_hal_msp.o
 .debug_info    0x000000000000298b      0x95e ./Core/Src/stm32h5xx_it.o
 .debug_info    0x00000000000032e9      0x6a3 ./Core/Src/syscalls.o
 .debug_info    0x000000000000398c      0x168 ./Core/Src/sysmem.o
 .debug_info    0x0000000000003af4      0xc0b ./Core/Src/system_stm32h5xx.o
 .debug_info    0x00000000000046ff     0x1460 ./Core/Src/usart.o
 .debug_info    0x0000000000005b5f       0x23 ./Core/Startup/startup_stm32h503cbtx.o
 .debug_info    0x0000000000005b82     0x1031 ./libraries/Drivers/STM32H5xx_HAL_Driver/Src/stm32h5xx_hal.o
 .debug_info    0x0000000000006bb3     0x14c8 ./libraries/Drivers/STM32H5xx_HAL_Driver/Src/stm32h5xx_hal_cortex.o
 .debug_info    0x000000000000807b      0xa85 ./libraries/Drivers/STM32H5xx_HAL_Driver/Src/stm32h5xx_hal_dma.o
 .debug_info    0x0000000000008b00      0x6aa ./libraries/Drivers/STM32H5xx_HAL_Driver/Src/stm32h5xx_hal_gpio.o
 .debug_info    0x00000000000091aa      0x38a ./libraries/Drivers/STM32H5xx_HAL_Driver/Src/stm32h5xx_hal_icache.o
 .debug_info    0x0000000000009534      0xfdf ./libraries/Drivers/STM32H5xx_HAL_Driver/Src/stm32h5xx_hal_rcc.o
 .debug_info    0x000000000000a513      0xf52 ./libraries/Drivers/STM32H5xx_HAL_Driver/Src/stm32h5xx_hal_rcc_ex.o
 .debug_info    0x000000000000b465     0x15d8 ./libraries/Drivers/STM32H5xx_HAL_Driver/Src/stm32h5xx_hal_spi.o
 .debug_info    0x000000000000ca3d     0x4030 ./libraries/Drivers/STM32H5xx_HAL_Driver/Src/stm32h5xx_hal_uart.o
 .debug_info    0x0000000000010a6d     0x10ed ./libraries/Drivers/STM32H5xx_HAL_Driver/Src/stm32h5xx_hal_uart_ex.o

.debug_abbrev   0x0000000000000000     0x29d7
 .debug_abbrev  0x0000000000000000      0x2b1 ./BSP/LCD/lcd.o
 .debug_abbrev  0x00000000000002b1      0x179 ./Core/Src/gpio.o
 .debug_abbrev  0x000000000000042a       0x98 ./Core/Src/icache.o
 .debug_abbrev  0x00000000000004c2      0x237 ./Core/Src/main.o
 .debug_abbrev  0x00000000000006f9      0x219 ./Core/Src/spi.o
 .debug_abbrev  0x0000000000000912       0x45 ./Core/Src/stm32h5xx_hal_msp.o
 .debug_abbrev  0x0000000000000957      0x184 ./Core/Src/stm32h5xx_it.o
 .debug_abbrev  0x0000000000000adb      0x1b6 ./Core/Src/syscalls.o
 .debug_abbrev  0x0000000000000c91       0xbc ./Core/Src/sysmem.o
 .debug_abbrev  0x0000000000000d4d      0x13a ./Core/Src/system_stm32h5xx.o
 .debug_abbrev  0x0000000000000e87      0x264 ./Core/Src/usart.o
 .debug_abbrev  0x00000000000010eb       0x12 ./Core/Startup/startup_stm32h503cbtx.o
 .debug_abbrev  0x00000000000010fd      0x299 ./libraries/Drivers/STM32H5xx_HAL_Driver/Src/stm32h5xx_hal.o
 .debug_abbrev  0x0000000000001396      0x30d ./libraries/Drivers/STM32H5xx_HAL_Driver/Src/stm32h5xx_hal_cortex.o
 .debug_abbrev  0x00000000000016a3      0x1ff ./libraries/Drivers/STM32H5xx_HAL_Driver/Src/stm32h5xx_hal_dma.o
 .debug_abbrev  0x00000000000018a2      0x1db ./libraries/Drivers/STM32H5xx_HAL_Driver/Src/stm32h5xx_hal_gpio.o
 .debug_abbrev  0x0000000000001a7d      0x1e4 ./libraries/Drivers/STM32H5xx_HAL_Driver/Src/stm32h5xx_hal_icache.o
 .debug_abbrev  0x0000000000001c61      0x28e ./libraries/Drivers/STM32H5xx_HAL_Driver/Src/stm32h5xx_hal_rcc.o
 .debug_abbrev  0x0000000000001eef      0x25c ./libraries/Drivers/STM32H5xx_HAL_Driver/Src/stm32h5xx_hal_rcc_ex.o
 .debug_abbrev  0x000000000000214b      0x2b3 ./libraries/Drivers/STM32H5xx_HAL_Driver/Src/stm32h5xx_hal_spi.o
 .debug_abbrev  0x00000000000023fe      0x305 ./libraries/Drivers/STM32H5xx_HAL_Driver/Src/stm32h5xx_hal_uart.o
 .debug_abbrev  0x0000000000002703      0x2d4 ./libraries/Drivers/STM32H5xx_HAL_Driver/Src/stm32h5xx_hal_uart_ex.o

.debug_aranges  0x0000000000000000      0xdf0
 .debug_aranges
                0x0000000000000000       0xc8 ./BSP/LCD/lcd.o
 .debug_aranges
                0x00000000000000c8       0x20 ./Core/Src/gpio.o
 .debug_aranges
                0x00000000000000e8       0x20 ./Core/Src/icache.o
 .debug_aranges
                0x0000000000000108       0x38 ./Core/Src/main.o
 .debug_aranges
                0x0000000000000140       0x38 ./Core/Src/spi.o
 .debug_aranges
                0x0000000000000178       0x20 ./Core/Src/stm32h5xx_hal_msp.o
 .debug_aranges
                0x0000000000000198       0x68 ./Core/Src/stm32h5xx_it.o
 .debug_aranges
                0x0000000000000200       0xa8 ./Core/Src/syscalls.o
 .debug_aranges
                0x00000000000002a8       0x20 ./Core/Src/sysmem.o
 .debug_aranges
                0x00000000000002c8       0x28 ./Core/Src/system_stm32h5xx.o
 .debug_aranges
                0x00000000000002f0       0x40 ./Core/Src/usart.o
 .debug_aranges
                0x0000000000000330       0x28 ./Core/Startup/startup_stm32h503cbtx.o
 .debug_aranges
                0x0000000000000358      0x1a0 ./libraries/Drivers/STM32H5xx_HAL_Driver/Src/stm32h5xx_hal.o
 .debug_aranges
                0x00000000000004f8      0x130 ./libraries/Drivers/STM32H5xx_HAL_Driver/Src/stm32h5xx_hal_cortex.o
 .debug_aranges
                0x0000000000000628       0x98 ./libraries/Drivers/STM32H5xx_HAL_Driver/Src/stm32h5xx_hal_dma.o
 .debug_aranges
                0x00000000000006c0       0x78 ./libraries/Drivers/STM32H5xx_HAL_Driver/Src/stm32h5xx_hal_gpio.o
 .debug_aranges
                0x0000000000000738       0x98 ./libraries/Drivers/STM32H5xx_HAL_Driver/Src/stm32h5xx_hal_icache.o
 .debug_aranges
                0x00000000000007d0       0xa0 ./libraries/Drivers/STM32H5xx_HAL_Driver/Src/stm32h5xx_hal_rcc.o
 .debug_aranges
                0x0000000000000870       0xe8 ./libraries/Drivers/STM32H5xx_HAL_Driver/Src/stm32h5xx_hal_rcc_ex.o
 .debug_aranges
                0x0000000000000958      0x1a8 ./libraries/Drivers/STM32H5xx_HAL_Driver/Src/stm32h5xx_hal_spi.o
 .debug_aranges
                0x0000000000000b00      0x248 ./libraries/Drivers/STM32H5xx_HAL_Driver/Src/stm32h5xx_hal_uart.o
 .debug_aranges
                0x0000000000000d48       0xa8 ./libraries/Drivers/STM32H5xx_HAL_Driver/Src/stm32h5xx_hal_uart_ex.o

.debug_rnglists
                0x0000000000000000      0xa97
 .debug_rnglists
                0x0000000000000000       0x9d ./BSP/LCD/lcd.o
 .debug_rnglists
                0x000000000000009d       0x14 ./Core/Src/gpio.o
 .debug_rnglists
                0x00000000000000b1       0x13 ./Core/Src/icache.o
 .debug_rnglists
                0x00000000000000c4       0x27 ./Core/Src/main.o
 .debug_rnglists
                0x00000000000000eb       0x27 ./Core/Src/spi.o
 .debug_rnglists
                0x0000000000000112       0x13 ./Core/Src/stm32h5xx_hal_msp.o
 .debug_rnglists
                0x0000000000000125       0x49 ./Core/Src/stm32h5xx_it.o
 .debug_rnglists
                0x000000000000016e       0x79 ./Core/Src/syscalls.o
 .debug_rnglists
                0x00000000000001e7       0x13 ./Core/Src/sysmem.o
 .debug_rnglists
                0x00000000000001fa       0x1b ./Core/Src/system_stm32h5xx.o
 .debug_rnglists
                0x0000000000000215       0x2e ./Core/Src/usart.o
 .debug_rnglists
                0x0000000000000243       0x19 ./Core/Startup/startup_stm32h503cbtx.o
 .debug_rnglists
                0x000000000000025c      0x133 ./libraries/Drivers/STM32H5xx_HAL_Driver/Src/stm32h5xx_hal.o
 .debug_rnglists
                0x000000000000038f       0xe0 ./libraries/Drivers/STM32H5xx_HAL_Driver/Src/stm32h5xx_hal_cortex.o
 .debug_rnglists
                0x000000000000046f       0x77 ./libraries/Drivers/STM32H5xx_HAL_Driver/Src/stm32h5xx_hal_dma.o
 .debug_rnglists
                0x00000000000004e6       0x57 ./libraries/Drivers/STM32H5xx_HAL_Driver/Src/stm32h5xx_hal_gpio.o
 .debug_rnglists
                0x000000000000053d       0x6d ./libraries/Drivers/STM32H5xx_HAL_Driver/Src/stm32h5xx_hal_icache.o
 .debug_rnglists
                0x00000000000005aa       0x79 ./libraries/Drivers/STM32H5xx_HAL_Driver/Src/stm32h5xx_hal_rcc.o
 .debug_rnglists
                0x0000000000000623       0xb4 ./libraries/Drivers/STM32H5xx_HAL_Driver/Src/stm32h5xx_hal_rcc_ex.o
 .debug_rnglists
                0x00000000000006d7      0x148 ./libraries/Drivers/STM32H5xx_HAL_Driver/Src/stm32h5xx_hal_spi.o
 .debug_rnglists
                0x000000000000081f      0x1f9 ./libraries/Drivers/STM32H5xx_HAL_Driver/Src/stm32h5xx_hal_uart.o
 .debug_rnglists
                0x0000000000000a18       0x7f ./libraries/Drivers/STM32H5xx_HAL_Driver/Src/stm32h5xx_hal_uart_ex.o

.debug_macro    0x0000000000000000    0x225c4
 .debug_macro   0x0000000000000000      0x2bf ./BSP/LCD/lcd.o
 .debug_macro   0x00000000000002bf      0xaae ./BSP/LCD/lcd.o
 .debug_macro   0x0000000000000d6d       0x22 ./BSP/LCD/lcd.o
 .debug_macro   0x0000000000000d8f       0x8e ./BSP/LCD/lcd.o
 .debug_macro   0x0000000000000e1d       0x51 ./BSP/LCD/lcd.o
 .debug_macro   0x0000000000000e6e      0x103 ./BSP/LCD/lcd.o
 .debug_macro   0x0000000000000f71       0x6a ./BSP/LCD/lcd.o
 .debug_macro   0x0000000000000fdb      0x1df ./BSP/LCD/lcd.o
 .debug_macro   0x00000000000011ba       0x42 ./BSP/LCD/lcd.o
 .debug_macro   0x00000000000011fc       0x1c ./BSP/LCD/lcd.o
 .debug_macro   0x0000000000001218       0x29 ./BSP/LCD/lcd.o
 .debug_macro   0x0000000000001241       0xfb ./BSP/LCD/lcd.o
 .debug_macro   0x000000000000133c     0x1685 ./BSP/LCD/lcd.o
 .debug_macro   0x00000000000029c1       0x5e ./BSP/LCD/lcd.o
 .debug_macro   0x0000000000002a1f    0x12b4b ./BSP/LCD/lcd.o
 .debug_macro   0x000000000001556a      0x1d0 ./BSP/LCD/lcd.o
 .debug_macro   0x000000000001573a       0x61 ./BSP/LCD/lcd.o
 .debug_macro   0x000000000001579b       0x2a ./BSP/LCD/lcd.o
 .debug_macro   0x00000000000157c5       0x43 ./BSP/LCD/lcd.o
 .debug_macro   0x0000000000015808       0x34 ./BSP/LCD/lcd.o
 .debug_macro   0x000000000001583c      0x174 ./BSP/LCD/lcd.o
 .debug_macro   0x00000000000159b0       0x16 ./BSP/LCD/lcd.o
 .debug_macro   0x00000000000159c6       0x43 ./BSP/LCD/lcd.o
 .debug_macro   0x0000000000015a09       0x34 ./BSP/LCD/lcd.o
 .debug_macro   0x0000000000015a3d       0x10 ./BSP/LCD/lcd.o
 .debug_macro   0x0000000000015a4d       0x58 ./BSP/LCD/lcd.o
 .debug_macro   0x0000000000015aa5       0x8e ./BSP/LCD/lcd.o
 .debug_macro   0x0000000000015b33       0x1c ./BSP/LCD/lcd.o
 .debug_macro   0x0000000000015b4f      0x177 ./BSP/LCD/lcd.o
 .debug_macro   0x0000000000015cc6      0x369 ./BSP/LCD/lcd.o
 .debug_macro   0x000000000001602f      0x19b ./BSP/LCD/lcd.o
 .debug_macro   0x00000000000161ca       0x28 ./BSP/LCD/lcd.o
 .debug_macro   0x00000000000161f2       0x6d ./BSP/LCD/lcd.o
 .debug_macro   0x000000000001625f     0x387c ./BSP/LCD/lcd.o
 .debug_macro   0x0000000000019adb       0x63 ./BSP/LCD/lcd.o
 .debug_macro   0x0000000000019b3e     0x146a ./BSP/LCD/lcd.o
 .debug_macro   0x000000000001afa8      0x75e ./BSP/LCD/lcd.o
 .debug_macro   0x000000000001b706      0x15f ./BSP/LCD/lcd.o
 .debug_macro   0x000000000001b865      0x1a6 ./BSP/LCD/lcd.o
 .debug_macro   0x000000000001ba0b       0x6e ./BSP/LCD/lcd.o
 .debug_macro   0x000000000001ba79      0x527 ./BSP/LCD/lcd.o
 .debug_macro   0x000000000001bfa0      0x40f ./BSP/LCD/lcd.o
 .debug_macro   0x000000000001c3af       0xd6 ./BSP/LCD/lcd.o
 .debug_macro   0x000000000001c485      0x1ce ./BSP/LCD/lcd.o
 .debug_macro   0x000000000001c653      0x1c3 ./BSP/LCD/lcd.o
 .debug_macro   0x000000000001c816      0x4c5 ./BSP/LCD/lcd.o
 .debug_macro   0x000000000001ccdb       0x58 ./BSP/LCD/lcd.o
 .debug_macro   0x000000000001cd33      0x272 ./BSP/LCD/lcd.o
 .debug_macro   0x000000000001cfa5      0x1a6 ./BSP/LCD/lcd.o
 .debug_macro   0x000000000001d14b      0x5cf ./BSP/LCD/lcd.o
 .debug_macro   0x000000000001d71a       0xd6 ./BSP/LCD/lcd.o
 .debug_macro   0x000000000001d7f0      0x693 ./BSP/LCD/lcd.o
 .debug_macro   0x000000000001de83       0xa6 ./BSP/LCD/lcd.o
 .debug_macro   0x000000000001df29      0x299 ./BSP/LCD/lcd.o
 .debug_macro   0x000000000001e1c2      0x326 ./BSP/LCD/lcd.o
 .debug_macro   0x000000000001e4e8       0xa6 ./BSP/LCD/lcd.o
 .debug_macro   0x000000000001e58e       0x5e ./BSP/LCD/lcd.o
 .debug_macro   0x000000000001e5ec      0x296 ./Core/Src/gpio.o
 .debug_macro   0x000000000001e882      0x296 ./Core/Src/icache.o
 .debug_macro   0x000000000001eb18      0x317 ./Core/Src/main.o
 .debug_macro   0x000000000001ee2f       0x1c ./Core/Src/main.o
 .debug_macro   0x000000000001ee4b       0x35 ./Core/Src/main.o
 .debug_macro   0x000000000001ee80       0x10 ./Core/Src/main.o
 .debug_macro   0x000000000001ee90       0x1c ./Core/Src/main.o
 .debug_macro   0x000000000001eeac       0x16 ./Core/Src/main.o
 .debug_macro   0x000000000001eec2      0x147 ./Core/Src/main.o
 .debug_macro   0x000000000001f009       0x10 ./Core/Src/main.o
 .debug_macro   0x000000000001f019       0x16 ./Core/Src/main.o
 .debug_macro   0x000000000001f02f      0x296 ./Core/Src/spi.o
 .debug_macro   0x000000000001f2c5      0x28c ./Core/Src/stm32h5xx_hal_msp.o
 .debug_macro   0x000000000001f551      0x296 ./Core/Src/stm32h5xx_it.o
 .debug_macro   0x000000000001f7e7      0x274 ./Core/Src/syscalls.o
 .debug_macro   0x000000000001fa5b       0x10 ./Core/Src/syscalls.o
 .debug_macro   0x000000000001fa6b       0x10 ./Core/Src/syscalls.o
 .debug_macro   0x000000000001fa7b       0x10 ./Core/Src/syscalls.o
 .debug_macro   0x000000000001fa8b       0x10 ./Core/Src/syscalls.o
 .debug_macro   0x000000000001fa9b       0x1c ./Core/Src/syscalls.o
 .debug_macro   0x000000000001fab7       0x52 ./Core/Src/syscalls.o
 .debug_macro   0x000000000001fb09       0x22 ./Core/Src/syscalls.o
 .debug_macro   0x000000000001fb2b       0x10 ./Core/Src/syscalls.o
 .debug_macro   0x000000000001fb3b       0x52 ./Core/Src/syscalls.o
 .debug_macro   0x000000000001fb8d       0xcf ./Core/Src/syscalls.o
 .debug_macro   0x000000000001fc5c       0x1c ./Core/Src/syscalls.o
 .debug_macro   0x000000000001fc78       0x3d ./Core/Src/syscalls.o
 .debug_macro   0x000000000001fcb5       0x35 ./Core/Src/syscalls.o
 .debug_macro   0x000000000001fcea      0x12c ./Core/Src/syscalls.o
 .debug_macro   0x000000000001fe16       0x16 ./Core/Src/syscalls.o
 .debug_macro   0x000000000001fe2c       0x16 ./Core/Src/syscalls.o
 .debug_macro   0x000000000001fe42       0x29 ./Core/Src/syscalls.o
 .debug_macro   0x000000000001fe6b       0x10 ./Core/Src/syscalls.o