18:02:11 **** Build of configuration Debug for project 09_4_ATIM_PWM_IN ****
make -j16 all 
arm-none-eabi-gcc "F:/CubeIDE/h503_Git/oversea_stm32h503/libraries/Drivers/STM32H5xx_HAL_Driver/Src/stm32h5xx_hal.c" -mcpu=cortex-m33 -std=gnu11 -g3 -DDEBUG -DUSE_HAL_DRIVER -DSTM32H503xx -c -I../Core/Inc -I../../../libraries/Drivers/STM32H5xx_HAL_Driver/Inc -I../../../libraries/Drivers/STM32H5xx_HAL_Driver/Inc/Legacy -I../../../libraries/Drivers/CMSIS/Device/ST/STM32H5xx/Include -I../../../libraries/Drivers/CMSIS/Include -I../BSP/LED -I../BSP/KEY -O0 -ffunction-sections -fdata-sections -Wall -fstack-usage -fcyclomatic-complexity -MMD -MP -MF"libraries/Drivers/STM32H5xx_HAL_Driver/Src/stm32h5xx_hal.d" -MT"libraries/Drivers/STM32H5xx_HAL_Driver/Src/stm32h5xx_hal.o" --specs=nano.specs -mfloat-abi=soft -mthumb -o "libraries/Drivers/STM32H5xx_HAL_Driver/Src/stm32h5xx_hal.o"
arm-none-eabi-gcc "F:/CubeIDE/h503_Git/oversea_stm32h503/libraries/Drivers/STM32H5xx_HAL_Driver/Src/stm32h5xx_hal_adc.c" -mcpu=cortex-m33 -std=gnu11 -g3 -DDEBUG -DUSE_HAL_DRIVER -DSTM32H503xx -c -I../Core/Inc -I../../../libraries/Drivers/STM32H5xx_HAL_Driver/Inc -I../../../libraries/Drivers/STM32H5xx_HAL_Driver/Inc/Legacy -I../../../libraries/Drivers/CMSIS/Device/ST/STM32H5xx/Include -I../../../libraries/Drivers/CMSIS/Include -I../BSP/LED -I../BSP/KEY -O0 -ffunction-sections -fdata-sections -Wall -fstack-usage -fcyclomatic-complexity -MMD -MP -MF"libraries/Drivers/STM32H5xx_HAL_Driver/Src/stm32h5xx_hal_adc.d" -MT"libraries/Drivers/STM32H5xx_HAL_Driver/Src/stm32h5xx_hal_adc.o" --specs=nano.specs -mfloat-abi=soft -mthumb -o "libraries/Drivers/STM32H5xx_HAL_Driver/Src/stm32h5xx_hal_adc.o"
arm-none-eabi-gcc "F:/CubeIDE/h503_Git/oversea_stm32h503/libraries/Drivers/STM32H5xx_HAL_Driver/Src/stm32h5xx_hal_adc_ex.c" -mcpu=cortex-m33 -std=gnu11 -g3 -DDEBUG -DUSE_HAL_DRIVER -DSTM32H503xx -c -I../Core/Inc -I../../../libraries/Drivers/STM32H5xx_HAL_Driver/Inc -I../../../libraries/Drivers/STM32H5xx_HAL_Driver/Inc/Legacy -I../../../libraries/Drivers/CMSIS/Device/ST/STM32H5xx/Include -I../../../libraries/Drivers/CMSIS/Include -I../BSP/LED -I../BSP/KEY -O0 -ffunction-sections -fdata-sections -Wall -fstack-usage -fcyclomatic-complexity -MMD -MP -MF"libraries/Drivers/STM32H5xx_HAL_Driver/Src/stm32h5xx_hal_adc_ex.d" -MT"libraries/Drivers/STM32H5xx_HAL_Driver/Src/stm32h5xx_hal_adc_ex.o" --specs=nano.specs -mfloat-abi=soft -mthumb -o "libraries/Drivers/STM32H5xx_HAL_Driver/Src/stm32h5xx_hal_adc_ex.o"
arm-none-eabi-gcc "F:/CubeIDE/h503_Git/oversea_stm32h503/libraries/Drivers/STM32H5xx_HAL_Driver/Src/stm32h5xx_hal_cortex.c" -mcpu=cortex-m33 -std=gnu11 -g3 -DDEBUG -DUSE_HAL_DRIVER -DSTM32H503xx -c -I../Core/Inc -I../../../libraries/Drivers/STM32H5xx_HAL_Driver/Inc -I../../../libraries/Drivers/STM32H5xx_HAL_Driver/Inc/Legacy -I../../../libraries/Drivers/CMSIS/Device/ST/STM32H5xx/Include -I../../../libraries/Drivers/CMSIS/Include -I../BSP/LED -I../BSP/KEY -O0 -ffunction-sections -fdata-sections -Wall -fstack-usage -fcyclomatic-complexity -MMD -MP -MF"libraries/Drivers/STM32H5xx_HAL_Driver/Src/stm32h5xx_hal_cortex.d" -MT"libraries/Drivers/STM32H5xx_HAL_Driver/Src/stm32h5xx_hal_cortex.o" --specs=nano.specs -mfloat-abi=soft -mthumb -o "libraries/Drivers/STM32H5xx_HAL_Driver/Src/stm32h5xx_hal_cortex.o"
arm-none-eabi-gcc "F:/CubeIDE/h503_Git/oversea_stm32h503/libraries/Drivers/STM32H5xx_HAL_Driver/Src/stm32h5xx_hal_dac.c" -mcpu=cortex-m33 -std=gnu11 -g3 -DDEBUG -DUSE_HAL_DRIVER -DSTM32H503xx -c -I../Core/Inc -I../../../libraries/Drivers/STM32H5xx_HAL_Driver/Inc -I../../../libraries/Drivers/STM32H5xx_HAL_Driver/Inc/Legacy -I../../../libraries/Drivers/CMSIS/Device/ST/STM32H5xx/Include -I../../../libraries/Drivers/CMSIS/Include -I../BSP/LED -I../BSP/KEY -O0 -ffunction-sections -fdata-sections -Wall -fstack-usage -fcyclomatic-complexity -MMD -MP -MF"libraries/Drivers/STM32H5xx_HAL_Driver/Src/stm32h5xx_hal_dac.d" -MT"libraries/Drivers/STM32H5xx_HAL_Driver/Src/stm32h5xx_hal_dac.o" --specs=nano.specs -mfloat-abi=soft -mthumb -o "libraries/Drivers/STM32H5xx_HAL_Driver/Src/stm32h5xx_hal_dac.o"
arm-none-eabi-gcc "F:/CubeIDE/h503_Git/oversea_stm32h503/libraries/Drivers/STM32H5xx_HAL_Driver/Src/stm32h5xx_hal_dac_ex.c" -mcpu=cortex-m33 -std=gnu11 -g3 -DDEBUG -DUSE_HAL_DRIVER -DSTM32H503xx -c -I../Core/Inc -I../../../libraries/Drivers/STM32H5xx_HAL_Driver/Inc -I../../../libraries/Drivers/STM32H5xx_HAL_Driver/Inc/Legacy -I../../../libraries/Drivers/CMSIS/Device/ST/STM32H5xx/Include -I../../../libraries/Drivers/CMSIS/Include -I../BSP/LED -I../BSP/KEY -O0 -ffunction-sections -fdata-sections -Wall -fstack-usage -fcyclomatic-complexity -MMD -MP -MF"libraries/Drivers/STM32H5xx_HAL_Driver/Src/stm32h5xx_hal_dac_ex.d" -MT"libraries/Drivers/STM32H5xx_HAL_Driver/Src/stm32h5xx_hal_dac_ex.o" --specs=nano.specs -mfloat-abi=soft -mthumb -o "libraries/Drivers/STM32H5xx_HAL_Driver/Src/stm32h5xx_hal_dac_ex.o"
arm-none-eabi-gcc "F:/CubeIDE/h503_Git/oversea_stm32h503/libraries/Drivers/STM32H5xx_HAL_Driver/Src/stm32h5xx_hal_dma.c" -mcpu=cortex-m33 -std=gnu11 -g3 -DDEBUG -DUSE_HAL_DRIVER -DSTM32H503xx -c -I../Core/Inc -I../../../libraries/Drivers/STM32H5xx_HAL_Driver/Inc -I../../../libraries/Drivers/STM32H5xx_HAL_Driver/Inc/Legacy -I../../../libraries/Drivers/CMSIS/Device/ST/STM32H5xx/Include -I../../../libraries/Drivers/CMSIS/Include -I../BSP/LED -I../BSP/KEY -O0 -ffunction-sections -fdata-sections -Wall -fstack-usage -fcyclomatic-complexity -MMD -MP -MF"libraries/Drivers/STM32H5xx_HAL_Driver/Src/stm32h5xx_hal_dma.d" -MT"libraries/Drivers/STM32H5xx_HAL_Driver/Src/stm32h5xx_hal_dma.o" --specs=nano.specs -mfloat-abi=soft -mthumb -o "libraries/Drivers/STM32H5xx_HAL_Driver/Src/stm32h5xx_hal_dma.o"
arm-none-eabi-gcc "F:/CubeIDE/h503_Git/oversea_stm32h503/libraries/Drivers/STM32H5xx_HAL_Driver/Src/stm32h5xx_hal_dma_ex.c" -mcpu=cortex-m33 -std=gnu11 -g3 -DDEBUG -DUSE_HAL_DRIVER -DSTM32H503xx -c -I../Core/Inc -I../../../libraries/Drivers/STM32H5xx_HAL_Driver/Inc -I../../../libraries/Drivers/STM32H5xx_HAL_Driver/Inc/Legacy -I../../../libraries/Drivers/CMSIS/Device/ST/STM32H5xx/Include -I../../../libraries/Drivers/CMSIS/Include -I../BSP/LED -I../BSP/KEY -O0 -ffunction-sections -fdata-sections -Wall -fstack-usage -fcyclomatic-complexity -MMD -MP -MF"libraries/Drivers/STM32H5xx_HAL_Driver/Src/stm32h5xx_hal_dma_ex.d" -MT"libraries/Drivers/STM32H5xx_HAL_Driver/Src/stm32h5xx_hal_dma_ex.o" --specs=nano.specs -mfloat-abi=soft -mthumb -o "libraries/Drivers/STM32H5xx_HAL_Driver/Src/stm32h5xx_hal_dma_ex.o"
arm-none-eabi-gcc "F:/CubeIDE/h503_Git/oversea_stm32h503/libraries/Drivers/STM32H5xx_HAL_Driver/Src/stm32h5xx_hal_exti.c" -mcpu=cortex-m33 -std=gnu11 -g3 -DDEBUG -DUSE_HAL_DRIVER -DSTM32H503xx -c -I../Core/Inc -I../../../libraries/Drivers/STM32H5xx_HAL_Driver/Inc -I../../../libraries/Drivers/STM32H5xx_HAL_Driver/Inc/Legacy -I../../../libraries/Drivers/CMSIS/Device/ST/STM32H5xx/Include -I../../../libraries/Drivers/CMSIS/Include -I../BSP/LED -I../BSP/KEY -O0 -ffunction-sections -fdata-sections -Wall -fstack-usage -fcyclomatic-complexity -MMD -MP -MF"libraries/Drivers/STM32H5xx_HAL_Driver/Src/stm32h5xx_hal_exti.d" -MT"libraries/Drivers/STM32H5xx_HAL_Driver/Src/stm32h5xx_hal_exti.o" --specs=nano.specs -mfloat-abi=soft -mthumb -o "libraries/Drivers/STM32H5xx_HAL_Driver/Src/stm32h5xx_hal_exti.o"
arm-none-eabi-gcc "F:/CubeIDE/h503_Git/oversea_stm32h503/libraries/Drivers/STM32H5xx_HAL_Driver/Src/stm32h5xx_hal_flash.c" -mcpu=cortex-m33 -std=gnu11 -g3 -DDEBUG -DUSE_HAL_DRIVER -DSTM32H503xx -c -I../Core/Inc -I../../../libraries/Drivers/STM32H5xx_HAL_Driver/Inc -I../../../libraries/Drivers/STM32H5xx_HAL_Driver/Inc/Legacy -I../../../libraries/Drivers/CMSIS/Device/ST/STM32H5xx/Include -I../../../libraries/Drivers/CMSIS/Include -I../BSP/LED -I../BSP/KEY -O0 -ffunction-sections -fdata-sections -Wall -fstack-usage -fcyclomatic-complexity -MMD -MP -MF"libraries/Drivers/STM32H5xx_HAL_Driver/Src/stm32h5xx_hal_flash.d" -MT"libraries/Drivers/STM32H5xx_HAL_Driver/Src/stm32h5xx_hal_flash.o" --specs=nano.specs -mfloat-abi=soft -mthumb -o "libraries/Drivers/STM32H5xx_HAL_Driver/Src/stm32h5xx_hal_flash.o"
arm-none-eabi-gcc "F:/CubeIDE/h503_Git/oversea_stm32h503/libraries/Drivers/STM32H5xx_HAL_Driver/Src/stm32h5xx_hal_flash_ex.c" -mcpu=cortex-m33 -std=gnu11 -g3 -DDEBUG -DUSE_HAL_DRIVER -DSTM32H503xx -c -I../Core/Inc -I../../../libraries/Drivers/STM32H5xx_HAL_Driver/Inc -I../../../libraries/Drivers/STM32H5xx_HAL_Driver/Inc/Legacy -I../../../libraries/Drivers/CMSIS/Device/ST/STM32H5xx/Include -I../../../libraries/Drivers/CMSIS/Include -I../BSP/LED -I../BSP/KEY -O0 -ffunction-sections -fdata-sections -Wall -fstack-usage -fcyclomatic-complexity -MMD -MP -MF"libraries/Drivers/STM32H5xx_HAL_Driver/Src/stm32h5xx_hal_flash_ex.d" -MT"libraries/Drivers/STM32H5xx_HAL_Driver/Src/stm32h5xx_hal_flash_ex.o" --specs=nano.specs -mfloat-abi=soft -mthumb -o "libraries/Drivers/STM32H5xx_HAL_Driver/Src/stm32h5xx_hal_flash_ex.o"
arm-none-eabi-gcc "F:/CubeIDE/h503_Git/oversea_stm32h503/libraries/Drivers/STM32H5xx_HAL_Driver/Src/stm32h5xx_hal_gpio.c" -mcpu=cortex-m33 -std=gnu11 -g3 -DDEBUG -DUSE_HAL_DRIVER -DSTM32H503xx -c -I../Core/Inc -I../../../libraries/Drivers/STM32H5xx_HAL_Driver/Inc -I../../../libraries/Drivers/STM32H5xx_HAL_Driver/Inc/Legacy -I../../../libraries/Drivers/CMSIS/Device/ST/STM32H5xx/Include -I../../../libraries/Drivers/CMSIS/Include -I../BSP/LED -I../BSP/KEY -O0 -ffunction-sections -fdata-sections -Wall -fstack-usage -fcyclomatic-complexity -MMD -MP -MF"libraries/Drivers/STM32H5xx_HAL_Driver/Src/stm32h5xx_hal_gpio.d" -MT"libraries/Drivers/STM32H5xx_HAL_Driver/Src/stm32h5xx_hal_gpio.o" --specs=nano.specs -mfloat-abi=soft -mthumb -o "libraries/Drivers/STM32H5xx_HAL_Driver/Src/stm32h5xx_hal_gpio.o"
arm-none-eabi-gcc "F:/CubeIDE/h503_Git/oversea_stm32h503/libraries/Drivers/STM32H5xx_HAL_Driver/Src/stm32h5xx_hal_icache.c" -mcpu=cortex-m33 -std=gnu11 -g3 -DDEBUG -DUSE_HAL_DRIVER -DSTM32H503xx -c -I../Core/Inc -I../../../libraries/Drivers/STM32H5xx_HAL_Driver/Inc -I../../../libraries/Drivers/STM32H5xx_HAL_Driver/Inc/Legacy -I../../../libraries/Drivers/CMSIS/Device/ST/STM32H5xx/Include -I../../../libraries/Drivers/CMSIS/Include -I../BSP/LED -I../BSP/KEY -O0 -ffunction-sections -fdata-sections -Wall -fstack-usage -fcyclomatic-complexity -MMD -MP -MF"libraries/Drivers/STM32H5xx_HAL_Driver/Src/stm32h5xx_hal_icache.d" -MT"libraries/Drivers/STM32H5xx_HAL_Driver/Src/stm32h5xx_hal_icache.o" --specs=nano.specs -mfloat-abi=soft -mthumb -o "libraries/Drivers/STM32H5xx_HAL_Driver/Src/stm32h5xx_hal_icache.o"
arm-none-eabi-gcc "F:/CubeIDE/h503_Git/oversea_stm32h503/libraries/Drivers/STM32H5xx_HAL_Driver/Src/stm32h5xx_hal_iwdg.c" -mcpu=cortex-m33 -std=gnu11 -g3 -DDEBUG -DUSE_HAL_DRIVER -DSTM32H503xx -c -I../Core/Inc -I../../../libraries/Drivers/STM32H5xx_HAL_Driver/Inc -I../../../libraries/Drivers/STM32H5xx_HAL_Driver/Inc/Legacy -I../../../libraries/Drivers/CMSIS/Device/ST/STM32H5xx/Include -I../../../libraries/Drivers/CMSIS/Include -I../BSP/LED -I../BSP/KEY -O0 -ffunction-sections -fdata-sections -Wall -fstack-usage -fcyclomatic-complexity -MMD -MP -MF"libraries/Drivers/STM32H5xx_HAL_Driver/Src/stm32h5xx_hal_iwdg.d" -MT"libraries/Drivers/STM32H5xx_HAL_Driver/Src/stm32h5xx_hal_iwdg.o" --specs=nano.specs -mfloat-abi=soft -mthumb -o "libraries/Drivers/STM32H5xx_HAL_Driver/Src/stm32h5xx_hal_iwdg.o"
arm-none-eabi-gcc "F:/CubeIDE/h503_Git/oversea_stm32h503/libraries/Drivers/STM32H5xx_HAL_Driver/Src/stm32h5xx_hal_pcd.c" -mcpu=cortex-m33 -std=gnu11 -g3 -DDEBUG -DUSE_HAL_DRIVER -DSTM32H503xx -c -I../Core/Inc -I../../../libraries/Drivers/STM32H5xx_HAL_Driver/Inc -I../../../libraries/Drivers/STM32H5xx_HAL_Driver/Inc/Legacy -I../../../libraries/Drivers/CMSIS/Device/ST/STM32H5xx/Include -I../../../libraries/Drivers/CMSIS/Include -I../BSP/LED -I../BSP/KEY -O0 -ffunction-sections -fdata-sections -Wall -fstack-usage -fcyclomatic-complexity -MMD -MP -MF"libraries/Drivers/STM32H5xx_HAL_Driver/Src/stm32h5xx_hal_pcd.d" -MT"libraries/Drivers/STM32H5xx_HAL_Driver/Src/stm32h5xx_hal_pcd.o" --specs=nano.specs -mfloat-abi=soft -mthumb -o "libraries/Drivers/STM32H5xx_HAL_Driver/Src/stm32h5xx_hal_pcd.o"
arm-none-eabi-gcc "F:/CubeIDE/h503_Git/oversea_stm32h503/libraries/Drivers/STM32H5xx_HAL_Driver/Src/stm32h5xx_hal_pcd_ex.c" -mcpu=cortex-m33 -std=gnu11 -g3 -DDEBUG -DUSE_HAL_DRIVER -DSTM32H503xx -c -I../Core/Inc -I../../../libraries/Drivers/STM32H5xx_HAL_Driver/Inc -I../../../libraries/Drivers/STM32H5xx_HAL_Driver/Inc/Legacy -I../../../libraries/Drivers/CMSIS/Device/ST/STM32H5xx/Include -I../../../libraries/Drivers/CMSIS/Include -I../BSP/LED -I../BSP/KEY -O0 -ffunction-sections -fdata-sections -Wall -fstack-usage -fcyclomatic-complexity -MMD -MP -MF"libraries/Drivers/STM32H5xx_HAL_Driver/Src/stm32h5xx_hal_pcd_ex.d" -MT"libraries/Drivers/STM32H5xx_HAL_Driver/Src/stm32h5xx_hal_pcd_ex.o" --specs=nano.specs -mfloat-abi=soft -mthumb -o "libraries/Drivers/STM32H5xx_HAL_Driver/Src/stm32h5xx_hal_pcd_ex.o"
arm-none-eabi-gcc "F:/CubeIDE/h503_Git/oversea_stm32h503/libraries/Drivers/STM32H5xx_HAL_Driver/Src/stm32h5xx_hal_pwr.c" -mcpu=cortex-m33 -std=gnu11 -g3 -DDEBUG -DUSE_HAL_DRIVER -DSTM32H503xx -c -I../Core/Inc -I../../../libraries/Drivers/STM32H5xx_HAL_Driver/Inc -I../../../libraries/Drivers/STM32H5xx_HAL_Driver/Inc/Legacy -I../../../libraries/Drivers/CMSIS/Device/ST/STM32H5xx/Include -I../../../libraries/Drivers/CMSIS/Include -I../BSP/LED -I../BSP/KEY -O0 -ffunction-sections -fdata-sections -Wall -fstack-usage -fcyclomatic-complexity -MMD -MP -MF"libraries/Drivers/STM32H5xx_HAL_Driver/Src/stm32h5xx_hal_pwr.d" -MT"libraries/Drivers/STM32H5xx_HAL_Driver/Src/stm32h5xx_hal_pwr.o" --specs=nano.specs -mfloat-abi=soft -mthumb -o "libraries/Drivers/STM32H5xx_HAL_Driver/Src/stm32h5xx_hal_pwr.o"
arm-none-eabi-gcc "F:/CubeIDE/h503_Git/oversea_stm32h503/libraries/Drivers/STM32H5xx_HAL_Driver/Src/stm32h5xx_hal_pwr_ex.c" -mcpu=cortex-m33 -std=gnu11 -g3 -DDEBUG -DUSE_HAL_DRIVER -DSTM32H503xx -c -I../Core/Inc -I../../../libraries/Drivers/STM32H5xx_HAL_Driver/Inc -I../../../libraries/Drivers/STM32H5xx_HAL_Driver/Inc/Legacy -I../../../libraries/Drivers/CMSIS/Device/ST/STM32H5xx/Include -I../../../libraries/Drivers/CMSIS/Include -I../BSP/LED -I../BSP/KEY -O0 -ffunction-sections -fdata-sections -Wall -fstack-usage -fcyclomatic-complexity -MMD -MP -MF"libraries/Drivers/STM32H5xx_HAL_Driver/Src/stm32h5xx_hal_pwr_ex.d" -MT"libraries/Drivers/STM32H5xx_HAL_Driver/Src/stm32h5xx_hal_pwr_ex.o" --specs=nano.specs -mfloat-abi=soft -mthumb -o "libraries/Drivers/STM32H5xx_HAL_Driver/Src/stm32h5xx_hal_pwr_ex.o"
arm-none-eabi-gcc "F:/CubeIDE/h503_Git/oversea_stm32h503/libraries/Drivers/STM32H5xx_HAL_Driver/Src/stm32h5xx_hal_rcc.c" -mcpu=cortex-m33 -std=gnu11 -g3 -DDEBUG -DUSE_HAL_DRIVER -DSTM32H503xx -c -I../Core/Inc -I../../../libraries/Drivers/STM32H5xx_HAL_Driver/Inc -I../../../libraries/Drivers/STM32H5xx_HAL_Driver/Inc/Legacy -I../../../libraries/Drivers/CMSIS/Device/ST/STM32H5xx/Include -I../../../libraries/Drivers/CMSIS/Include -I../BSP/LED -I../BSP/KEY -O0 -ffunction-sections -fdata-sections -Wall -fstack-usage -fcyclomatic-complexity -MMD -MP -MF"libraries/Drivers/STM32H5xx_HAL_Driver/Src/stm32h5xx_hal_rcc.d" -MT"libraries/Drivers/STM32H5xx_HAL_Driver/Src/stm32h5xx_hal_rcc.o" --specs=nano.specs -mfloat-abi=soft -mthumb -o "libraries/Drivers/STM32H5xx_HAL_Driver/Src/stm32h5xx_hal_rcc.o"
arm-none-eabi-gcc "F:/CubeIDE/h503_Git/oversea_stm32h503/libraries/Drivers/STM32H5xx_HAL_Driver/Src/stm32h5xx_hal_rcc_ex.c" -mcpu=cortex-m33 -std=gnu11 -g3 -DDEBUG -DUSE_HAL_DRIVER -DSTM32H503xx -c -I../Core/Inc -I../../../libraries/Drivers/STM32H5xx_HAL_Driver/Inc -I../../../libraries/Drivers/STM32H5xx_HAL_Driver/Inc/Legacy -I../../../libraries/Drivers/CMSIS/Device/ST/STM32H5xx/Include -I../../../libraries/Drivers/CMSIS/Include -I../BSP/LED -I../BSP/KEY -O0 -ffunction-sections -fdata-sections -Wall -fstack-usage -fcyclomatic-complexity -MMD -MP -MF"libraries/Drivers/STM32H5xx_HAL_Driver/Src/stm32h5xx_hal_rcc_ex.d" -MT"libraries/Drivers/STM32H5xx_HAL_Driver/Src/stm32h5xx_hal_rcc_ex.o" --specs=nano.specs -mfloat-abi=soft -mthumb -o "libraries/Drivers/STM32H5xx_HAL_Driver/Src/stm32h5xx_hal_rcc_ex.o"
arm-none-eabi-gcc "F:/CubeIDE/h503_Git/oversea_stm32h503/libraries/Drivers/STM32H5xx_HAL_Driver/Src/stm32h5xx_hal_rng.c" -mcpu=cortex-m33 -std=gnu11 -g3 -DDEBUG -DUSE_HAL_DRIVER -DSTM32H503xx -c -I../Core/Inc -I../../../libraries/Drivers/STM32H5xx_HAL_Driver/Inc -I../../../libraries/Drivers/STM32H5xx_HAL_Driver/Inc/Legacy -I../../../libraries/Drivers/CMSIS/Device/ST/STM32H5xx/Include -I../../../libraries/Drivers/CMSIS/Include -I../BSP/LED -I../BSP/KEY -O0 -ffunction-sections -fdata-sections -Wall -fstack-usage -fcyclomatic-complexity -MMD -MP -MF"libraries/Drivers/STM32H5xx_HAL_Driver/Src/stm32h5xx_hal_rng.d" -MT"libraries/Drivers/STM32H5xx_HAL_Driver/Src/stm32h5xx_hal_rng.o" --specs=nano.specs -mfloat-abi=soft -mthumb -o "libraries/Drivers/STM32H5xx_HAL_Driver/Src/stm32h5xx_hal_rng.o"
arm-none-eabi-gcc "F:/CubeIDE/h503_Git/oversea_stm32h503/libraries/Drivers/STM32H5xx_HAL_Driver/Src/stm32h5xx_hal_rng_ex.c" -mcpu=cortex-m33 -std=gnu11 -g3 -DDEBUG -DUSE_HAL_DRIVER -DSTM32H503xx -c -I../Core/Inc -I../../../libraries/Drivers/STM32H5xx_HAL_Driver/Inc -I../../../libraries/Drivers/STM32H5xx_HAL_Driver/Inc/Legacy -I../../../libraries/Drivers/CMSIS/Device/ST/STM32H5xx/Include -I../../../libraries/Drivers/CMSIS/Include -I../BSP/LED -I../BSP/KEY -O0 -ffunction-sections -fdata-sections -Wall -fstack-usage -fcyclomatic-complexity -MMD -MP -MF"libraries/Drivers/STM32H5xx_HAL_Driver/Src/stm32h5xx_hal_rng_ex.d" -MT"libraries/Drivers/STM32H5xx_HAL_Driver/Src/stm32h5xx_hal_rng_ex.o" --specs=nano.specs -mfloat-abi=soft -mthumb -o "libraries/Drivers/STM32H5xx_HAL_Driver/Src/stm32h5xx_hal_rng_ex.o"
arm-none-eabi-gcc "F:/CubeIDE/h503_Git/oversea_stm32h503/libraries/Drivers/STM32H5xx_HAL_Driver/Src/stm32h5xx_hal_rtc.c" -mcpu=cortex-m33 -std=gnu11 -g3 -DDEBUG -DUSE_HAL_DRIVER -DSTM32H503xx -c -I../Core/Inc -I../../../libraries/Drivers/STM32H5xx_HAL_Driver/Inc -I../../../libraries/Drivers/STM32H5xx_HAL_Driver/Inc/Legacy -I../../../libraries/Drivers/CMSIS/Device/ST/STM32H5xx/Include -I../../../libraries/Drivers/CMSIS/Include -I../BSP/LED -I../BSP/KEY -O0 -ffunction-sections -fdata-sections -Wall -fstack-usage -fcyclomatic-complexity -MMD -MP -MF"libraries/Drivers/STM32H5xx_HAL_Driver/Src/stm32h5xx_hal_rtc.d" -MT"libraries/Drivers/STM32H5xx_HAL_Driver/Src/stm32h5xx_hal_rtc.o" --specs=nano.specs -mfloat-abi=soft -mthumb -o "libraries/Drivers/STM32H5xx_HAL_Driver/Src/stm32h5xx_hal_rtc.o"
arm-none-eabi-gcc "F:/CubeIDE/h503_Git/oversea_stm32h503/libraries/Drivers/STM32H5xx_HAL_Driver/Src/stm32h5xx_hal_rtc_ex.c" -mcpu=cortex-m33 -std=gnu11 -g3 -DDEBUG -DUSE_HAL_DRIVER -DSTM32H503xx -c -I../Core/Inc -I../../../libraries/Drivers/STM32H5xx_HAL_Driver/Inc -I../../../libraries/Drivers/STM32H5xx_HAL_Driver/Inc/Legacy -I../../../libraries/Drivers/CMSIS/Device/ST/STM32H5xx/Include -I../../../libraries/Drivers/CMSIS/Include -I../BSP/LED -I../BSP/KEY -O0 -ffunction-sections -fdata-sections -Wall -fstack-usage -fcyclomatic-complexity -MMD -MP -MF"libraries/Drivers/STM32H5xx_HAL_Driver/Src/stm32h5xx_hal_rtc_ex.d" -MT"libraries/Drivers/STM32H5xx_HAL_Driver/Src/stm32h5xx_hal_rtc_ex.o" --specs=nano.specs -mfloat-abi=soft -mthumb -o "libraries/Drivers/STM32H5xx_HAL_Driver/Src/stm32h5xx_hal_rtc_ex.o"
arm-none-eabi-gcc "F:/CubeIDE/h503_Git/oversea_stm32h503/libraries/Drivers/STM32H5xx_HAL_Driver/Src/stm32h5xx_hal_spi.c" -mcpu=cortex-m33 -std=gnu11 -g3 -DDEBUG -DUSE_HAL_DRIVER -DSTM32H503xx -c -I../Core/Inc -I../../../libraries/Drivers/STM32H5xx_HAL_Driver/Inc -I../../../libraries/Drivers/STM32H5xx_HAL_Driver/Inc/Legacy -I../../../libraries/Drivers/CMSIS/Device/ST/STM32H5xx/Include -I../../../libraries/Drivers/CMSIS/Include -I../BSP/LED -I../BSP/KEY -O0 -ffunction-sections -fdata-sections -Wall -fstack-usage -fcyclomatic-complexity -MMD -MP -MF"libraries/Drivers/STM32H5xx_HAL_Driver/Src/stm32h5xx_hal_spi.d" -MT"libraries/Drivers/STM32H5xx_HAL_Driver/Src/stm32h5xx_hal_spi.o" --specs=nano.specs -mfloat-abi=soft -mthumb -o "libraries/Drivers/STM32H5xx_HAL_Driver/Src/stm32h5xx_hal_spi.o"
arm-none-eabi-gcc "F:/CubeIDE/h503_Git/oversea_stm32h503/libraries/Drivers/STM32H5xx_HAL_Driver/Src/stm32h5xx_hal_spi_ex.c" -mcpu=cortex-m33 -std=gnu11 -g3 -DDEBUG -DUSE_HAL_DRIVER -DSTM32H503xx -c -I../Core/Inc -I../../../libraries/Drivers/STM32H5xx_HAL_Driver/Inc -I../../../libraries/Drivers/STM32H5xx_HAL_Driver/Inc/Legacy -I../../../libraries/Drivers/CMSIS/Device/ST/STM32H5xx/Include -I../../../libraries/Drivers/CMSIS/Include -I../BSP/LED -I../BSP/KEY -O0 -ffunction-sections -fdata-sections -Wall -fstack-usage -fcyclomatic-complexity -MMD -MP -MF"libraries/Drivers/STM32H5xx_HAL_Driver/Src/stm32h5xx_hal_spi_ex.d" -MT"libraries/Drivers/STM32H5xx_HAL_Driver/Src/stm32h5xx_hal_spi_ex.o" --specs=nano.specs -mfloat-abi=soft -mthumb -o "libraries/Drivers/STM32H5xx_HAL_Driver/Src/stm32h5xx_hal_spi_ex.o"
arm-none-eabi-gcc "F:/CubeIDE/h503_Git/oversea_stm32h503/libraries/Drivers/STM32H5xx_HAL_Driver/Src/stm32h5xx_hal_tim.c" -mcpu=cortex-m33 -std=gnu11 -g3 -DDEBUG -DUSE_HAL_DRIVER -DSTM32H503xx -c -I../Core/Inc -I../../../libraries/Drivers/STM32H5xx_HAL_Driver/Inc -I../../../libraries/Drivers/STM32H5xx_HAL_Driver/Inc/Legacy -I../../../libraries/Drivers/CMSIS/Device/ST/STM32H5xx/Include -I../../../libraries/Drivers/CMSIS/Include -I../BSP/LED -I../BSP/KEY -O0 -ffunction-sections -fdata-sections -Wall -fstack-usage -fcyclomatic-complexity -MMD -MP -MF"libraries/Drivers/STM32H5xx_HAL_Driver/Src/stm32h5xx_hal_tim.d" -MT"libraries/Drivers/STM32H5xx_HAL_Driver/Src/stm32h5xx_hal_tim.o" --specs=nano.specs -mfloat-abi=soft -mthumb -o "libraries/Drivers/STM32H5xx_HAL_Driver/Src/stm32h5xx_hal_tim.o"
arm-none-eabi-gcc "F:/CubeIDE/h503_Git/oversea_stm32h503/libraries/Drivers/STM32H5xx_HAL_Driver/Src/stm32h5xx_hal_tim_ex.c" -mcpu=cortex-m33 -std=gnu11 -g3 -DDEBUG -DUSE_HAL_DRIVER -DSTM32H503xx -c -I../Core/Inc -I../../../libraries/Drivers/STM32H5xx_HAL_Driver/Inc -I../../../libraries/Drivers/STM32H5xx_HAL_Driver/Inc/Legacy -I../../../libraries/Drivers/CMSIS/Device/ST/STM32H5xx/Include -I../../../libraries/Drivers/CMSIS/Include -I../BSP/LED -I../BSP/KEY -O0 -ffunction-sections -fdata-sections -Wall -fstack-usage -fcyclomatic-complexity -MMD -MP -MF"libraries/Drivers/STM32H5xx_HAL_Driver/Src/stm32h5xx_hal_tim_ex.d" -MT"libraries/Drivers/STM32H5xx_HAL_Driver/Src/stm32h5xx_hal_tim_ex.o" --specs=nano.specs -mfloat-abi=soft -mthumb -o "libraries/Drivers/STM32H5xx_HAL_Driver/Src/stm32h5xx_hal_tim_ex.o"
arm-none-eabi-gcc "F:/CubeIDE/h503_Git/oversea_stm32h503/libraries/Drivers/STM32H5xx_HAL_Driver/Src/stm32h5xx_hal_uart.c" -mcpu=cortex-m33 -std=gnu11 -g3 -DDEBUG -DUSE_HAL_DRIVER -DSTM32H503xx -c -I../Core/Inc -I../../../libraries/Drivers/STM32H5xx_HAL_Driver/Inc -I../../../libraries/Drivers/STM32H5xx_HAL_Driver/Inc/Legacy -I../../../libraries/Drivers/CMSIS/Device/ST/STM32H5xx/Include -I../../../libraries/Drivers/CMSIS/Include -I../BSP/LED -I../BSP/KEY -O0 -ffunction-sections -fdata-sections -Wall -fstack-usage -fcyclomatic-complexity -MMD -MP -MF"libraries/Drivers/STM32H5xx_HAL_Driver/Src/stm32h5xx_hal_uart.d" -MT"libraries/Drivers/STM32H5xx_HAL_Driver/Src/stm32h5xx_hal_uart.o" --specs=nano.specs -mfloat-abi=soft -mthumb -o "libraries/Drivers/STM32H5xx_HAL_Driver/Src/stm32h5xx_hal_uart.o"
arm-none-eabi-gcc "F:/CubeIDE/h503_Git/oversea_stm32h503/libraries/Drivers/STM32H5xx_HAL_Driver/Src/stm32h5xx_hal_uart_ex.c" -mcpu=cortex-m33 -std=gnu11 -g3 -DDEBUG -DUSE_HAL_DRIVER -DSTM32H503xx -c -I../Core/Inc -I../../../libraries/Drivers/STM32H5xx_HAL_Driver/Inc -I../../../libraries/Drivers/STM32H5xx_HAL_Driver/Inc/Legacy -I../../../libraries/Drivers/CMSIS/Device/ST/STM32H5xx/Include -I../../../libraries/Drivers/CMSIS/Include -I../BSP/LED -I../BSP/KEY -O0 -ffunction-sections -fdata-sections -Wall -fstack-usage -fcyclomatic-complexity -MMD -MP -MF"libraries/Drivers/STM32H5xx_HAL_Driver/Src/stm32h5xx_hal_uart_ex.d" -MT"libraries/Drivers/STM32H5xx_HAL_Driver/Src/stm32h5xx_hal_uart_ex.o" --specs=nano.specs -mfloat-abi=soft -mthumb -o "libraries/Drivers/STM32H5xx_HAL_Driver/Src/stm32h5xx_hal_uart_ex.o"
arm-none-eabi-gcc "F:/CubeIDE/h503_Git/oversea_stm32h503/libraries/Drivers/STM32H5xx_HAL_Driver/Src/stm32h5xx_hal_wwdg.c" -mcpu=cortex-m33 -std=gnu11 -g3 -DDEBUG -DUSE_HAL_DRIVER -DSTM32H503xx -c -I../Core/Inc -I../../../libraries/Drivers/STM32H5xx_HAL_Driver/Inc -I../../../libraries/Drivers/STM32H5xx_HAL_Driver/Inc/Legacy -I../../../libraries/Drivers/CMSIS/Device/ST/STM32H5xx/Include -I../../../libraries/Drivers/CMSIS/Include -I../BSP/LED -I../BSP/KEY -O0 -ffunction-sections -fdata-sections -Wall -fstack-usage -fcyclomatic-complexity -MMD -MP -MF"libraries/Drivers/STM32H5xx_HAL_Driver/Src/stm32h5xx_hal_wwdg.d" -MT"libraries/Drivers/STM32H5xx_HAL_Driver/Src/stm32h5xx_hal_wwdg.o" --specs=nano.specs -mfloat-abi=soft -mthumb -o "libraries/Drivers/STM32H5xx_HAL_Driver/Src/stm32h5xx_hal_wwdg.o"
arm-none-eabi-gcc "F:/CubeIDE/h503_Git/oversea_stm32h503/libraries/Drivers/STM32H5xx_HAL_Driver/Src/stm32h5xx_ll_usb.c" -mcpu=cortex-m33 -std=gnu11 -g3 -DDEBUG -DUSE_HAL_DRIVER -DSTM32H503xx -c -I../Core/Inc -I../../../libraries/Drivers/STM32H5xx_HAL_Driver/Inc -I../../../libraries/Drivers/STM32H5xx_HAL_Driver/Inc/Legacy -I../../../libraries/Drivers/CMSIS/Device/ST/STM32H5xx/Include -I../../../libraries/Drivers/CMSIS/Include -I../BSP/LED -I../BSP/KEY -O0 -ffunction-sections -fdata-sections -Wall -fstack-usage -fcyclomatic-complexity -MMD -MP -MF"libraries/Drivers/STM32H5xx_HAL_Driver/Src/stm32h5xx_ll_usb.d" -MT"libraries/Drivers/STM32H5xx_HAL_Driver/Src/stm32h5xx_ll_usb.o" --specs=nano.specs -mfloat-abi=soft -mthumb -o "libraries/Drivers/STM32H5xx_HAL_Driver/Src/stm32h5xx_ll_usb.o"
arm-none-eabi-gcc -mcpu=cortex-m33 -g3 -DDEBUG -c -x assembler-with-cpp -MMD -MP -MF"Core/Startup/startup_stm32h503cbtx.d" -MT"Core/Startup/startup_stm32h503cbtx.o" --specs=nano.specs -mfloat-abi=soft -mthumb -o "Core/Startup/startup_stm32h503cbtx.o" "../Core/Startup/startup_stm32h503cbtx.s"
arm-none-eabi-gcc "../Core/Src/gpio.c" -mcpu=cortex-m33 -std=gnu11 -g3 -DDEBUG -DUSE_HAL_DRIVER -DSTM32H503xx -c -I../Core/Inc -I../../../libraries/Drivers/STM32H5xx_HAL_Driver/Inc -I../../../libraries/Drivers/STM32H5xx_HAL_Driver/Inc/Legacy -I../../../libraries/Drivers/CMSIS/Device/ST/STM32H5xx/Include -I../../../libraries/Drivers/CMSIS/Include -I../BSP/LED -I../BSP/KEY -O0 -ffunction-sections -fdata-sections -Wall -fstack-usage -fcyclomatic-complexity -MMD -MP -MF"Core/Src/gpio.d" -MT"Core/Src/gpio.o" --specs=nano.specs -mfloat-abi=soft -mthumb -o "Core/Src/gpio.o"
arm-none-eabi-gcc "../Core/Src/icache.c" -mcpu=cortex-m33 -std=gnu11 -g3 -DDEBUG -DUSE_HAL_DRIVER -DSTM32H503xx -c -I../Core/Inc -I../../../libraries/Drivers/STM32H5xx_HAL_Driver/Inc -I../../../libraries/Drivers/STM32H5xx_HAL_Driver/Inc/Legacy -I../../../libraries/Drivers/CMSIS/Device/ST/STM32H5xx/Include -I../../../libraries/Drivers/CMSIS/Include -I../BSP/LED -I../BSP/KEY -O0 -ffunction-sections -fdata-sections -Wall -fstack-usage -fcyclomatic-complexity -MMD -MP -MF"Core/Src/icache.d" -MT"Core/Src/icache.o" --specs=nano.specs -mfloat-abi=soft -mthumb -o "Core/Src/icache.o"
arm-none-eabi-gcc "../Core/Src/main.c" -mcpu=cortex-m33 -std=gnu11 -g3 -DDEBUG -DUSE_HAL_DRIVER -DSTM32H503xx -c -I../Core/Inc -I../../../libraries/Drivers/STM32H5xx_HAL_Driver/Inc -I../../../libraries/Drivers/STM32H5xx_HAL_Driver/Inc/Legacy -I../../../libraries/Drivers/CMSIS/Device/ST/STM32H5xx/Include -I../../../libraries/Drivers/CMSIS/Include -I../BSP/LED -I../BSP/KEY -O0 -ffunction-sections -fdata-sections -Wall -fstack-usage -fcyclomatic-complexity -MMD -MP -MF"Core/Src/main.d" -MT"Core/Src/main.o" --specs=nano.specs -mfloat-abi=soft -mthumb -o "Core/Src/main.o"
arm-none-eabi-gcc "../Core/Src/memorymap.c" -mcpu=cortex-m33 -std=gnu11 -g3 -DDEBUG -DUSE_HAL_DRIVER -DSTM32H503xx -c -I../Core/Inc -I../../../libraries/Drivers/STM32H5xx_HAL_Driver/Inc -I../../../libraries/Drivers/STM32H5xx_HAL_Driver/Inc/Legacy -I../../../libraries/Drivers/CMSIS/Device/ST/STM32H5xx/Include -I../../../libraries/Drivers/CMSIS/Include -I../BSP/LED -I../BSP/KEY -O0 -ffunction-sections -fdata-sections -Wall -fstack-usage -fcyclomatic-complexity -MMD -MP -MF"Core/Src/memorymap.d" -MT"Core/Src/memorymap.o" --specs=nano.specs -mfloat-abi=soft -mthumb -o "Core/Src/memorymap.o"
arm-none-eabi-gcc "../Core/Src/stm32h5xx_hal_msp.c" -mcpu=cortex-m33 -std=gnu11 -g3 -DDEBUG -DUSE_HAL_DRIVER -DSTM32H503xx -c -I../Core/Inc -I../../../libraries/Drivers/STM32H5xx_HAL_Driver/Inc -I../../../libraries/Drivers/STM32H5xx_HAL_Driver/Inc/Legacy -I../../../libraries/Drivers/CMSIS/Device/ST/STM32H5xx/Include -I../../../libraries/Drivers/CMSIS/Include -I../BSP/LED -I../BSP/KEY -O0 -ffunction-sections -fdata-sections -Wall -fstack-usage -fcyclomatic-complexity -MMD -MP -MF"Core/Src/stm32h5xx_hal_msp.d" -MT"Core/Src/stm32h5xx_hal_msp.o" --specs=nano.specs -mfloat-abi=soft -mthumb -o "Core/Src/stm32h5xx_hal_msp.o"
arm-none-eabi-gcc "../Core/Src/stm32h5xx_it.c" -mcpu=cortex-m33 -std=gnu11 -g3 -DDEBUG -DUSE_HAL_DRIVER -DSTM32H503xx -c -I../Core/Inc -I../../../libraries/Drivers/STM32H5xx_HAL_Driver/Inc -I../../../libraries/Drivers/STM32H5xx_HAL_Driver/Inc/Legacy -I../../../libraries/Drivers/CMSIS/Device/ST/STM32H5xx/Include -I../../../libraries/Drivers/CMSIS/Include -I../BSP/LED -I../BSP/KEY -O0 -ffunction-sections -fdata-sections -Wall -fstack-usage -fcyclomatic-complexity -MMD -MP -MF"Core/Src/stm32h5xx_it.d" -MT"Core/Src/stm32h5xx_it.o" --specs=nano.specs -mfloat-abi=soft -mthumb -o "Core/Src/stm32h5xx_it.o"
arm-none-eabi-gcc "../Core/Src/syscalls.c" -mcpu=cortex-m33 -std=gnu11 -g3 -DDEBUG -DUSE_HAL_DRIVER -DSTM32H503xx -c -I../Core/Inc -I../../../libraries/Drivers/STM32H5xx_HAL_Driver/Inc -I../../../libraries/Drivers/STM32H5xx_HAL_Driver/Inc/Legacy -I../../../libraries/Drivers/CMSIS/Device/ST/STM32H5xx/Include -I../../../libraries/Drivers/CMSIS/Include -I../BSP/LED -I../BSP/KEY -O0 -ffunction-sections -fdata-sections -Wall -fstack-usage -fcyclomatic-complexity -MMD -MP -MF"Core/Src/syscalls.d" -MT"Core/Src/syscalls.o" --specs=nano.specs -mfloat-abi=soft -mthumb -o "Core/Src/syscalls.o"
arm-none-eabi-gcc "../Core/Src/sysmem.c" -mcpu=cortex-m33 -std=gnu11 -g3 -DDEBUG -DUSE_HAL_DRIVER -DSTM32H503xx -c -I../Core/Inc -I../../../libraries/Drivers/STM32H5xx_HAL_Driver/Inc -I../../../libraries/Drivers/STM32H5xx_HAL_Driver/Inc/Legacy -I../../../libraries/Drivers/CMSIS/Device/ST/STM32H5xx/Include -I../../../libraries/Drivers/CMSIS/Include -I../BSP/LED -I../BSP/KEY -O0 -ffunction-sections -fdata-sections -Wall -fstack-usage -fcyclomatic-complexity -MMD -MP -MF"Core/Src/sysmem.d" -MT"Core/Src/sysmem.o" --specs=nano.specs -mfloat-abi=soft -mthumb -o "Core/Src/sysmem.o"
arm-none-eabi-gcc "../Core/Src/system_stm32h5xx.c" -mcpu=cortex-m33 -std=gnu11 -g3 -DDEBUG -DUSE_HAL_DRIVER -DSTM32H503xx -c -I../Core/Inc -I../../../libraries/Drivers/STM32H5xx_HAL_Driver/Inc -I../../../libraries/Drivers/STM32H5xx_HAL_Driver/Inc/Legacy -I../../../libraries/Drivers/CMSIS/Device/ST/STM32H5xx/Include -I../../../libraries/Drivers/CMSIS/Include -I../BSP/LED -I../BSP/KEY -O0 -ffunction-sections -fdata-sections -Wall -fstack-usage -fcyclomatic-complexity -MMD -MP -MF"Core/Src/system_stm32h5xx.d" -MT"Core/Src/system_stm32h5xx.o" --specs=nano.specs -mfloat-abi=soft -mthumb -o "Core/Src/system_stm32h5xx.o"
arm-none-eabi-gcc "../Core/Src/tim.c" -mcpu=cortex-m33 -std=gnu11 -g3 -DDEBUG -DUSE_HAL_DRIVER -DSTM32H503xx -c -I../Core/Inc -I../../../libraries/Drivers/STM32H5xx_HAL_Driver/Inc -I../../../libraries/Drivers/STM32H5xx_HAL_Driver/Inc/Legacy -I../../../libraries/Drivers/CMSIS/Device/ST/STM32H5xx/Include -I../../../libraries/Drivers/CMSIS/Include -I../BSP/LED -I../BSP/KEY -O0 -ffunction-sections -fdata-sections -Wall -fstack-usage -fcyclomatic-complexity -MMD -MP -MF"Core/Src/tim.d" -MT"Core/Src/tim.o" --specs=nano.specs -mfloat-abi=soft -mthumb -o "Core/Src/tim.o"
arm-none-eabi-gcc "../Core/Src/usart.c" -mcpu=cortex-m33 -std=gnu11 -g3 -DDEBUG -DUSE_HAL_DRIVER -DSTM32H503xx -c -I../Core/Inc -I../../../libraries/Drivers/STM32H5xx_HAL_Driver/Inc -I../../../libraries/Drivers/STM32H5xx_HAL_Driver/Inc/Legacy -I../../../libraries/Drivers/CMSIS/Device/ST/STM32H5xx/Include -I../../../libraries/Drivers/CMSIS/Include -I../BSP/LED -I../BSP/KEY -O0 -ffunction-sections -fdata-sections -Wall -fstack-usage -fcyclomatic-complexity -MMD -MP -MF"Core/Src/usart.d" -MT"Core/Src/usart.o" --specs=nano.specs -mfloat-abi=soft -mthumb -o "Core/Src/usart.o"
arm-none-eabi-gcc "../BSP/LED/led.c" -mcpu=cortex-m33 -std=gnu11 -g3 -DDEBUG -DUSE_HAL_DRIVER -DSTM32H503xx -c -I../Core/Inc -I../../../libraries/Drivers/STM32H5xx_HAL_Driver/Inc -I../../../libraries/Drivers/STM32H5xx_HAL_Driver/Inc/Legacy -I../../../libraries/Drivers/CMSIS/Device/ST/STM32H5xx/Include -I../../../libraries/Drivers/CMSIS/Include -I../BSP/LED -I../BSP/KEY -O0 -ffunction-sections -fdata-sections -Wall -fstack-usage -fcyclomatic-complexity -MMD -MP -MF"BSP/LED/led.d" -MT"BSP/LED/led.o" --specs=nano.specs -mfloat-abi=soft -mthumb -o "BSP/LED/led.o"
arm-none-eabi-gcc "../BSP/KEY/key.c" -mcpu=cortex-m33 -std=gnu11 -g3 -DDEBUG -DUSE_HAL_DRIVER -DSTM32H503xx -c -I../Core/Inc -I../../../libraries/Drivers/STM32H5xx_HAL_Driver/Inc -I../../../libraries/Drivers/STM32H5xx_HAL_Driver/Inc/Legacy -I../../../libraries/Drivers/CMSIS/Device/ST/STM32H5xx/Include -I../../../libraries/Drivers/CMSIS/Include -I../BSP/LED -I../BSP/KEY -O0 -ffunction-sections -fdata-sections -Wall -fstack-usage -fcyclomatic-complexity -MMD -MP -MF"BSP/KEY/key.d" -MT"BSP/KEY/key.o" --specs=nano.specs -mfloat-abi=soft -mthumb -o "BSP/KEY/key.o"
arm-none-eabi-gcc -o "09_4_ATIM_PWM_IN.elf" @"objects.list"   -mcpu=cortex-m33 -T"F:\CubeIDE\h503_Git\oversea_stm32h503\examples\09_4_ATIM_PWM_IN\STM32H503CBTX_FLASH.ld" --specs=nosys.specs -Wl,-Map="09_4_ATIM_PWM_IN.map" -Wl,--gc-sections -static --specs=nano.specs -mfloat-abi=soft -mthumb -u _printf_float -u _scanf_float -Wl,--start-group -lc -lm -Wl,--end-group
Finished building target: 09_4_ATIM_PWM_IN.elf
 
arm-none-eabi-size  09_4_ATIM_PWM_IN.elf 
arm-none-eabi-objdump -h -S 09_4_ATIM_PWM_IN.elf  > "09_4_ATIM_PWM_IN.list"
arm-none-eabi-objcopy  -O ihex 09_4_ATIM_PWM_IN.elf  "09_4_ATIM_PWM_IN.hex"
arm-none-eabi-objcopy  -O binary 09_4_ATIM_PWM_IN.elf  "09_4_ATIM_PWM_IN.bin"
   text	   data	    bss	    dec	    hex	filename
  58816	    476	   2428	  61720	   f118	09_4_ATIM_PWM_IN.elf
Finished building: default.size.stdout
 
Finished building: 09_4_ATIM_PWM_IN.bin
Finished building: 09_4_ATIM_PWM_IN.hex
 
 
Finished building: 09_4_ATIM_PWM_IN.list
 

18:02:16 Build Finished. 0 errors, 0 warnings. (took 4s.672ms)

