17:42:11 **** Clean-only build of configuration Debug for project 01_LED ****
make -j16 clean 
rm -rf ./libraries/Drivers/STM32H5xx_HAL_Driver/Src/stm32h5xx_hal.cyclo ./libraries/Drivers/STM32H5xx_HAL_Driver/Src/stm32h5xx_hal.d ./libraries/Drivers/STM32H5xx_HAL_Driver/Src/stm32h5xx_hal.o ./libraries/Drivers/STM32H5xx_HAL_Driver/Src/stm32h5xx_hal.su ./libraries/Drivers/STM32H5xx_HAL_Driver/Src/stm32h5xx_hal_adc.cyclo ./libraries/Drivers/STM32H5xx_HAL_Driver/Src/stm32h5xx_hal_adc.d ./libraries/Drivers/STM32H5xx_HAL_Driver/Src/stm32h5xx_hal_adc.o ./libraries/Drivers/STM32H5xx_HAL_Driver/Src/stm32h5xx_hal_adc.su ./libraries/Drivers/STM32H5xx_HAL_Driver/Src/stm32h5xx_hal_adc_ex.cyclo ./libraries/Drivers/STM32H5xx_HAL_Driver/Src/stm32h5xx_hal_adc_ex.d ./libraries/Drivers/STM32H5xx_HAL_Driver/Src/stm32h5xx_hal_adc_ex.o ./libraries/Drivers/STM32H5xx_HAL_Driver/Src/stm32h5xx_hal_adc_ex.su ./libraries/Drivers/STM32H5xx_HAL_Driver/Src/stm32h5xx_hal_cortex.cyclo ./libraries/Drivers/STM32H5xx_HAL_Driver/Src/stm32h5xx_hal_cortex.d ./libraries/Drivers/STM32H5xx_HAL_Driver/Src/stm32h5xx_hal_cortex.o ./libraries/Drivers/STM32H5xx_HAL_Driver/Src/stm32h5xx_hal_cortex.su ./libraries/Drivers/STM32H5xx_HAL_Driver/Src/stm32h5xx_hal_dac.cyclo ./libraries/Drivers/STM32H5xx_HAL_Driver/Src/stm32h5xx_hal_dac.d ./libraries/Drivers/STM32H5xx_HAL_Driver/Src/stm32h5xx_hal_dac.o ./libraries/Drivers/STM32H5xx_HAL_Driver/Src/stm32h5xx_hal_dac.su ./libraries/Drivers/STM32H5xx_HAL_Driver/Src/stm32h5xx_hal_dac_ex.cyclo ./libraries/Drivers/STM32H5xx_HAL_Driver/Src/stm32h5xx_hal_dac_ex.d ./libraries/Drivers/STM32H5xx_HAL_Driver/Src/stm32h5xx_hal_dac_ex.o ./libraries/Drivers/STM32H5xx_HAL_Driver/Src/stm32h5xx_hal_dac_ex.su ./libraries/Drivers/STM32H5xx_HAL_Driver/Src/stm32h5xx_hal_dma.cyclo ./libraries/Drivers/STM32H5xx_HAL_Driver/Src/stm32h5xx_hal_dma.d ./libraries/Drivers/STM32H5xx_HAL_Driver/Src/stm32h5xx_hal_dma.o ./libraries/Drivers/STM32H5xx_HAL_Driver/Src/stm32h5xx_hal_dma.su ./libraries/Drivers/STM32H5xx_HAL_Driver/Src/stm32h5xx_hal_dma_ex.cyclo ./libraries/Drivers/STM32H5xx_HAL_Driver/Src/stm32h5xx_hal_dma_ex.d ./libraries/Drivers/STM32H5xx_HAL_Driver/Src/stm32h5xx_hal_dma_ex.o ./libraries/Drivers/STM32H5xx_HAL_Driver/Src/stm32h5xx_hal_dma_ex.su ./libraries/Drivers/STM32H5xx_HAL_Driver/Src/stm32h5xx_hal_exti.cyclo ./libraries/Drivers/STM32H5xx_HAL_Driver/Src/stm32h5xx_hal_exti.d ./libraries/Drivers/STM32H5xx_HAL_Driver/Src/stm32h5xx_hal_exti.o ./libraries/Drivers/STM32H5xx_HAL_Driver/Src/stm32h5xx_hal_exti.su ./libraries/Drivers/STM32H5xx_HAL_Driver/Src/stm32h5xx_hal_flash.cyclo ./libraries/Drivers/STM32H5xx_HAL_Driver/Src/stm32h5xx_hal_flash.d ./libraries/Drivers/STM32H5xx_HAL_Driver/Src/stm32h5xx_hal_flash.o ./libraries/Drivers/STM32H5xx_HAL_Driver/Src/stm32h5xx_hal_flash.su ./libraries/Drivers/STM32H5xx_HAL_Driver/Src/stm32h5xx_hal_flash_ex.cyclo ./libraries/Drivers/STM32H5xx_HAL_Driver/Src/stm32h5xx_hal_flash_ex.d ./libraries/Drivers/STM32H5xx_HAL_Driver/Src/stm32h5xx_hal_flash_ex.o ./libraries/Drivers/STM32H5xx_HAL_Driver/Src/stm32h5xx_hal_flash_ex.su ./libraries/Drivers/STM32H5xx_HAL_Driver/Src/stm32h5xx_hal_gpio.cyclo ./libraries/Drivers/STM32H5xx_HAL_Driver/Src/stm32h5xx_hal_gpio.d ./libraries/Drivers/STM32H5xx_HAL_Driver/Src/stm32h5xx_hal_gpio.o ./libraries/Drivers/STM32H5xx_HAL_Driver/Src/stm32h5xx_hal_gpio.su ./libraries/Drivers/STM32H5xx_HAL_Driver/Src/stm32h5xx_hal_icache.cyclo ./libraries/Drivers/STM32H5xx_HAL_Driver/Src/stm32h5xx_hal_icache.d ./libraries/Drivers/STM32H5xx_HAL_Driver/Src/stm32h5xx_hal_icache.o ./libraries/Drivers/STM32H5xx_HAL_Driver/Src/stm32h5xx_hal_icache.su ./libraries/Drivers/STM32H5xx_HAL_Driver/Src/stm32h5xx_hal_iwdg.cyclo ./libraries/Drivers/STM32H5xx_HAL_Driver/Src/stm32h5xx_hal_iwdg.d ./libraries/Drivers/STM32H5xx_HAL_Driver/Src/stm32h5xx_hal_iwdg.o ./libraries/Drivers/STM32H5xx_HAL_Driver/Src/stm32h5xx_hal_iwdg.su ./libraries/Drivers/STM32H5xx_HAL_Driver/Src/stm32h5xx_hal_pcd.cyclo ./libraries/Drivers/STM32H5xx_HAL_Driver/Src/stm32h5xx_hal_pcd.d ./libraries/Drivers/STM32H5xx_HAL_Driver/Src/stm32h5xx_hal_pcd.o ./libraries/Drivers/STM32H5xx_HAL_Driver/Src/stm32h5xx_hal_pcd.su ./libraries/Drivers/STM32H5xx_HAL_Driver/Src/stm32h5xx_hal_pcd_ex.cyclo ./libraries/Drivers/STM32H5xx_HAL_Driver/Src/stm32h5xx_hal_pcd_ex.d ./libraries/Drivers/STM32H5xx_HAL_Driver/Src/stm32h5xx_hal_pcd_ex.o ./libraries/Drivers/STM32H5xx_HAL_Driver/Src/stm32h5xx_hal_pcd_ex.su ./libraries/Drivers/STM32H5xx_HAL_Driver/Src/stm32h5xx_hal_pwr.cyclo ./libraries/Drivers/STM32H5xx_HAL_Driver/Src/stm32h5xx_hal_pwr.d ./libraries/Drivers/STM32H5xx_HAL_Driver/Src/stm32h5xx_hal_pwr.o ./libraries/Drivers/STM32H5xx_HAL_Driver/Src/stm32h5xx_hal_pwr.su ./libraries/Drivers/STM32H5xx_HAL_Driver/Src/stm32h5xx_hal_pwr_ex.cyclo ./libraries/Drivers/STM32H5xx_HAL_Driver/Src/stm32h5xx_hal_pwr_ex.d ./libraries/Drivers/STM32H5xx_HAL_Driver/Src/stm32h5xx_hal_pwr_ex.o ./libraries/Drivers/STM32H5xx_HAL_Driver/Src/stm32h5xx_hal_pwr_ex.su ./libraries/Drivers/STM32H5xx_HAL_Driver/Src/stm32h5xx_hal_rcc.cyclo ./libraries/Drivers/STM32H5xx_HAL_Driver/Src/stm32h5xx_hal_rcc.d ./libraries/Drivers/STM32H5xx_HAL_Driver/Src/stm32h5xx_hal_rcc.o ./libraries/Drivers/STM32H5xx_HAL_Driver/Src/stm32h5xx_hal_rcc.su ./libraries/Drivers/STM32H5xx_HAL_Driver/Src/stm32h5xx_hal_rcc_ex.cyclo ./libraries/Drivers/STM32H5xx_HAL_Driver/Src/stm32h5xx_hal_rcc_ex.d ./libraries/Drivers/STM32H5xx_HAL_Driver/Src/stm32h5xx_hal_rcc_ex.o ./libraries/Drivers/STM32H5xx_HAL_Driver/Src/stm32h5xx_hal_rcc_ex.su ./libraries/Drivers/STM32H5xx_HAL_Driver/Src/stm32h5xx_hal_rng.cyclo ./libraries/Drivers/STM32H5xx_HAL_Driver/Src/stm32h5xx_hal_rng.d ./libraries/Drivers/STM32H5xx_HAL_Driver/Src/stm32h5xx_hal_rng.o ./libraries/Drivers/STM32H5xx_HAL_Driver/Src/stm32h5xx_hal_rng.su ./libraries/Drivers/STM32H5xx_HAL_Driver/Src/stm32h5xx_hal_rng_ex.cyclo ./libraries/Drivers/STM32H5xx_HAL_Driver/Src/stm32h5xx_hal_rng_ex.d ./libraries/Drivers/STM32H5xx_HAL_Driver/Src/stm32h5xx_hal_rng_ex.o ./libraries/Drivers/STM32H5xx_HAL_Driver/Src/stm32h5xx_hal_rng_ex.su
rm -rf ./Core/Startup/startup_stm32h503cbtx.d ./Core/Startup/startup_stm32h503cbtx.o
rm -rf ./Core/Src/gpio.cyclo ./Core/Src/gpio.d ./Core/Src/gpio.o ./Core/Src/gpio.su ./Core/Src/icache.cyclo ./Core/Src/icache.d ./Core/Src/icache.o ./Core/Src/icache.su ./Core/Src/main.cyclo ./Core/Src/main.d ./Core/Src/main.o ./Core/Src/main.su ./Core/Src/memorymap.cyclo ./Core/Src/memorymap.d ./Core/Src/memorymap.o ./Core/Src/memorymap.su ./Core/Src/stm32h5xx_hal_msp.cyclo ./Core/Src/stm32h5xx_hal_msp.d ./Core/Src/stm32h5xx_hal_msp.o ./Core/Src/stm32h5xx_hal_msp.su ./Core/Src/stm32h5xx_it.cyclo ./Core/Src/stm32h5xx_it.d ./Core/Src/stm32h5xx_it.o ./Core/Src/stm32h5xx_it.su ./Core/Src/syscalls.cyclo ./Core/Src/syscalls.d ./Core/Src/syscalls.o ./Core/Src/syscalls.su ./Core/Src/sysmem.cyclo ./Core/Src/sysmem.d ./Core/Src/sysmem.o ./Core/Src/sysmem.su ./Core/Src/system_stm32h5xx.cyclo ./Core/Src/system_stm32h5xx.d ./Core/Src/system_stm32h5xx.o ./Core/Src/system_stm32h5xx.su
rm -rf ./BSP/LED/led.cyclo ./BSP/LED/led.d ./BSP/LED/led.o ./BSP/LED/led.su
rm -rf ./.metadata/.plugins/org.eclipse.cdt.make.core/specs.cyclo ./.metadata/.plugins/org.eclipse.cdt.make.core/specs.d ./.metadata/.plugins/org.eclipse.cdt.make.core/specs.o ./.metadata/.plugins/org.eclipse.cdt.make.core/specs.su
rm -rf ./libraries/Drivers/STM32H5xx_HAL_Driver/Src/stm32h5xx_hal_rtc.cyclo ./libraries/Drivers/STM32H5xx_HAL_Driver/Src/stm32h5xx_hal_rtc.d ./libraries/Drivers/STM32H5xx_HAL_Driver/Src/stm32h5xx_hal_rtc.o ./libraries/Drivers/STM32H5xx_HAL_Driver/Src/stm32h5xx_hal_rtc.su ./libraries/Drivers/STM32H5xx_HAL_Driver/Src/stm32h5xx_hal_rtc_ex.cyclo ./libraries/Drivers/STM32H5xx_HAL_Driver/Src/stm32h5xx_hal_rtc_ex.d ./libraries/Drivers/STM32H5xx_HAL_Driver/Src/stm32h5xx_hal_rtc_ex.o ./libraries/Drivers/STM32H5xx_HAL_Driver/Src/stm32h5xx_hal_rtc_ex.su ./libraries/Drivers/STM32H5xx_HAL_Driver/Src/stm32h5xx_hal_spi.cyclo ./libraries/Drivers/STM32H5xx_HAL_Driver/Src/stm32h5xx_hal_spi.d ./libraries/Drivers/STM32H5xx_HAL_Driver/Src/stm32h5xx_hal_spi.o ./libraries/Drivers/STM32H5xx_HAL_Driver/Src/stm32h5xx_hal_spi.su ./libraries/Drivers/STM32H5xx_HAL_Driver/Src/stm32h5xx_hal_spi_ex.cyclo ./libraries/Drivers/STM32H5xx_HAL_Driver/Src/stm32h5xx_hal_spi_ex.d ./libraries/Drivers/STM32H5xx_HAL_Driver/Src/stm32h5xx_hal_spi_ex.o ./libraries/Drivers/STM32H5xx_HAL_Driver/Src/stm32h5xx_hal_spi_ex.su ./libraries/Drivers/STM32H5xx_HAL_Driver/Src/stm32h5xx_hal_tim.cyclo ./libraries/Drivers/STM32H5xx_HAL_Driver/Src/stm32h5xx_hal_tim.d ./libraries/Drivers/STM32H5xx_HAL_Driver/Src/stm32h5xx_hal_tim.o ./libraries/Drivers/STM32H5xx_HAL_Driver/Src/stm32h5xx_hal_tim.su ./libraries/Drivers/STM32H5xx_HAL_Driver/Src/stm32h5xx_hal_tim_ex.cyclo ./libraries/Drivers/STM32H5xx_HAL_Driver/Src/stm32h5xx_hal_tim_ex.d ./libraries/Drivers/STM32H5xx_HAL_Driver/Src/stm32h5xx_hal_tim_ex.o ./libraries/Drivers/STM32H5xx_HAL_Driver/Src/stm32h5xx_hal_tim_ex.su ./libraries/Drivers/STM32H5xx_HAL_Driver/Src/stm32h5xx_hal_uart.cyclo ./libraries/Drivers/STM32H5xx_HAL_Driver/Src/stm32h5xx_hal_uart.d ./libraries/Drivers/STM32H5xx_HAL_Driver/Src/stm32h5xx_hal_uart.o ./libraries/Drivers/STM32H5xx_HAL_Driver/Src/stm32h5xx_hal_uart.su ./libraries/Drivers/STM32H5xx_HAL_Driver/Src/stm32h5xx_hal_uart_ex.cyclo ./libraries/Drivers/STM32H5xx_HAL_Driver/Src/stm32h5xx_hal_uart_ex.d ./libraries/Drivers/STM32H5xx_HAL_Driver/Src/stm32h5xx_hal_uart_ex.o ./libraries/Drivers/STM32H5xx_HAL_Driver/Src/stm32h5xx_hal_uart_ex.su ./libraries/Drivers/STM32H5xx_HAL_Driver/Src/stm32h5xx_hal_wwdg.cyclo ./libraries/Drivers/STM32H5xx_HAL_Driver/Src/stm32h5xx_hal_wwdg.d ./libraries/Drivers/STM32H5xx_HAL_Driver/Src/stm32h5xx_hal_wwdg.o ./libraries/Drivers/STM32H5xx_HAL_Driver/Src/stm32h5xx_hal_wwdg.su ./libraries/Drivers/STM32H5xx_HAL_Driver/Src/stm32h5xx_ll_usb.cyclo ./libraries/Drivers/STM32H5xx_HAL_Driver/Src/stm32h5xx_ll_usb.d ./libraries/Drivers/STM32H5xx_HAL_Driver/Src/stm32h5xx_ll_usb.o ./libraries/Drivers/STM32H5xx_HAL_Driver/Src/stm32h5xx_ll_usb.su
rm -rf 01_LED.bin 01_LED.elf 01_LED.hex 01_LED.list 01_LED.map default.size.stdout
 
17:42:12 **** Build of configuration Debug for project 01_LED ****
make -j16 all 
arm-none-eabi-gcc "F:/CubeIDE/h503_Git/oversea_stm32h503/libraries/Drivers/STM32H5xx_HAL_Driver/Src/stm32h5xx_hal.c" -mcpu=cortex-m33 -std=gnu11 -g3 -DDEBUG -DUSE_HAL_DRIVER -DSTM32H503xx -c -I../Core/Inc -I../BSP/LED -I../../../libraries/Drivers/STM32H5xx_HAL_Driver/Inc -I../../../libraries/Drivers/STM32H5xx_HAL_Driver/Inc/Legacy -I../../../libraries/Drivers/CMSIS/Device/ST/STM32H5xx/Include -I../../../libraries/Drivers/CMSIS/Include -O0 -ffunction-sections -fdata-sections -Wall -fstack-usage -fcyclomatic-complexity -MMD -MP -MF"libraries/Drivers/STM32H5xx_HAL_Driver/Src/stm32h5xx_hal.d" -MT"libraries/Drivers/STM32H5xx_HAL_Driver/Src/stm32h5xx_hal.o" --specs=nano.specs -mfpu=fpv5-sp-d16 -mfloat-abi=hard -mthumb -o "libraries/Drivers/STM32H5xx_HAL_Driver/Src/stm32h5xx_hal.o"
arm-none-eabi-gcc "F:/CubeIDE/h503_Git/oversea_stm32h503/libraries/Drivers/STM32H5xx_HAL_Driver/Src/stm32h5xx_hal_adc.c" -mcpu=cortex-m33 -std=gnu11 -g3 -DDEBUG -DUSE_HAL_DRIVER -DSTM32H503xx -c -I../Core/Inc -I../BSP/LED -I../../../libraries/Drivers/STM32H5xx_HAL_Driver/Inc -I../../../libraries/Drivers/STM32H5xx_HAL_Driver/Inc/Legacy -I../../../libraries/Drivers/CMSIS/Device/ST/STM32H5xx/Include -I../../../libraries/Drivers/CMSIS/Include -O0 -ffunction-sections -fdata-sections -Wall -fstack-usage -fcyclomatic-complexity -MMD -MP -MF"libraries/Drivers/STM32H5xx_HAL_Driver/Src/stm32h5xx_hal_adc.d" -MT"libraries/Drivers/STM32H5xx_HAL_Driver/Src/stm32h5xx_hal_adc.o" --specs=nano.specs -mfpu=fpv5-sp-d16 -mfloat-abi=hard -mthumb -o "libraries/Drivers/STM32H5xx_HAL_Driver/Src/stm32h5xx_hal_adc.o"
arm-none-eabi-gcc "F:/CubeIDE/h503_Git/oversea_stm32h503/libraries/Drivers/STM32H5xx_HAL_Driver/Src/stm32h5xx_hal_adc_ex.c" -mcpu=cortex-m33 -std=gnu11 -g3 -DDEBUG -DUSE_HAL_DRIVER -DSTM32H503xx -c -I../Core/Inc -I../BSP/LED -I../../../libraries/Drivers/STM32H5xx_HAL_Driver/Inc -I../../../libraries/Drivers/STM32H5xx_HAL_Driver/Inc/Legacy -I../../../libraries/Drivers/CMSIS/Device/ST/STM32H5xx/Include -I../../../libraries/Drivers/CMSIS/Include -O0 -ffunction-sections -fdata-sections -Wall -fstack-usage -fcyclomatic-complexity -MMD -MP -MF"libraries/Drivers/STM32H5xx_HAL_Driver/Src/stm32h5xx_hal_adc_ex.d" -MT"libraries/Drivers/STM32H5xx_HAL_Driver/Src/stm32h5xx_hal_adc_ex.o" --specs=nano.specs -mfpu=fpv5-sp-d16 -mfloat-abi=hard -mthumb -o "libraries/Drivers/STM32H5xx_HAL_Driver/Src/stm32h5xx_hal_adc_ex.o"
arm-none-eabi-gcc "F:/CubeIDE/h503_Git/oversea_stm32h503/libraries/Drivers/STM32H5xx_HAL_Driver/Src/stm32h5xx_hal_cortex.c" -mcpu=cortex-m33 -std=gnu11 -g3 -DDEBUG -DUSE_HAL_DRIVER -DSTM32H503xx -c -I../Core/Inc -I../BSP/LED -I../../../libraries/Drivers/STM32H5xx_HAL_Driver/Inc -I../../../libraries/Drivers/STM32H5xx_HAL_Driver/Inc/Legacy -I../../../libraries/Drivers/CMSIS/Device/ST/STM32H5xx/Include -I../../../libraries/Drivers/CMSIS/Include -O0 -ffunction-sections -fdata-sections -Wall -fstack-usage -fcyclomatic-complexity -MMD -MP -MF"libraries/Drivers/STM32H5xx_HAL_Driver/Src/stm32h5xx_hal_cortex.d" -MT"libraries/Drivers/STM32H5xx_HAL_Driver/Src/stm32h5xx_hal_cortex.o" --specs=nano.specs -mfpu=fpv5-sp-d16 -mfloat-abi=hard -mthumb -o "libraries/Drivers/STM32H5xx_HAL_Driver/Src/stm32h5xx_hal_cortex.o"
arm-none-eabi-gcc "F:/CubeIDE/h503_Git/oversea_stm32h503/libraries/Drivers/STM32H5xx_HAL_Driver/Src/stm32h5xx_hal_dac.c" -mcpu=cortex-m33 -std=gnu11 -g3 -DDEBUG -DUSE_HAL_DRIVER -DSTM32H503xx -c -I../Core/Inc -I../BSP/LED -I../../../libraries/Drivers/STM32H5xx_HAL_Driver/Inc -I../../../libraries/Drivers/STM32H5xx_HAL_Driver/Inc/Legacy -I../../../libraries/Drivers/CMSIS/Device/ST/STM32H5xx/Include -I../../../libraries/Drivers/CMSIS/Include -O0 -ffunction-sections -fdata-sections -Wall -fstack-usage -fcyclomatic-complexity -MMD -MP -MF"libraries/Drivers/STM32H5xx_HAL_Driver/Src/stm32h5xx_hal_dac.d" -MT"libraries/Drivers/STM32H5xx_HAL_Driver/Src/stm32h5xx_hal_dac.o" --specs=nano.specs -mfpu=fpv5-sp-d16 -mfloat-abi=hard -mthumb -o "libraries/Drivers/STM32H5xx_HAL_Driver/Src/stm32h5xx_hal_dac.o"
arm-none-eabi-gcc "F:/CubeIDE/h503_Git/oversea_stm32h503/libraries/Drivers/STM32H5xx_HAL_Driver/Src/stm32h5xx_hal_dac_ex.c" -mcpu=cortex-m33 -std=gnu11 -g3 -DDEBUG -DUSE_HAL_DRIVER -DSTM32H503xx -c -I../Core/Inc -I../BSP/LED -I../../../libraries/Drivers/STM32H5xx_HAL_Driver/Inc -I../../../libraries/Drivers/STM32H5xx_HAL_Driver/Inc/Legacy -I../../../libraries/Drivers/CMSIS/Device/ST/STM32H5xx/Include -I../../../libraries/Drivers/CMSIS/Include -O0 -ffunction-sections -fdata-sections -Wall -fstack-usage -fcyclomatic-complexity -MMD -MP -MF"libraries/Drivers/STM32H5xx_HAL_Driver/Src/stm32h5xx_hal_dac_ex.d" -MT"libraries/Drivers/STM32H5xx_HAL_Driver/Src/stm32h5xx_hal_dac_ex.o" --specs=nano.specs -mfpu=fpv5-sp-d16 -mfloat-abi=hard -mthumb -o "libraries/Drivers/STM32H5xx_HAL_Driver/Src/stm32h5xx_hal_dac_ex.o"
arm-none-eabi-gcc "F:/CubeIDE/h503_Git/oversea_stm32h503/libraries/Drivers/STM32H5xx_HAL_Driver/Src/stm32h5xx_hal_dma.c" -mcpu=cortex-m33 -std=gnu11 -g3 -DDEBUG -DUSE_HAL_DRIVER -DSTM32H503xx -c -I../Core/Inc -I../BSP/LED -I../../../libraries/Drivers/STM32H5xx_HAL_Driver/Inc -I../../../libraries/Drivers/STM32H5xx_HAL_Driver/Inc/Legacy -I../../../libraries/Drivers/CMSIS/Device/ST/STM32H5xx/Include -I../../../libraries/Drivers/CMSIS/Include -O0 -ffunction-sections -fdata-sections -Wall -fstack-usage -fcyclomatic-complexity -MMD -MP -MF"libraries/Drivers/STM32H5xx_HAL_Driver/Src/stm32h5xx_hal_dma.d" -MT"libraries/Drivers/STM32H5xx_HAL_Driver/Src/stm32h5xx_hal_dma.o" --specs=nano.specs -mfpu=fpv5-sp-d16 -mfloat-abi=hard -mthumb -o "libraries/Drivers/STM32H5xx_HAL_Driver/Src/stm32h5xx_hal_dma.o"
arm-none-eabi-gcc "F:/CubeIDE/h503_Git/oversea_stm32h503/libraries/Drivers/STM32H5xx_HAL_Driver/Src/stm32h5xx_hal_dma_ex.c" -mcpu=cortex-m33 -std=gnu11 -g3 -DDEBUG -DUSE_HAL_DRIVER -DSTM32H503xx -c -I../Core/Inc -I../BSP/LED -I../../../libraries/Drivers/STM32H5xx_HAL_Driver/Inc -I../../../libraries/Drivers/STM32H5xx_HAL_Driver/Inc/Legacy -I../../../libraries/Drivers/CMSIS/Device/ST/STM32H5xx/Include -I../../../libraries/Drivers/CMSIS/Include -O0 -ffunction-sections -fdata-sections -Wall -fstack-usage -fcyclomatic-complexity -MMD -MP -MF"libraries/Drivers/STM32H5xx_HAL_Driver/Src/stm32h5xx_hal_dma_ex.d" -MT"libraries/Drivers/STM32H5xx_HAL_Driver/Src/stm32h5xx_hal_dma_ex.o" --specs=nano.specs -mfpu=fpv5-sp-d16 -mfloat-abi=hard -mthumb -o "libraries/Drivers/STM32H5xx_HAL_Driver/Src/stm32h5xx_hal_dma_ex.o"
arm-none-eabi-gcc "F:/CubeIDE/h503_Git/oversea_stm32h503/libraries/Drivers/STM32H5xx_HAL_Driver/Src/stm32h5xx_hal_exti.c" -mcpu=cortex-m33 -std=gnu11 -g3 -DDEBUG -DUSE_HAL_DRIVER -DSTM32H503xx -c -I../Core/Inc -I../BSP/LED -I../../../libraries/Drivers/STM32H5xx_HAL_Driver/Inc -I../../../libraries/Drivers/STM32H5xx_HAL_Driver/Inc/Legacy -I../../../libraries/Drivers/CMSIS/Device/ST/STM32H5xx/Include -I../../../libraries/Drivers/CMSIS/Include -O0 -ffunction-sections -fdata-sections -Wall -fstack-usage -fcyclomatic-complexity -MMD -MP -MF"libraries/Drivers/STM32H5xx_HAL_Driver/Src/stm32h5xx_hal_exti.d" -MT"libraries/Drivers/STM32H5xx_HAL_Driver/Src/stm32h5xx_hal_exti.o" --specs=nano.specs -mfpu=fpv5-sp-d16 -mfloat-abi=hard -mthumb -o "libraries/Drivers/STM32H5xx_HAL_Driver/Src/stm32h5xx_hal_exti.o"
arm-none-eabi-gcc "F:/CubeIDE/h503_Git/oversea_stm32h503/libraries/Drivers/STM32H5xx_HAL_Driver/Src/stm32h5xx_hal_flash.c" -mcpu=cortex-m33 -std=gnu11 -g3 -DDEBUG -DUSE_HAL_DRIVER -DSTM32H503xx -c -I../Core/Inc -I../BSP/LED -I../../../libraries/Drivers/STM32H5xx_HAL_Driver/Inc -I../../../libraries/Drivers/STM32H5xx_HAL_Driver/Inc/Legacy -I../../../libraries/Drivers/CMSIS/Device/ST/STM32H5xx/Include -I../../../libraries/Drivers/CMSIS/Include -O0 -ffunction-sections -fdata-sections -Wall -fstack-usage -fcyclomatic-complexity -MMD -MP -MF"libraries/Drivers/STM32H5xx_HAL_Driver/Src/stm32h5xx_hal_flash.d" -MT"libraries/Drivers/STM32H5xx_HAL_Driver/Src/stm32h5xx_hal_flash.o" --specs=nano.specs -mfpu=fpv5-sp-d16 -mfloat-abi=hard -mthumb -o "libraries/Drivers/STM32H5xx_HAL_Driver/Src/stm32h5xx_hal_flash.o"
arm-none-eabi-gcc "F:/CubeIDE/h503_Git/oversea_stm32h503/libraries/Drivers/STM32H5xx_HAL_Driver/Src/stm32h5xx_hal_flash_ex.c" -mcpu=cortex-m33 -std=gnu11 -g3 -DDEBUG -DUSE_HAL_DRIVER -DSTM32H503xx -c -I../Core/Inc -I../BSP/LED -I../../../libraries/Drivers/STM32H5xx_HAL_Driver/Inc -I../../../libraries/Drivers/STM32H5xx_HAL_Driver/Inc/Legacy -I../../../libraries/Drivers/CMSIS/Device/ST/STM32H5xx/Include -I../../../libraries/Drivers/CMSIS/Include -O0 -ffunction-sections -fdata-sections -Wall -fstack-usage -fcyclomatic-complexity -MMD -MP -MF"libraries/Drivers/STM32H5xx_HAL_Driver/Src/stm32h5xx_hal_flash_ex.d" -MT"libraries/Drivers/STM32H5xx_HAL_Driver/Src/stm32h5xx_hal_flash_ex.o" --specs=nano.specs -mfpu=fpv5-sp-d16 -mfloat-abi=hard -mthumb -o "libraries/Drivers/STM32H5xx_HAL_Driver/Src/stm32h5xx_hal_flash_ex.o"
arm-none-eabi-gcc "F:/CubeIDE/h503_Git/oversea_stm32h503/libraries/Drivers/STM32H5xx_HAL_Driver/Src/stm32h5xx_hal_gpio.c" -mcpu=cortex-m33 -std=gnu11 -g3 -DDEBUG -DUSE_HAL_DRIVER -DSTM32H503xx -c -I../Core/Inc -I../BSP/LED -I../../../libraries/Drivers/STM32H5xx_HAL_Driver/Inc -I../../../libraries/Drivers/STM32H5xx_HAL_Driver/Inc/Legacy -I../../../libraries/Drivers/CMSIS/Device/ST/STM32H5xx/Include -I../../../libraries/Drivers/CMSIS/Include -O0 -ffunction-sections -fdata-sections -Wall -fstack-usage -fcyclomatic-complexity -MMD -MP -MF"libraries/Drivers/STM32H5xx_HAL_Driver/Src/stm32h5xx_hal_gpio.d" -MT"libraries/Drivers/STM32H5xx_HAL_Driver/Src/stm32h5xx_hal_gpio.o" --specs=nano.specs -mfpu=fpv5-sp-d16 -mfloat-abi=hard -mthumb -o "libraries/Drivers/STM32H5xx_HAL_Driver/Src/stm32h5xx_hal_gpio.o"
arm-none-eabi-gcc "F:/CubeIDE/h503_Git/oversea_stm32h503/libraries/Drivers/STM32H5xx_HAL_Driver/Src/stm32h5xx_hal_icache.c" -mcpu=cortex-m33 -std=gnu11 -g3 -DDEBUG -DUSE_HAL_DRIVER -DSTM32H503xx -c -I../Core/Inc -I../BSP/LED -I../../../libraries/Drivers/STM32H5xx_HAL_Driver/Inc -I../../../libraries/Drivers/STM32H5xx_HAL_Driver/Inc/Legacy -I../../../libraries/Drivers/CMSIS/Device/ST/STM32H5xx/Include -I../../../libraries/Drivers/CMSIS/Include -O0 -ffunction-sections -fdata-sections -Wall -fstack-usage -fcyclomatic-complexity -MMD -MP -MF"libraries/Drivers/STM32H5xx_HAL_Driver/Src/stm32h5xx_hal_icache.d" -MT"libraries/Drivers/STM32H5xx_HAL_Driver/Src/stm32h5xx_hal_icache.o" --specs=nano.specs -mfpu=fpv5-sp-d16 -mfloat-abi=hard -mthumb -o "libraries/Drivers/STM32H5xx_HAL_Driver/Src/stm32h5xx_hal_icache.o"
arm-none-eabi-gcc "F:/CubeIDE/h503_Git/oversea_stm32h503/libraries/Drivers/STM32H5xx_HAL_Driver/Src/stm32h5xx_hal_iwdg.c" -mcpu=cortex-m33 -std=gnu11 -g3 -DDEBUG -DUSE_HAL_DRIVER -DSTM32H503xx -c -I../Core/Inc -I../BSP/LED -I../../../libraries/Drivers/STM32H5xx_HAL_Driver/Inc -I../../../libraries/Drivers/STM32H5xx_HAL_Driver/Inc/Legacy -I../../../libraries/Drivers/CMSIS/Device/ST/STM32H5xx/Include -I../../../libraries/Drivers/CMSIS/Include -O0 -ffunction-sections -fdata-sections -Wall -fstack-usage -fcyclomatic-complexity -MMD -MP -MF"libraries/Drivers/STM32H5xx_HAL_Driver/Src/stm32h5xx_hal_iwdg.d" -MT"libraries/Drivers/STM32H5xx_HAL_Driver/Src/stm32h5xx_hal_iwdg.o" --specs=nano.specs -mfpu=fpv5-sp-d16 -mfloat-abi=hard -mthumb -o "libraries/Drivers/STM32H5xx_HAL_Driver/Src/stm32h5xx_hal_iwdg.o"
arm-none-eabi-gcc "F:/CubeIDE/h503_Git/oversea_stm32h503/libraries/Drivers/STM32H5xx_HAL_Driver/Src/stm32h5xx_hal_pcd.c" -mcpu=cortex-m33 -std=gnu11 -g3 -DDEBUG -DUSE_HAL_DRIVER -DSTM32H503xx -c -I../Core/Inc -I../BSP/LED -I../../../libraries/Drivers/STM32H5xx_HAL_Driver/Inc -I../../../libraries/Drivers/STM32H5xx_HAL_Driver/Inc/Legacy -I../../../libraries/Drivers/CMSIS/Device/ST/STM32H5xx/Include -I../../../libraries/Drivers/CMSIS/Include -O0 -ffunction-sections -fdata-sections -Wall -fstack-usage -fcyclomatic-complexity -MMD -MP -MF"libraries/Drivers/STM32H5xx_HAL_Driver/Src/stm32h5xx_hal_pcd.d" -MT"libraries/Drivers/STM32H5xx_HAL_Driver/Src/stm32h5xx_hal_pcd.o" --specs=nano.specs -mfpu=fpv5-sp-d16 -mfloat-abi=hard -mthumb -o "libraries/Drivers/STM32H5xx_HAL_Driver/Src/stm32h5xx_hal_pcd.o"
arm-none-eabi-gcc "F:/CubeIDE/h503_Git/oversea_stm32h503/libraries/Drivers/STM32H5xx_HAL_Driver/Src/stm32h5xx_hal_pcd_ex.c" -mcpu=cortex-m33 -std=gnu11 -g3 -DDEBUG -DUSE_HAL_DRIVER -DSTM32H503xx -c -I../Core/Inc -I../BSP/LED -I../../../libraries/Drivers/STM32H5xx_HAL_Driver/Inc -I../../../libraries/Drivers/STM32H5xx_HAL_Driver/Inc/Legacy -I../../../libraries/Drivers/CMSIS/Device/ST/STM32H5xx/Include -I../../../libraries/Drivers/CMSIS/Include -O0 -ffunction-sections -fdata-sections -Wall -fstack-usage -fcyclomatic-complexity -MMD -MP -MF"libraries/Drivers/STM32H5xx_HAL_Driver/Src/stm32h5xx_hal_pcd_ex.d" -MT"libraries/Drivers/STM32H5xx_HAL_Driver/Src/stm32h5xx_hal_pcd_ex.o" --specs=nano.specs -mfpu=fpv5-sp-d16 -mfloat-abi=hard -mthumb -o "libraries/Drivers/STM32H5xx_HAL_Driver/Src/stm32h5xx_hal_pcd_ex.o"
arm-none-eabi-gcc "F:/CubeIDE/h503_Git/oversea_stm32h503/libraries/Drivers/STM32H5xx_HAL_Driver/Src/stm32h5xx_hal_pwr.c" -mcpu=cortex-m33 -std=gnu11 -g3 -DDEBUG -DUSE_HAL_DRIVER -DSTM32H503xx -c -I../Core/Inc -I../BSP/LED -I../../../libraries/Drivers/STM32H5xx_HAL_Driver/Inc -I../../../libraries/Drivers/STM32H5xx_HAL_Driver/Inc/Legacy -I../../../libraries/Drivers/CMSIS/Device/ST/STM32H5xx/Include -I../../../libraries/Drivers/CMSIS/Include -O0 -ffunction-sections -fdata-sections -Wall -fstack-usage -fcyclomatic-complexity -MMD -MP -MF"libraries/Drivers/STM32H5xx_HAL_Driver/Src/stm32h5xx_hal_pwr.d" -MT"libraries/Drivers/STM32H5xx_HAL_Driver/Src/stm32h5xx_hal_pwr.o" --specs=nano.specs -mfpu=fpv5-sp-d16 -mfloat-abi=hard -mthumb -o "libraries/Drivers/STM32H5xx_HAL_Driver/Src/stm32h5xx_hal_pwr.o"
arm-none-eabi-gcc "F:/CubeIDE/h503_Git/oversea_stm32h503/libraries/Drivers/STM32H5xx_HAL_Driver/Src/stm32h5xx_hal_pwr_ex.c" -mcpu=cortex-m33 -std=gnu11 -g3 -DDEBUG -DUSE_HAL_DRIVER -DSTM32H503xx -c -I../Core/Inc -I../BSP/LED -I../../../libraries/Drivers/STM32H5xx_HAL_Driver/Inc -I../../../libraries/Drivers/STM32H5xx_HAL_Driver/Inc/Legacy -I../../../libraries/Drivers/CMSIS/Device/ST/STM32H5xx/Include -I../../../libraries/Drivers/CMSIS/Include -O0 -ffunction-sections -fdata-sections -Wall -fstack-usage -fcyclomatic-complexity -MMD -MP -MF"libraries/Drivers/STM32H5xx_HAL_Driver/Src/stm32h5xx_hal_pwr_ex.d" -MT"libraries/Drivers/STM32H5xx_HAL_Driver/Src/stm32h5xx_hal_pwr_ex.o" --specs=nano.specs -mfpu=fpv5-sp-d16 -mfloat-abi=hard -mthumb -o "libraries/Drivers/STM32H5xx_HAL_Driver/Src/stm32h5xx_hal_pwr_ex.o"
arm-none-eabi-gcc "F:/CubeIDE/h503_Git/oversea_stm32h503/libraries/Drivers/STM32H5xx_HAL_Driver/Src/stm32h5xx_hal_rcc.c" -mcpu=cortex-m33 -std=gnu11 -g3 -DDEBUG -DUSE_HAL_DRIVER -DSTM32H503xx -c -I../Core/Inc -I../BSP/LED -I../../../libraries/Drivers/STM32H5xx_HAL_Driver/Inc -I../../../libraries/Drivers/STM32H5xx_HAL_Driver/Inc/Legacy -I../../../libraries/Drivers/CMSIS/Device/ST/STM32H5xx/Include -I../../../libraries/Drivers/CMSIS/Include -O0 -ffunction-sections -fdata-sections -Wall -fstack-usage -fcyclomatic-complexity -MMD -MP -MF"libraries/Drivers/STM32H5xx_HAL_Driver/Src/stm32h5xx_hal_rcc.d" -MT"libraries/Drivers/STM32H5xx_HAL_Driver/Src/stm32h5xx_hal_rcc.o" --specs=nano.specs -mfpu=fpv5-sp-d16 -mfloat-abi=hard -mthumb -o "libraries/Drivers/STM32H5xx_HAL_Driver/Src/stm32h5xx_hal_rcc.o"
arm-none-eabi-gcc "F:/CubeIDE/h503_Git/oversea_stm32h503/libraries/Drivers/STM32H5xx_HAL_Driver/Src/stm32h5xx_hal_rcc_ex.c" -mcpu=cortex-m33 -std=gnu11 -g3 -DDEBUG -DUSE_HAL_DRIVER -DSTM32H503xx -c -I../Core/Inc -I../BSP/LED -I../../../libraries/Drivers/STM32H5xx_HAL_Driver/Inc -I../../../libraries/Drivers/STM32H5xx_HAL_Driver/Inc/Legacy -I../../../libraries/Drivers/CMSIS/Device/ST/STM32H5xx/Include -I../../../libraries/Drivers/CMSIS/Include -O0 -ffunction-sections -fdata-sections -Wall -fstack-usage -fcyclomatic-complexity -MMD -MP -MF"libraries/Drivers/STM32H5xx_HAL_Driver/Src/stm32h5xx_hal_rcc_ex.d" -MT"libraries/Drivers/STM32H5xx_HAL_Driver/Src/stm32h5xx_hal_rcc_ex.o" --specs=nano.specs -mfpu=fpv5-sp-d16 -mfloat-abi=hard -mthumb -o "libraries/Drivers/STM32H5xx_HAL_Driver/Src/stm32h5xx_hal_rcc_ex.o"
arm-none-eabi-gcc "F:/CubeIDE/h503_Git/oversea_stm32h503/libraries/Drivers/STM32H5xx_HAL_Driver/Src/stm32h5xx_hal_rng.c" -mcpu=cortex-m33 -std=gnu11 -g3 -DDEBUG -DUSE_HAL_DRIVER -DSTM32H503xx -c -I../Core/Inc -I../BSP/LED -I../../../libraries/Drivers/STM32H5xx_HAL_Driver/Inc -I../../../libraries/Drivers/STM32H5xx_HAL_Driver/Inc/Legacy -I../../../libraries/Drivers/CMSIS/Device/ST/STM32H5xx/Include -I../../../libraries/Drivers/CMSIS/Include -O0 -ffunction-sections -fdata-sections -Wall -fstack-usage -fcyclomatic-complexity -MMD -MP -MF"libraries/Drivers/STM32H5xx_HAL_Driver/Src/stm32h5xx_hal_rng.d" -MT"libraries/Drivers/STM32H5xx_HAL_Driver/Src/stm32h5xx_hal_rng.o" --specs=nano.specs -mfpu=fpv5-sp-d16 -mfloat-abi=hard -mthumb -o "libraries/Drivers/STM32H5xx_HAL_Driver/Src/stm32h5xx_hal_rng.o"
arm-none-eabi-gcc "F:/CubeIDE/h503_Git/oversea_stm32h503/libraries/Drivers/STM32H5xx_HAL_Driver/Src/stm32h5xx_hal_rng_ex.c" -mcpu=cortex-m33 -std=gnu11 -g3 -DDEBUG -DUSE_HAL_DRIVER -DSTM32H503xx -c -I../Core/Inc -I../BSP/LED -I../../../libraries/Drivers/STM32H5xx_HAL_Driver/Inc -I../../../libraries/Drivers/STM32H5xx_HAL_Driver/Inc/Legacy -I../../../libraries/Drivers/CMSIS/Device/ST/STM32H5xx/Include -I../../../libraries/Drivers/CMSIS/Include -O0 -ffunction-sections -fdata-sections -Wall -fstack-usage -fcyclomatic-complexity -MMD -MP -MF"libraries/Drivers/STM32H5xx_HAL_Driver/Src/stm32h5xx_hal_rng_ex.d" -MT"libraries/Drivers/STM32H5xx_HAL_Driver/Src/stm32h5xx_hal_rng_ex.o" --specs=nano.specs -mfpu=fpv5-sp-d16 -mfloat-abi=hard -mthumb -o "libraries/Drivers/STM32H5xx_HAL_Driver/Src/stm32h5xx_hal_rng_ex.o"
arm-none-eabi-gcc "F:/CubeIDE/h503_Git/oversea_stm32h503/libraries/Drivers/STM32H5xx_HAL_Driver/Src/stm32h5xx_hal_rtc.c" -mcpu=cortex-m33 -std=gnu11 -g3 -DDEBUG -DUSE_HAL_DRIVER -DSTM32H503xx -c -I../Core/Inc -I../BSP/LED -I../../../libraries/Drivers/STM32H5xx_HAL_Driver/Inc -I../../../libraries/Drivers/STM32H5xx_HAL_Driver/Inc/Legacy -I../../../libraries/Drivers/CMSIS/Device/ST/STM32H5xx/Include -I../../../libraries/Drivers/CMSIS/Include -O0 -ffunction-sections -fdata-sections -Wall -fstack-usage -fcyclomatic-complexity -MMD -MP -MF"libraries/Drivers/STM32H5xx_HAL_Driver/Src/stm32h5xx_hal_rtc.d" -MT"libraries/Drivers/STM32H5xx_HAL_Driver/Src/stm32h5xx_hal_rtc.o" --specs=nano.specs -mfpu=fpv5-sp-d16 -mfloat-abi=hard -mthumb -o "libraries/Drivers/STM32H5xx_HAL_Driver/Src/stm32h5xx_hal_rtc.o"
arm-none-eabi-gcc "F:/CubeIDE/h503_Git/oversea_stm32h503/libraries/Drivers/STM32H5xx_HAL_Driver/Src/stm32h5xx_hal_rtc_ex.c" -mcpu=cortex-m33 -std=gnu11 -g3 -DDEBUG -DUSE_HAL_DRIVER -DSTM32H503xx -c -I../Core/Inc -I../BSP/LED -I../../../libraries/Drivers/STM32H5xx_HAL_Driver/Inc -I../../../libraries/Drivers/STM32H5xx_HAL_Driver/Inc/Legacy -I../../../libraries/Drivers/CMSIS/Device/ST/STM32H5xx/Include -I../../../libraries/Drivers/CMSIS/Include -O0 -ffunction-sections -fdata-sections -Wall -fstack-usage -fcyclomatic-complexity -MMD -MP -MF"libraries/Drivers/STM32H5xx_HAL_Driver/Src/stm32h5xx_hal_rtc_ex.d" -MT"libraries/Drivers/STM32H5xx_HAL_Driver/Src/stm32h5xx_hal_rtc_ex.o" --specs=nano.specs -mfpu=fpv5-sp-d16 -mfloat-abi=hard -mthumb -o "libraries/Drivers/STM32H5xx_HAL_Driver/Src/stm32h5xx_hal_rtc_ex.o"
arm-none-eabi-gcc "F:/CubeIDE/h503_Git/oversea_stm32h503/libraries/Drivers/STM32H5xx_HAL_Driver/Src/stm32h5xx_hal_spi.c" -mcpu=cortex-m33 -std=gnu11 -g3 -DDEBUG -DUSE_HAL_DRIVER -DSTM32H503xx -c -I../Core/Inc -I../BSP/LED -I../../../libraries/Drivers/STM32H5xx_HAL_Driver/Inc -I../../../libraries/Drivers/STM32H5xx_HAL_Driver/Inc/Legacy -I../../../libraries/Drivers/CMSIS/Device/ST/STM32H5xx/Include -I../../../libraries/Drivers/CMSIS/Include -O0 -ffunction-sections -fdata-sections -Wall -fstack-usage -fcyclomatic-complexity -MMD -MP -MF"libraries/Drivers/STM32H5xx_HAL_Driver/Src/stm32h5xx_hal_spi.d" -MT"libraries/Drivers/STM32H5xx_HAL_Driver/Src/stm32h5xx_hal_spi.o" --specs=nano.specs -mfpu=fpv5-sp-d16 -mfloat-abi=hard -mthumb -o "libraries/Drivers/STM32H5xx_HAL_Driver/Src/stm32h5xx_hal_spi.o"
arm-none-eabi-gcc "F:/CubeIDE/h503_Git/oversea_stm32h503/libraries/Drivers/STM32H5xx_HAL_Driver/Src/stm32h5xx_hal_spi_ex.c" -mcpu=cortex-m33 -std=gnu11 -g3 -DDEBUG -DUSE_HAL_DRIVER -DSTM32H503xx -c -I../Core/Inc -I../BSP/LED -I../../../libraries/Drivers/STM32H5xx_HAL_Driver/Inc -I../../../libraries/Drivers/STM32H5xx_HAL_Driver/Inc/Legacy -I../../../libraries/Drivers/CMSIS/Device/ST/STM32H5xx/Include -I../../../libraries/Drivers/CMSIS/Include -O0 -ffunction-sections -fdata-sections -Wall -fstack-usage -fcyclomatic-complexity -MMD -MP -MF"libraries/Drivers/STM32H5xx_HAL_Driver/Src/stm32h5xx_hal_spi_ex.d" -MT"libraries/Drivers/STM32H5xx_HAL_Driver/Src/stm32h5xx_hal_spi_ex.o" --specs=nano.specs -mfpu=fpv5-sp-d16 -mfloat-abi=hard -mthumb -o "libraries/Drivers/STM32H5xx_HAL_Driver/Src/stm32h5xx_hal_spi_ex.o"
arm-none-eabi-gcc "F:/CubeIDE/h503_Git/oversea_stm32h503/libraries/Drivers/STM32H5xx_HAL_Driver/Src/stm32h5xx_hal_tim.c" -mcpu=cortex-m33 -std=gnu11 -g3 -DDEBUG -DUSE_HAL_DRIVER -DSTM32H503xx -c -I../Core/Inc -I../BSP/LED -I../../../libraries/Drivers/STM32H5xx_HAL_Driver/Inc -I../../../libraries/Drivers/STM32H5xx_HAL_Driver/Inc/Legacy -I../../../libraries/Drivers/CMSIS/Device/ST/STM32H5xx/Include -I../../../libraries/Drivers/CMSIS/Include -O0 -ffunction-sections -fdata-sections -Wall -fstack-usage -fcyclomatic-complexity -MMD -MP -MF"libraries/Drivers/STM32H5xx_HAL_Driver/Src/stm32h5xx_hal_tim.d" -MT"libraries/Drivers/STM32H5xx_HAL_Driver/Src/stm32h5xx_hal_tim.o" --specs=nano.specs -mfpu=fpv5-sp-d16 -mfloat-abi=hard -mthumb -o "libraries/Drivers/STM32H5xx_HAL_Driver/Src/stm32h5xx_hal_tim.o"
arm-none-eabi-gcc "F:/CubeIDE/h503_Git/oversea_stm32h503/libraries/Drivers/STM32H5xx_HAL_Driver/Src/stm32h5xx_hal_tim_ex.c" -mcpu=cortex-m33 -std=gnu11 -g3 -DDEBUG -DUSE_HAL_DRIVER -DSTM32H503xx -c -I../Core/Inc -I../BSP/LED -I../../../libraries/Drivers/STM32H5xx_HAL_Driver/Inc -I../../../libraries/Drivers/STM32H5xx_HAL_Driver/Inc/Legacy -I../../../libraries/Drivers/CMSIS/Device/ST/STM32H5xx/Include -I../../../libraries/Drivers/CMSIS/Include -O0 -ffunction-sections -fdata-sections -Wall -fstack-usage -fcyclomatic-complexity -MMD -MP -MF"libraries/Drivers/STM32H5xx_HAL_Driver/Src/stm32h5xx_hal_tim_ex.d" -MT"libraries/Drivers/STM32H5xx_HAL_Driver/Src/stm32h5xx_hal_tim_ex.o" --specs=nano.specs -mfpu=fpv5-sp-d16 -mfloat-abi=hard -mthumb -o "libraries/Drivers/STM32H5xx_HAL_Driver/Src/stm32h5xx_hal_tim_ex.o"
arm-none-eabi-gcc "F:/CubeIDE/h503_Git/oversea_stm32h503/libraries/Drivers/STM32H5xx_HAL_Driver/Src/stm32h5xx_hal_uart.c" -mcpu=cortex-m33 -std=gnu11 -g3 -DDEBUG -DUSE_HAL_DRIVER -DSTM32H503xx -c -I../Core/Inc -I../BSP/LED -I../../../libraries/Drivers/STM32H5xx_HAL_Driver/Inc -I../../../libraries/Drivers/STM32H5xx_HAL_Driver/Inc/Legacy -I../../../libraries/Drivers/CMSIS/Device/ST/STM32H5xx/Include -I../../../libraries/Drivers/CMSIS/Include -O0 -ffunction-sections -fdata-sections -Wall -fstack-usage -fcyclomatic-complexity -MMD -MP -MF"libraries/Drivers/STM32H5xx_HAL_Driver/Src/stm32h5xx_hal_uart.d" -MT"libraries/Drivers/STM32H5xx_HAL_Driver/Src/stm32h5xx_hal_uart.o" --specs=nano.specs -mfpu=fpv5-sp-d16 -mfloat-abi=hard -mthumb -o "libraries/Drivers/STM32H5xx_HAL_Driver/Src/stm32h5xx_hal_uart.o"
arm-none-eabi-gcc "F:/CubeIDE/h503_Git/oversea_stm32h503/libraries/Drivers/STM32H5xx_HAL_Driver/Src/stm32h5xx_hal_uart_ex.c" -mcpu=cortex-m33 -std=gnu11 -g3 -DDEBUG -DUSE_HAL_DRIVER -DSTM32H503xx -c -I../Core/Inc -I../BSP/LED -I../../../libraries/Drivers/STM32H5xx_HAL_Driver/Inc -I../../../libraries/Drivers/STM32H5xx_HAL_Driver/Inc/Legacy -I../../../libraries/Drivers/CMSIS/Device/ST/STM32H5xx/Include -I../../../libraries/Drivers/CMSIS/Include -O0 -ffunction-sections -fdata-sections -Wall -fstack-usage -fcyclomatic-complexity -MMD -MP -MF"libraries/Drivers/STM32H5xx_HAL_Driver/Src/stm32h5xx_hal_uart_ex.d" -MT"libraries/Drivers/STM32H5xx_HAL_Driver/Src/stm32h5xx_hal_uart_ex.o" --specs=nano.specs -mfpu=fpv5-sp-d16 -mfloat-abi=hard -mthumb -o "libraries/Drivers/STM32H5xx_HAL_Driver/Src/stm32h5xx_hal_uart_ex.o"
arm-none-eabi-gcc "F:/CubeIDE/h503_Git/oversea_stm32h503/libraries/Drivers/STM32H5xx_HAL_Driver/Src/stm32h5xx_hal_wwdg.c" -mcpu=cortex-m33 -std=gnu11 -g3 -DDEBUG -DUSE_HAL_DRIVER -DSTM32H503xx -c -I../Core/Inc -I../BSP/LED -I../../../libraries/Drivers/STM32H5xx_HAL_Driver/Inc -I../../../libraries/Drivers/STM32H5xx_HAL_Driver/Inc/Legacy -I../../../libraries/Drivers/CMSIS/Device/ST/STM32H5xx/Include -I../../../libraries/Drivers/CMSIS/Include -O0 -ffunction-sections -fdata-sections -Wall -fstack-usage -fcyclomatic-complexity -MMD -MP -MF"libraries/Drivers/STM32H5xx_HAL_Driver/Src/stm32h5xx_hal_wwdg.d" -MT"libraries/Drivers/STM32H5xx_HAL_Driver/Src/stm32h5xx_hal_wwdg.o" --specs=nano.specs -mfpu=fpv5-sp-d16 -mfloat-abi=hard -mthumb -o "libraries/Drivers/STM32H5xx_HAL_Driver/Src/stm32h5xx_hal_wwdg.o"
arm-none-eabi-gcc "F:/CubeIDE/h503_Git/oversea_stm32h503/libraries/Drivers/STM32H5xx_HAL_Driver/Src/stm32h5xx_ll_usb.c" -mcpu=cortex-m33 -std=gnu11 -g3 -DDEBUG -DUSE_HAL_DRIVER -DSTM32H503xx -c -I../Core/Inc -I../BSP/LED -I../../../libraries/Drivers/STM32H5xx_HAL_Driver/Inc -I../../../libraries/Drivers/STM32H5xx_HAL_Driver/Inc/Legacy -I../../../libraries/Drivers/CMSIS/Device/ST/STM32H5xx/Include -I../../../libraries/Drivers/CMSIS/Include -O0 -ffunction-sections -fdata-sections -Wall -fstack-usage -fcyclomatic-complexity -MMD -MP -MF"libraries/Drivers/STM32H5xx_HAL_Driver/Src/stm32h5xx_ll_usb.d" -MT"libraries/Drivers/STM32H5xx_HAL_Driver/Src/stm32h5xx_ll_usb.o" --specs=nano.specs -mfpu=fpv5-sp-d16 -mfloat-abi=hard -mthumb -o "libraries/Drivers/STM32H5xx_HAL_Driver/Src/stm32h5xx_ll_usb.o"
arm-none-eabi-gcc -mcpu=cortex-m33 -g3 -DDEBUG -c -x assembler-with-cpp -MMD -MP -MF"Core/Startup/startup_stm32h503cbtx.d" -MT"Core/Startup/startup_stm32h503cbtx.o" --specs=nano.specs -mfpu=fpv5-sp-d16 -mfloat-abi=hard -mthumb -o "Core/Startup/startup_stm32h503cbtx.o" "../Core/Startup/startup_stm32h503cbtx.s"
arm-none-eabi-gcc "../Core/Src/gpio.c" -mcpu=cortex-m33 -std=gnu11 -g3 -DDEBUG -DUSE_HAL_DRIVER -DSTM32H503xx -c -I../Core/Inc -I../BSP/LED -I../../../libraries/Drivers/STM32H5xx_HAL_Driver/Inc -I../../../libraries/Drivers/STM32H5xx_HAL_Driver/Inc/Legacy -I../../../libraries/Drivers/CMSIS/Device/ST/STM32H5xx/Include -I../../../libraries/Drivers/CMSIS/Include -O0 -ffunction-sections -fdata-sections -Wall -fstack-usage -fcyclomatic-complexity -MMD -MP -MF"Core/Src/gpio.d" -MT"Core/Src/gpio.o" --specs=nano.specs -mfpu=fpv5-sp-d16 -mfloat-abi=hard -mthumb -o "Core/Src/gpio.o"
arm-none-eabi-gcc "../Core/Src/icache.c" -mcpu=cortex-m33 -std=gnu11 -g3 -DDEBUG -DUSE_HAL_DRIVER -DSTM32H503xx -c -I../Core/Inc -I../BSP/LED -I../../../libraries/Drivers/STM32H5xx_HAL_Driver/Inc -I../../../libraries/Drivers/STM32H5xx_HAL_Driver/Inc/Legacy -I../../../libraries/Drivers/CMSIS/Device/ST/STM32H5xx/Include -I../../../libraries/Drivers/CMSIS/Include -O0 -ffunction-sections -fdata-sections -Wall -fstack-usage -fcyclomatic-complexity -MMD -MP -MF"Core/Src/icache.d" -MT"Core/Src/icache.o" --specs=nano.specs -mfpu=fpv5-sp-d16 -mfloat-abi=hard -mthumb -o "Core/Src/icache.o"
arm-none-eabi-gcc "../Core/Src/main.c" -mcpu=cortex-m33 -std=gnu11 -g3 -DDEBUG -DUSE_HAL_DRIVER -DSTM32H503xx -c -I../Core/Inc -I../BSP/LED -I../../../libraries/Drivers/STM32H5xx_HAL_Driver/Inc -I../../../libraries/Drivers/STM32H5xx_HAL_Driver/Inc/Legacy -I../../../libraries/Drivers/CMSIS/Device/ST/STM32H5xx/Include -I../../../libraries/Drivers/CMSIS/Include -O0 -ffunction-sections -fdata-sections -Wall -fstack-usage -fcyclomatic-complexity -MMD -MP -MF"Core/Src/main.d" -MT"Core/Src/main.o" --specs=nano.specs -mfpu=fpv5-sp-d16 -mfloat-abi=hard -mthumb -o "Core/Src/main.o"
arm-none-eabi-gcc "../Core/Src/memorymap.c" -mcpu=cortex-m33 -std=gnu11 -g3 -DDEBUG -DUSE_HAL_DRIVER -DSTM32H503xx -c -I../Core/Inc -I../BSP/LED -I../../../libraries/Drivers/STM32H5xx_HAL_Driver/Inc -I../../../libraries/Drivers/STM32H5xx_HAL_Driver/Inc/Legacy -I../../../libraries/Drivers/CMSIS/Device/ST/STM32H5xx/Include -I../../../libraries/Drivers/CMSIS/Include -O0 -ffunction-sections -fdata-sections -Wall -fstack-usage -fcyclomatic-complexity -MMD -MP -MF"Core/Src/memorymap.d" -MT"Core/Src/memorymap.o" --specs=nano.specs -mfpu=fpv5-sp-d16 -mfloat-abi=hard -mthumb -o "Core/Src/memorymap.o"
arm-none-eabi-gcc "../Core/Src/stm32h5xx_hal_msp.c" -mcpu=cortex-m33 -std=gnu11 -g3 -DDEBUG -DUSE_HAL_DRIVER -DSTM32H503xx -c -I../Core/Inc -I../BSP/LED -I../../../libraries/Drivers/STM32H5xx_HAL_Driver/Inc -I../../../libraries/Drivers/STM32H5xx_HAL_Driver/Inc/Legacy -I../../../libraries/Drivers/CMSIS/Device/ST/STM32H5xx/Include -I../../../libraries/Drivers/CMSIS/Include -O0 -ffunction-sections -fdata-sections -Wall -fstack-usage -fcyclomatic-complexity -MMD -MP -MF"Core/Src/stm32h5xx_hal_msp.d" -MT"Core/Src/stm32h5xx_hal_msp.o" --specs=nano.specs -mfpu=fpv5-sp-d16 -mfloat-abi=hard -mthumb -o "Core/Src/stm32h5xx_hal_msp.o"
arm-none-eabi-gcc "../Core/Src/stm32h5xx_it.c" -mcpu=cortex-m33 -std=gnu11 -g3 -DDEBUG -DUSE_HAL_DRIVER -DSTM32H503xx -c -I../Core/Inc -I../BSP/LED -I../../../libraries/Drivers/STM32H5xx_HAL_Driver/Inc -I../../../libraries/Drivers/STM32H5xx_HAL_Driver/Inc/Legacy -I../../../libraries/Drivers/CMSIS/Device/ST/STM32H5xx/Include -I../../../libraries/Drivers/CMSIS/Include -O0 -ffunction-sections -fdata-sections -Wall -fstack-usage -fcyclomatic-complexity -MMD -MP -MF"Core/Src/stm32h5xx_it.d" -MT"Core/Src/stm32h5xx_it.o" --specs=nano.specs -mfpu=fpv5-sp-d16 -mfloat-abi=hard -mthumb -o "Core/Src/stm32h5xx_it.o"
arm-none-eabi-gcc "../Core/Src/syscalls.c" -mcpu=cortex-m33 -std=gnu11 -g3 -DDEBUG -DUSE_HAL_DRIVER -DSTM32H503xx -c -I../Core/Inc -I../BSP/LED -I../../../libraries/Drivers/STM32H5xx_HAL_Driver/Inc -I../../../libraries/Drivers/STM32H5xx_HAL_Driver/Inc/Legacy -I../../../libraries/Drivers/CMSIS/Device/ST/STM32H5xx/Include -I../../../libraries/Drivers/CMSIS/Include -O0 -ffunction-sections -fdata-sections -Wall -fstack-usage -fcyclomatic-complexity -MMD -MP -MF"Core/Src/syscalls.d" -MT"Core/Src/syscalls.o" --specs=nano.specs -mfpu=fpv5-sp-d16 -mfloat-abi=hard -mthumb -o "Core/Src/syscalls.o"
arm-none-eabi-gcc "../Core/Src/sysmem.c" -mcpu=cortex-m33 -std=gnu11 -g3 -DDEBUG -DUSE_HAL_DRIVER -DSTM32H503xx -c -I../Core/Inc -I../BSP/LED -I../../../libraries/Drivers/STM32H5xx_HAL_Driver/Inc -I../../../libraries/Drivers/STM32H5xx_HAL_Driver/Inc/Legacy -I../../../libraries/Drivers/CMSIS/Device/ST/STM32H5xx/Include -I../../../libraries/Drivers/CMSIS/Include -O0 -ffunction-sections -fdata-sections -Wall -fstack-usage -fcyclomatic-complexity -MMD -MP -MF"Core/Src/sysmem.d" -MT"Core/Src/sysmem.o" --specs=nano.specs -mfpu=fpv5-sp-d16 -mfloat-abi=hard -mthumb -o "Core/Src/sysmem.o"
arm-none-eabi-gcc "../Core/Src/system_stm32h5xx.c" -mcpu=cortex-m33 -std=gnu11 -g3 -DDEBUG -DUSE_HAL_DRIVER -DSTM32H503xx -c -I../Core/Inc -I../BSP/LED -I../../../libraries/Drivers/STM32H5xx_HAL_Driver/Inc -I../../../libraries/Drivers/STM32H5xx_HAL_Driver/Inc/Legacy -I../../../libraries/Drivers/CMSIS/Device/ST/STM32H5xx/Include -I../../../libraries/Drivers/CMSIS/Include -O0 -ffunction-sections -fdata-sections -Wall -fstack-usage -fcyclomatic-complexity -MMD -MP -MF"Core/Src/system_stm32h5xx.d" -MT"Core/Src/system_stm32h5xx.o" --specs=nano.specs -mfpu=fpv5-sp-d16 -mfloat-abi=hard -mthumb -o "Core/Src/system_stm32h5xx.o"
arm-none-eabi-gcc "../BSP/LED/led.c" -mcpu=cortex-m33 -std=gnu11 -g3 -DDEBUG -DUSE_HAL_DRIVER -DSTM32H503xx -c -I../Core/Inc -I../BSP/LED -I../../../libraries/Drivers/STM32H5xx_HAL_Driver/Inc -I../../../libraries/Drivers/STM32H5xx_HAL_Driver/Inc/Legacy -I../../../libraries/Drivers/CMSIS/Device/ST/STM32H5xx/Include -I../../../libraries/Drivers/CMSIS/Include -O0 -ffunction-sections -fdata-sections -Wall -fstack-usage -fcyclomatic-complexity -MMD -MP -MF"BSP/LED/led.d" -MT"BSP/LED/led.o" --specs=nano.specs -mfpu=fpv5-sp-d16 -mfloat-abi=hard -mthumb -o "BSP/LED/led.o"
arm-none-eabi-gcc "../.metadata/.plugins/org.eclipse.cdt.make.core/specs.c" -mcpu=cortex-m33 -std=gnu11 -g3 -DDEBUG -DUSE_HAL_DRIVER -DSTM32H503xx -c -I../Core/Inc -I../BSP/LED -I../../../libraries/Drivers/STM32H5xx_HAL_Driver/Inc -I../../../libraries/Drivers/STM32H5xx_HAL_Driver/Inc/Legacy -I../../../libraries/Drivers/CMSIS/Device/ST/STM32H5xx/Include -I../../../libraries/Drivers/CMSIS/Include -O0 -ffunction-sections -fdata-sections -Wall -fstack-usage -fcyclomatic-complexity -MMD -MP -MF".metadata/.plugins/org.eclipse.cdt.make.core/specs.d" -MT".metadata/.plugins/org.eclipse.cdt.make.core/specs.o" --specs=nano.specs -mfpu=fpv5-sp-d16 -mfloat-abi=hard -mthumb -o ".metadata/.plugins/org.eclipse.cdt.make.core/specs.o"
arm-none-eabi-gcc -o "01_LED.elf" @"objects.list"   -mcpu=cortex-m33 -T"F:\CubeIDE\h503_Git\oversea_stm32h503\examples\01_LED\STM32H503CBTX_FLASH.ld" --specs=nosys.specs -Wl,-Map="01_LED.map" -Wl,--gc-sections -static --specs=nano.specs -mfpu=fpv5-sp-d16 -mfloat-abi=hard -mthumb -Wl,--start-group -lc -lm -Wl,--end-group
Finished building target: 01_LED.elf
 
arm-none-eabi-size  01_LED.elf 
arm-none-eabi-objdump -h -S 01_LED.elf  > "01_LED.list"
arm-none-eabi-objcopy  -O ihex 01_LED.elf  "01_LED.hex"
arm-none-eabi-objcopy  -O binary 01_LED.elf  "01_LED.bin"
   text	   data	    bss	    dec	    hex	filename
   6908	     20	   1572	   8500	   2134	01_LED.elf
Finished building: default.size.stdout
 
Finished building: 01_LED.bin
Finished building: 01_LED.list
Finished building: 01_LED.hex
 
 
 
